
79. Printing statistics.

=== tt_um_tqv_peripheral_harness ===

   Number of wires:                292
   Number of wire bits:            327
   Number of public wires:          70
   Number of public wire bits:     105
   Number of memories:               0
   Number of memory bits:            0
   Number of processes:              0
   Number of cells:                308
     sky130_fd_sc_hd__a211o_2        1
     sky130_fd_sc_hd__a211oi_2       1
     sky130_fd_sc_hd__a21boi_2       1
     sky130_fd_sc_hd__a21o_2        11
     sky130_fd_sc_hd__a21oi_2        9
     sky130_fd_sc_hd__a221o_2        1
     sky130_fd_sc_hd__a221oi_2       1
     sky130_fd_sc_hd__a22o_2         1
     sky130_fd_sc_hd__a31o_2         4
     sky130_fd_sc_hd__a31oi_2        1
     sky130_fd_sc_hd__a32o_2        12
     sky130_fd_sc_hd__a41o_2         1
     sky130_fd_sc_hd__and2_2         4
     sky130_fd_sc_hd__and2b_2        1
     sky130_fd_sc_hd__and3_2        12
     sky130_fd_sc_hd__and3b_2        6
     sky130_fd_sc_hd__and4_2         3
     sky130_fd_sc_hd__and4b_2        1
     sky130_fd_sc_hd__and4bb_2       2
     sky130_fd_sc_hd__buf_1         31
     sky130_fd_sc_hd__buf_2          4
     sky130_fd_sc_hd__conb_1        20
     sky130_fd_sc_hd__dfrtp_2       23
     sky130_fd_sc_hd__dfxtp_2       38
     sky130_fd_sc_hd__inv_2         15
     sky130_fd_sc_hd__mux2_2        22
     sky130_fd_sc_hd__nand2_2        9
     sky130_fd_sc_hd__nor2_2         5
     sky130_fd_sc_hd__nor2b_2        1
     sky130_fd_sc_hd__nor3_2         1
     sky130_fd_sc_hd__nor4_2         1
     sky130_fd_sc_hd__nor4b_2        1
     sky130_fd_sc_hd__o2111ai_2      1
     sky130_fd_sc_hd__o211a_2        7
     sky130_fd_sc_hd__o21a_2         3
     sky130_fd_sc_hd__o21ai_2        1
     sky130_fd_sc_hd__o21ba_2        1
     sky130_fd_sc_hd__o22a_2         1
     sky130_fd_sc_hd__o31a_2         2
     sky130_fd_sc_hd__o31ai_2        1
     sky130_fd_sc_hd__or2_2         26
     sky130_fd_sc_hd__or2b_2         8
     sky130_fd_sc_hd__or3_2          3
     sky130_fd_sc_hd__or3b_2         3
     sky130_fd_sc_hd__or4_2          2
     sky130_fd_sc_hd__or4b_2         3
     sky130_fd_sc_hd__xnor2_2        2

   Chip area for module '\tt_um_tqv_peripheral_harness': 3290.656000

