
===========================================================================
report_checks -unconstrained
===========================================================================
======================= Typical Corner ===================================

Startpoint: _464_ (rising edge-triggered flip-flop clocked by clk')
Endpoint: _445_ (recovery check against rising-edge clock clk)
Path Group: asynchronous
Path Type: max

Fanout     Cap    Slew   Delay    Time   Description
-----------------------------------------------------------------------------
                  0.15   10.00   10.00   clock clk' (rise edge)
                          0.00   10.00   clock network delay (ideal)
                  0.15    0.00   10.00 ^ _464_/CLK (sky130_fd_sc_hd__dfxtp_2)
    26    0.09    0.47    0.69   10.69 ^ _464_/Q (sky130_fd_sc_hd__dfxtp_2)
                                         i_spi_reg.falling_edge_detector_sof.rstb (net)
                  0.47    0.00   10.69 ^ _445_/RESET_B (sky130_fd_sc_hd__dfrtp_2)
                                 10.69   data arrival time

                  0.15   20.00   20.00   clock clk (rise edge)
                          0.00   20.00   clock network delay (ideal)
                         -0.25   19.75   clock uncertainty
                          0.00   19.75   clock reconvergence pessimism
                                 19.75 ^ _445_/CLK (sky130_fd_sc_hd__dfrtp_2)
                          0.13   19.88   library recovery time
                                 19.88   data required time
-----------------------------------------------------------------------------
                                 19.88   data required time
                                -10.69   data arrival time
-----------------------------------------------------------------------------
                                  9.18   slack (MET)


Startpoint: rst_n (input port clocked by clk)
Endpoint: _464_ (rising edge-triggered flip-flop clocked by clk')
Path Group: clk
Path Type: max

Fanout     Cap    Slew   Delay    Time   Description
-----------------------------------------------------------------------------
                  0.15    0.00    0.00   clock clk (rise edge)
                          0.00    0.00   clock network delay (ideal)
                          4.00    4.00 v input external delay
     1    0.00    0.01    0.00    4.00 v rst_n (in)
                                         rst_n (net)
                  0.01    0.00    4.00 v _464_/D (sky130_fd_sc_hd__dfxtp_2)
                                  4.00   data arrival time

                  0.15   10.00   10.00   clock clk' (rise edge)
                          0.00   10.00   clock network delay (ideal)
                         -0.25    9.75   clock uncertainty
                          0.00    9.75   clock reconvergence pessimism
                                  9.75 ^ _464_/CLK (sky130_fd_sc_hd__dfxtp_2)
                         -0.07    9.68   library setup time
                                  9.68   data required time
-----------------------------------------------------------------------------
                                  9.68   data required time
                                 -4.00   data arrival time
-----------------------------------------------------------------------------
                                  5.68   slack (MET)




===========================================================================
report_checks --slack_max -0.01
============================================================================
======================= Typical Corner ===================================

No paths found.


===========================================================================
 report_check_types -max_slew -max_cap -max_fanout -violators
============================================================================
======================= Typical Corner ===================================

max fanout

Pin                                   Limit Fanout  Slack
---------------------------------------------------------
_464_/Q                                  10     26    -16 (VIOLATED)


max slew violations count Typical: 0
max fanout violations count Typical: 1
max cap violations count Typical: 0

===========================================================================
report_parasitic_annotation -report_unannotated
============================================================================
Found 347 unannotated drivers.
 clk
 ena
 rst_n
 ui_in[0]
 ui_in[1]
 ui_in[2]
 ui_in[3]
 ui_in[4]
 ui_in[5]
 ui_in[6]
 ui_in[7]
 uio_in[0]
 uio_in[1]
 uio_in[2]
 uio_in[3]
 uio_in[4]
 uio_in[5]
 uio_in[6]
 uio_in[7]
 _222_/Y
 _223_/Y
 _224_/Y
 _225_/X
 _226_/X
 _227_/Y
 _228_/X
 _229_/X
 _230_/X
 _231_/X
 _232_/X
 _233_/X
 _234_/X
 _235_/X
 _236_/X
 _237_/X
 _238_/X
 _239_/X
 _240_/X
 _241_/X
 _242_/Y
 _243_/X
 _244_/Y
 _245_/X
 _246_/X
 _247_/X
 _248_/Y
 _249_/Y
 _250_/X
 _251_/Y
 _252_/Y
 _253_/X
 _254_/X
 _255_/X
 _256_/X
 _257_/X
 _258_/X
 _259_/Y
 _260_/Y
 _261_/X
 _262_/X
 _263_/X
 _264_/X
 _265_/X
 _266_/X
 _267_/X
 _268_/X
 _269_/X
 _270_/X
 _271_/X
 _272_/X
 _273_/X
 _274_/X
 _275_/X
 _276_/X
 _277_/X
 _278_/X
 _279_/X
 _280_/X
 _281_/X
 _282_/X
 _283_/X
 _284_/X
 _285_/X
 _286_/X
 _287_/X
 _288_/X
 _289_/X
 _290_/X
 _291_/X
 _292_/X
 _293_/X
 _294_/Y
 _295_/Y
 _296_/Y
 _297_/X
 _298_/X
 _299_/X
 _300_/X
 _301_/X
 _302_/X
 _303_/X
 _304_/X
 _305_/Y
 _306_/X
 _307_/X
 _308_/Y
 _309_/X
 _310_/X
 _311_/X
 _312_/X
 _313_/X
 _314_/X
 _315_/X
 _316_/Y
 _317_/X
 _318_/Y
 _319_/Y
 _320_/X
 _321_/X
 _322_/X
 _323_/Y
 _324_/Y
 _325_/X
 _326_/X
 _327_/Y
 _328_/X
 _329_/X
 _330_/X
 _331_/Y
 _332_/X
 _333_/X
 _334_/X
 _335_/Y
 _336_/X
 _337_/X
 _338_/X
 _339_/Y
 _340_/Y
 _341_/X
 _342_/Y
 _343_/Y
 _344_/X
 _345_/Y
 _346_/Y
 _347_/Y
 _348_/X
 _349_/Y
 _350_/Y
 _351_/X
 _352_/Y
 _353_/Y
 _354_/X
 _355_/Y
 _356_/X
 _357_/X
 _358_/X
 _359_/X
 _360_/X
 _361_/X
 _362_/X
 _363_/Y
 _364_/X
 _365_/X
 _366_/X
 _367_/X
 _368_/Y
 _369_/X
 _370_/X
 _371_/X
 _372_/X
 _373_/X
 _374_/X
 _375_/X
 _376_/X
 _377_/X
 _378_/X
 _379_/X
 _380_/Y
 _381_/X
 _382_/X
 _383_/Y
 _384_/Y
 _385_/Y
 _386_/X
 _387_/X
 _388_/X
 _389_/X
 _390_/X
 _391_/X
 _392_/X
 _393_/X
 _394_/X
 _395_/X
 _396_/X
 _397_/X
 _398_/X
 _399_/X
 _400_/X
 _401_/X
 _402_/Y
 _403_/X
 _404_/Y
 _405_/X
 _406_/Y
 _407_/Y
 _408_/Y
 _409_/X
 _410_/X
 _411_/X
 _412_/Y
 _413_/X
 _414_/X
 _415_/X
 _416_/X
 _417_/X
 _418_/X
 _419_/Y
 _420_/X
 _421_/X
 _422_/Y
 _423_/X
 _424_/X
 _425_/X
 _426_/X
 _427_/X
 _428_/X
 _429_/X
 _430_/X
 _431_/X
 _432_/X
 _433_/X
 _434_/X
 _435_/X
 _436_/X
 _437_/X
 _438_/X
 _439_/X
 _440_/X
 _441_/X
 _442_/X
 _443_/X
 _444_/X
 _445_/Q
 _446_/Q
 _447_/Q
 _448_/Q
 _449_/Q
 _450_/Q
 _451_/Q
 _452_/Q
 _453_/Q
 _454_/Q
 _455_/Q
 _456_/Q
 _457_/Q
 _458_/Q
 _459_/Q
 _460_/Q
 _461_/Q
 _462_/Q
 _463_/Q
 _464_/Q
 _465_/Q
 _466_/Q
 _467_/Q
 _468_/Q
 _469_/Q
 _470_/Q
 _471_/Q
 _472_/Q
 _473_/Q
 _474_/Q
 _475_/Q
 _476_/Q
 _477_/Q
 _478_/Q
 _479_/Q
 _480_/Q
 _481_/Q
 _482_/Q
 _483_/Q
 _484_/Q
 _485_/Q
 _486_/Q
 _487_/Q
 _488_/Q
 _489_/Q
 _490_/Q
 _491_/Q
 _492_/Q
 _493_/Q
 _494_/Q
 _495_/Q
 _496_/Q
 _497_/Q
 _498_/Q
 _499_/Q
 _500_/Q
 _501_/Q
 _502_/Q
 _503_/Q
 _504_/Q
 _505_/Q
 _506_/HI
 _506_/LO
 _507_/HI
 _507_/LO
 _508_/HI
 _508_/LO
 _509_/HI
 _509_/LO
 _510_/HI
 _510_/LO
 _511_/HI
 _511_/LO
 _512_/HI
 _512_/LO
 _513_/HI
 _513_/LO
 _514_/HI
 _514_/LO
 _515_/HI
 _515_/LO
 _516_/HI
 _516_/LO
 _517_/HI
 _517_/LO
 _518_/HI
 _518_/LO
 _519_/HI
 _519_/LO
 _520_/HI
 _520_/LO
 _521_/HI
 _521_/LO
 _522_/HI
 _522_/LO
 _523_/HI
 _523_/LO
 _524_/HI
 _524_/LO
 _525_/HI
 _525_/LO
 _526_/X
 _527_/X
 _528_/X
 _529_/X
Found 0 partially unannotated drivers.

===========================================================================
max slew violation count 0
max fanout violation count 1
max cap violation count 0
============================================================================

===========================================================================
check_setup -verbose -unconstrained_endpoints -multiple_clock -no_clock -no_input_delay -loops -generated_clocks
===========================================================================
Warning: There are 20 unconstrained endpoints.
  uio_oe[0]
  uio_oe[1]
  uio_oe[2]
  uio_oe[3]
  uio_oe[4]
  uio_oe[5]
  uio_oe[6]
  uio_oe[7]
  uio_out[0]
  uio_out[1]
  uio_out[2]
  uio_out[4]
  uio_out[5]
  uio_out[6]
  uio_out[7]
  uo_out[3]
  uo_out[4]
  uo_out[5]
  uo_out[6]
  uo_out[7]
