Clock: clk
Sources: clk 
Generated: no
Virtual: yes
Propagated: no
Period: 17.500000

===========================================================================
report_clock_properties
============================================================================
Clock                   Period          Waveform
----------------------------------------------------
clk                  17.500000    0.000000  8.750000

===========================================================================
report_clock_latency
============================================================================
Clock clk
rise -> rise
    min     max
0.000000 0.000000 source latency
0.380650         network latency _09806_/CLK
        0.575293 network latency _10682_/CLK
---------------
0.380650 0.575293 latency
        0.194643 skew

rise -> fall
    min     max
0.000000 0.000000 source latency
0.550379         network latency _09892_/CLK
        0.550379 network latency _09892_/CLK
---------------
0.550379 0.550379 latency
        0.000000 skew

fall -> rise
    min     max
0.000000 0.000000 source latency
0.529348         network latency _09892_/CLK
        0.529348 network latency _09892_/CLK
---------------
0.529348 0.529348 latency
        0.000000 skew

fall -> fall
    min     max
0.000000 0.000000 source latency
0.344558         network latency _09806_/CLK
        0.522394 network latency _10682_/CLK
---------------
0.344558 0.522394 latency
        0.177836 skew



===========================================================================
report_clock_min_period
============================================================================
clk period_min = 5.56 fmax = 179.72
