Clock: clk
Sources: clk 
Generated: no
Virtual: yes
Propagated: no
Period: 17.500000

===========================================================================
report_clock_properties
============================================================================
Clock                   Period          Waveform
----------------------------------------------------
clk                  17.500000    0.000000  8.750000

===========================================================================
report_clock_latency
============================================================================
Clock clk
rise -> rise
    min     max
0.000000 0.000000 source latency
0.871810         network latency _09806_/CLK
        1.368366 network latency _10682_/CLK
---------------
0.871810 1.368366 latency
        0.496556 skew

rise -> fall
    min     max
0.000000 0.000000 source latency
1.389303         network latency _09892_/CLK
        1.389303 network latency _09892_/CLK
---------------
1.389303 1.389303 latency
        0.000000 skew

fall -> rise
    min     max
0.000000 0.000000 source latency
1.286327         network latency _09892_/CLK
        1.286327 network latency _09892_/CLK
---------------
1.286327 1.286327 latency
        0.000000 skew

fall -> fall
    min     max
0.000000 0.000000 source latency
0.815473         network latency _09806_/CLK
        1.250480 network latency _10682_/CLK
---------------
0.815473 1.250480 latency
        0.435007 skew



===========================================================================
report_clock_min_period
============================================================================
clk period_min = 16.98 fmax = 58.91
