
===========================================================================
report_checks -unconstrained
===========================================================================
======================= min_ff_n40C_1v95 Corner ===================================

Startpoint: _09892_ (rising edge-triggered flip-flop clocked by clk')
Endpoint: _10283_ (recovery check against rising-edge clock clk)
Path Group: asynchronous
Path Type: max

Fanout         Cap        Slew       Delay        Time   Description
---------------------------------------------------------------------------------------------
                                  8.750000    8.750000   clock clk' (rise edge)
                                  0.000000    8.750000   clock source latency
     2    0.080068    0.000000    0.000000    8.750000 v clk (in)
                                                         clk (net)
                      0.011515    0.005757    8.755757 v clkbuf_0_clk/A (sky130_fd_sc_hd__clkbuf_16)
     9    0.124695    0.068724    0.133291    8.889048 v clkbuf_0_clk/X (sky130_fd_sc_hd__clkbuf_16)
                                                         clknet_0_clk (net)
                      0.068831    0.001636    8.890684 v clkbuf_2_3__f_clk/A (sky130_fd_sc_hd__clkbuf_16)
    31    0.187753    0.095191    0.175046    9.065730 v clkbuf_2_3__f_clk/X (sky130_fd_sc_hd__clkbuf_16)
                                                         clknet_2_3__leaf_clk (net)
                      0.095595    0.004966    9.070696 v clkbuf_leaf_25_clk/A (sky130_fd_sc_hd__clkbuf_8)
    10    0.058795    0.054353    0.149434    9.220130 v clkbuf_leaf_25_clk/X (sky130_fd_sc_hd__clkbuf_8)
                                                         clknet_leaf_25_clk (net)
                      0.054363    0.000740    9.220870 v _04850__1/A (sky130_fd_sc_hd__inv_2)
     1    0.002280    0.020462    0.033734    9.254603 ^ _04850__1/Y (sky130_fd_sc_hd__inv_2)
                                                         net776 (net)
                      0.020462    0.000020    9.254623 ^ _09892_/CLK (sky130_fd_sc_hd__dfxtp_1)
     1    0.005744    0.048432    0.195522    9.450145 ^ _09892_/Q (sky130_fd_sc_hd__dfxtp_1)
                                                         i_spi_reg.falling_edge_detector_sof.rstb (net)
                      0.048432    0.000137    9.450282 ^ fanout462/A (sky130_fd_sc_hd__buf_2)
    11    0.053780    0.197845    0.190298    9.640579 ^ fanout462/X (sky130_fd_sc_hd__buf_2)
                                                         net462 (net)
                      0.197846    0.000387    9.640966 ^ fanout460/A (sky130_fd_sc_hd__buf_2)
    10    0.039574    0.147095    0.180322    9.821289 ^ fanout460/X (sky130_fd_sc_hd__buf_2)
                                                         net460 (net)
                      0.147156    0.001216    9.822505 ^ fanout459/A (sky130_fd_sc_hd__clkbuf_2)
    10    0.036005    0.152268    0.174690    9.997194 ^ fanout459/X (sky130_fd_sc_hd__clkbuf_2)
                                                         net459 (net)
                      0.152278    0.001044    9.998239 ^ _08836_/C_N (sky130_fd_sc_hd__nor3b_1)
     1    0.010057    0.246993    0.229464   10.227703 ^ _08836_/Y (sky130_fd_sc_hd__nor3b_1)
                                                         _00142_ (net)
                      0.246993    0.000343   10.228046 ^ fanout402/A (sky130_fd_sc_hd__clkbuf_8)
    15    0.155815    0.206930    0.241901   10.469947 ^ fanout402/X (sky130_fd_sc_hd__clkbuf_8)
                                                         net402 (net)
                      0.206930    0.000291   10.470239 ^ fanout401/A (sky130_fd_sc_hd__buf_2)
     6    0.047832    0.176300    0.201007   10.671246 ^ fanout401/X (sky130_fd_sc_hd__buf_2)
                                                         net401 (net)
                      0.176346    0.002353   10.673598 ^ fanout393/A (sky130_fd_sc_hd__clkbuf_2)
     8    0.035257    0.149475    0.174888   10.848486 ^ fanout393/X (sky130_fd_sc_hd__clkbuf_2)
                                                         net393 (net)
                      0.149476    0.000185   10.848671 ^ fanout392/A (sky130_fd_sc_hd__buf_1)
     5    0.023858    0.210526    0.184204   11.032874 ^ fanout392/X (sky130_fd_sc_hd__buf_1)
                                                         net392 (net)
                      0.210526    0.000202   11.033076 ^ fanout390/A (sky130_fd_sc_hd__clkbuf_2)
     8    0.034489    0.146620    0.176239   11.209314 ^ fanout390/X (sky130_fd_sc_hd__clkbuf_2)
                                                         net390 (net)
                      0.146620    0.000163   11.209477 ^ fanout389/A (sky130_fd_sc_hd__clkbuf_2)
    10    0.030374    0.129822    0.159070   11.368547 ^ fanout389/X (sky130_fd_sc_hd__clkbuf_2)
                                                         net389 (net)
                      0.129831    0.000936   11.369483 ^ _09511_/C_N (sky130_fd_sc_hd__nor3b_1)
     1    0.004856    0.146099    0.152410   11.521894 ^ _09511_/Y (sky130_fd_sc_hd__nor3b_1)
                                                         _00340_ (net)
                      0.146099    0.000050   11.521943 ^ _10283_/RESET_B (sky130_fd_sc_hd__dfrtp_1)
                                             11.521943   data arrival time

                                 17.500000   17.500000   clock clk (rise edge)
                                  0.000000   17.500000   clock source latency
     2    0.081064    0.000000    0.000000   17.500000 ^ clk (in)
                                                         clk (net)
                      0.011697    0.005850   17.505850 ^ clkbuf_0_clk/A (sky130_fd_sc_hd__clkbuf_16)
     9    0.128712    0.109388    0.139645   17.645494 ^ clkbuf_0_clk/X (sky130_fd_sc_hd__clkbuf_16)
                                                         clknet_0_clk (net)
                      0.109455    0.002190   17.647684 ^ clkbuf_2_2__f_clk/A (sky130_fd_sc_hd__clkbuf_16)
    31    0.191065    0.156639    0.197229   17.844913 ^ clkbuf_2_2__f_clk/X (sky130_fd_sc_hd__clkbuf_16)
                                                         clknet_2_2__leaf_clk (net)
                      0.157022    0.006247   17.851162 ^ clkbuf_leaf_37_clk/A (sky130_fd_sc_hd__clkbuf_8)
    12    0.068654    0.097257    0.162292   18.013453 ^ clkbuf_leaf_37_clk/X (sky130_fd_sc_hd__clkbuf_8)
                                                         clknet_leaf_37_clk (net)
                      0.097259    0.000545   18.013998 ^ _10283_/CLK (sky130_fd_sc_hd__dfrtp_1)
                                 -2.000000   16.013998   inter-clock uncertainty
                                  0.000000   16.013998   clock reconvergence pessimism
                                  0.132364   16.146360   library recovery time
                                             16.146360   data required time
---------------------------------------------------------------------------------------------
                                             16.146360   data required time
                                            -11.521943   data arrival time
---------------------------------------------------------------------------------------------
                                              4.624418   slack (MET)


Startpoint: _10620_ (rising edge-triggered flip-flop clocked by clk)
Endpoint: uio_out[0] (output port clocked by clk)
Path Group: clk
Path Type: max

Fanout         Cap        Slew       Delay        Time   Description
---------------------------------------------------------------------------------------------
                                  0.000000    0.000000   clock clk (rise edge)
                                  0.000000    0.000000   clock source latency
     2    0.081064    0.000000    0.000000    0.000000 ^ clk (in)
                                                         clk (net)
                      0.011697    0.005849    0.005849 ^ clkbuf_0_clk/A (sky130_fd_sc_hd__clkbuf_16)
     9    0.128712    0.109388    0.139646    0.145494 ^ clkbuf_0_clk/X (sky130_fd_sc_hd__clkbuf_16)
                                                         clknet_0_clk (net)
                      0.109428    0.001703    0.147197 ^ clkbuf_2_3__f_clk/A (sky130_fd_sc_hd__clkbuf_16)
    31    0.194963    0.159650    0.198675    0.345873 ^ clkbuf_2_3__f_clk/X (sky130_fd_sc_hd__clkbuf_16)
                                                         clknet_2_3__leaf_clk (net)
                      0.159890    0.005037    0.350909 ^ clkbuf_leaf_26_clk/A (sky130_fd_sc_hd__clkbuf_8)
    15    0.072223    0.101656    0.165758    0.516667 ^ clkbuf_leaf_26_clk/X (sky130_fd_sc_hd__clkbuf_8)
                                                         clknet_leaf_26_clk (net)
                      0.101661    0.000836    0.517503 ^ _10620_/CLK (sky130_fd_sc_hd__dfrtp_1)
     1    0.010800    0.078777    0.255320    0.772823 ^ _10620_/Q (sky130_fd_sc_hd__dfrtp_1)
                                                         user_interrupt (net)
                      0.078777    0.000403    0.773226 ^ fanout586/A (sky130_fd_sc_hd__clkbuf_8)
    15    0.168128    0.221781    0.223322    0.996548 ^ fanout586/X (sky130_fd_sc_hd__clkbuf_8)
                                                         net586 (net)
                      0.221781    0.000294    0.996842 ^ _10937_/A (sky130_fd_sc_hd__buf_2)
     1    0.000751    0.019120    0.081425    1.078267 ^ _10937_/X (sky130_fd_sc_hd__buf_2)
                                                         uio_out[0] (net)
                      0.019120    0.000002    1.078269 ^ uio_out[0] (out)
                                              1.078269   data arrival time

                                 17.500000   17.500000   clock clk (rise edge)
                                  0.000000   17.500000   clock network delay (propagated)
                                  0.000000   17.500000   clock reconvergence pessimism
                                -11.375000    6.125000   output external delay
                                              6.125000   data required time
---------------------------------------------------------------------------------------------
                                              6.125000   data required time
                                             -1.078269   data arrival time
---------------------------------------------------------------------------------------------
                                              5.046731   slack (MET)




===========================================================================
report_checks --slack_max -0.01
============================================================================
======================= min_ff_n40C_1v95 Corner ===================================

No paths found.


===========================================================================
 report_check_types -max_slew -max_cap -max_fanout -violators
============================================================================
======================= min_ff_n40C_1v95 Corner ===================================



===========================================================================
report_parasitic_annotation -report_unannotated
============================================================================
Found 416 unannotated drivers.
 ena
 ui_in[0]
 ui_in[1]
 ui_in[2]
 ui_in[3]
 ui_in[4]
 ui_in[5]
 ui_in[6]
 ui_in[7]
 uio_in[0]
 uio_in[1]
 uio_in[2]
 uio_in[3]
 uio_in[7]
 clkload0/Y
 clkload1/Y
 clkload10/X
 clkload11/Y
 clkload12/X
 clkload13/Y
 clkload14/Y
 clkload15/X
 clkload16/X
 clkload17/Y
 clkload18/Y
 clkload19/Y
 clkload2/X
 clkload20/X
 clkload21/X
 clkload22/X
 clkload23/X
 clkload24/Y
 clkload25/X
 clkload26/X
 clkload27/X
 clkload28/Y
 clkload29/Y
 clkload3/Y
 clkload30/Y
 clkload31/X
 clkload32/Y
 clkload33/X
 clkload34/X
 clkload35/X
 clkload36/X
 clkload37/X
 clkload38/Y
 clkload39/X
 clkload4/Y
 clkload40/X
 clkload41/Y
 clkload42/X
 clkload43/Y
 clkload44/Y
 clkload45/Y
 clkload46/Y
 clkload47/Y
 clkload48/Y
 clkload49/X
 clkload5/Y
 clkload50/X
 clkload51/X
 clkload6/X
 clkload7/X
 clkload8/Y
 clkload9/X
 tt_um_tqv_peripheral_harness_754/HI
 tt_um_tqv_peripheral_harness_755/HI
 tt_um_tqv_peripheral_harness_756/HI
 tt_um_tqv_peripheral_harness_757/HI
 tt_um_tqv_peripheral_harness_758/HI
 tt_um_tqv_peripheral_harness_759/HI
 tt_um_tqv_peripheral_harness_760/HI
 tt_um_tqv_peripheral_harness_761/HI
 tt_um_tqv_peripheral_harness_762/HI
 tt_um_tqv_peripheral_harness_763/HI
 tt_um_tqv_peripheral_harness_764/HI
 tt_um_tqv_peripheral_harness_765/HI
 tt_um_tqv_peripheral_harness_766/HI
 tt_um_tqv_peripheral_harness_767/HI
 tt_um_tqv_peripheral_harness_768/HI
 tt_um_tqv_peripheral_harness_769/HI
 tt_um_tqv_peripheral_harness_770/HI
 tt_um_tqv_peripheral_harness_771/HI
 tt_um_tqv_peripheral_harness_772/LO
 tt_um_tqv_peripheral_harness_773/LO
 tt_um_tqv_peripheral_harness_774/LO
 tt_um_tqv_peripheral_harness_775/LO
 user_peripheral.aes_encryption_engine_inst.u_mix_columns\/_328_/X
 user_peripheral.aes_encryption_engine_inst.u_mix_columns\/_329_/X
 user_peripheral.aes_encryption_engine_inst.u_mix_columns\/_330_/Y
 user_peripheral.aes_encryption_engine_inst.u_mix_columns\/_332_/Y
 user_peripheral.aes_encryption_engine_inst.u_mix_columns\/_333_/X
 user_peripheral.aes_encryption_engine_inst.u_mix_columns\/_334_/Y
 user_peripheral.aes_encryption_engine_inst.u_mix_columns\/_335_/Y
 user_peripheral.aes_encryption_engine_inst.u_mix_columns\/_337_/Y
 user_peripheral.aes_encryption_engine_inst.u_mix_columns\/_338_/Y
 user_peripheral.aes_encryption_engine_inst.u_mix_columns\/_339_/Y
 user_peripheral.aes_encryption_engine_inst.u_mix_columns\/_340_/Y
 user_peripheral.aes_encryption_engine_inst.u_mix_columns\/_342_/X
 user_peripheral.aes_encryption_engine_inst.u_mix_columns\/_343_/X
 user_peripheral.aes_encryption_engine_inst.u_mix_columns\/_344_/X
 user_peripheral.aes_encryption_engine_inst.u_mix_columns\/_345_/X
 user_peripheral.aes_encryption_engine_inst.u_mix_columns\/_346_/Y
 user_peripheral.aes_encryption_engine_inst.u_mix_columns\/_348_/X
 user_peripheral.aes_encryption_engine_inst.u_mix_columns\/_349_/X
 user_peripheral.aes_encryption_engine_inst.u_mix_columns\/_350_/X
 user_peripheral.aes_encryption_engine_inst.u_mix_columns\/_351_/Y
 user_peripheral.aes_encryption_engine_inst.u_mix_columns\/_353_/X
 user_peripheral.aes_encryption_engine_inst.u_mix_columns\/_354_/X
 user_peripheral.aes_encryption_engine_inst.u_mix_columns\/_355_/X
 user_peripheral.aes_encryption_engine_inst.u_mix_columns\/_356_/Y
 user_peripheral.aes_encryption_engine_inst.u_mix_columns\/_358_/X
 user_peripheral.aes_encryption_engine_inst.u_mix_columns\/_359_/X
 user_peripheral.aes_encryption_engine_inst.u_mix_columns\/_360_/Y
 user_peripheral.aes_encryption_engine_inst.u_mix_columns\/_361_/Y
 user_peripheral.aes_encryption_engine_inst.u_mix_columns\/_363_/Y
 user_peripheral.aes_encryption_engine_inst.u_mix_columns\/_364_/Y
 user_peripheral.aes_encryption_engine_inst.u_mix_columns\/_365_/Y
 user_peripheral.aes_encryption_engine_inst.u_mix_columns\/_367_/X
 user_peripheral.aes_encryption_engine_inst.u_mix_columns\/_368_/X
 user_peripheral.aes_encryption_engine_inst.u_mix_columns\/_369_/Y
 user_peripheral.aes_encryption_engine_inst.u_mix_columns\/_371_/Y
 user_peripheral.aes_encryption_engine_inst.u_mix_columns\/_372_/Y
 user_peripheral.aes_encryption_engine_inst.u_mix_columns\/_374_/Y
 user_peripheral.aes_encryption_engine_inst.u_mix_columns\/_375_/Y
 user_peripheral.aes_encryption_engine_inst.u_mix_columns\/_377_/Y
 user_peripheral.aes_encryption_engine_inst.u_mix_columns\/_378_/Y
 user_peripheral.aes_encryption_engine_inst.u_mix_columns\/_379_/Y
 user_peripheral.aes_encryption_engine_inst.u_mix_columns\/_380_/Y
 user_peripheral.aes_encryption_engine_inst.u_mix_columns\/_382_/Y
 user_peripheral.aes_encryption_engine_inst.u_mix_columns\/_383_/Y
 user_peripheral.aes_encryption_engine_inst.u_mix_columns\/_385_/X
 user_peripheral.aes_encryption_engine_inst.u_mix_columns\/_386_/X
 user_peripheral.aes_encryption_engine_inst.u_mix_columns\/_387_/Y
 user_peripheral.aes_encryption_engine_inst.u_mix_columns\/_389_/Y
 user_peripheral.aes_encryption_engine_inst.u_mix_columns\/_391_/Y
 user_peripheral.aes_encryption_engine_inst.u_mix_columns\/_392_/Y
 user_peripheral.aes_encryption_engine_inst.u_mix_columns\/_394_/X
 user_peripheral.aes_encryption_engine_inst.u_mix_columns\/_395_/X
 user_peripheral.aes_encryption_engine_inst.u_mix_columns\/_396_/Y
 user_peripheral.aes_encryption_engine_inst.u_mix_columns\/_398_/Y
 user_peripheral.aes_encryption_engine_inst.u_mix_columns\/_399_/Y
 user_peripheral.aes_encryption_engine_inst.u_mix_columns\/_401_/X
 user_peripheral.aes_encryption_engine_inst.u_mix_columns\/_402_/X
 user_peripheral.aes_encryption_engine_inst.u_mix_columns\/_404_/X
 user_peripheral.aes_encryption_engine_inst.u_mix_columns\/_405_/X
 user_peripheral.aes_encryption_engine_inst.u_mix_columns\/_406_/Y
 user_peripheral.aes_encryption_engine_inst.u_mix_columns\/_408_/X
 user_peripheral.aes_encryption_engine_inst.u_mix_columns\/_409_/Y
 user_peripheral.aes_encryption_engine_inst.u_mix_columns\/_410_/Y
 user_peripheral.aes_encryption_engine_inst.u_mix_columns\/_412_/Y
 user_peripheral.aes_encryption_engine_inst.u_mix_columns\/_414_/X
 user_peripheral.aes_encryption_engine_inst.u_mix_columns\/_415_/Y
 user_peripheral.aes_encryption_engine_inst.u_mix_columns\/_417_/X
 user_peripheral.aes_encryption_engine_inst.u_mix_columns\/_418_/Y
 user_peripheral.aes_encryption_engine_inst.u_mix_columns\/_420_/Y
 user_peripheral.aes_encryption_engine_inst.u_mix_columns\/_422_/Y
 user_peripheral.aes_encryption_engine_inst.u_mix_columns\/_423_/Y
 user_peripheral.aes_encryption_engine_inst.u_mix_columns\/_425_/X
 user_peripheral.aes_encryption_engine_inst.u_mix_columns\/_426_/Y
 user_peripheral.aes_encryption_engine_inst.u_mix_columns\/_428_/Y
 user_peripheral.aes_encryption_engine_inst.u_mix_columns\/_429_/Y
 user_peripheral.aes_encryption_engine_inst.u_mix_columns\/_430_/Y
 user_peripheral.aes_encryption_engine_inst.u_mix_columns\/_432_/X
 user_peripheral.aes_encryption_engine_inst.u_mix_columns\/_433_/Y
 user_peripheral.aes_encryption_engine_inst.u_mix_columns\/_435_/X
 user_peripheral.aes_encryption_engine_inst.u_mix_columns\/_436_/Y
 user_peripheral.aes_encryption_engine_inst.u_mix_columns\/_438_/Y
 user_peripheral.aes_encryption_engine_inst.u_mix_columns\/_440_/X
 user_peripheral.aes_encryption_engine_inst.u_mix_columns\/_442_/X
 user_peripheral.aes_encryption_engine_inst.u_mix_columns\/_443_/X
 user_peripheral.aes_encryption_engine_inst.u_mix_columns\/_444_/Y
 user_peripheral.aes_encryption_engine_inst.u_mix_columns\/_446_/Y
 user_peripheral.aes_encryption_engine_inst.u_mix_columns\/_447_/X
 user_peripheral.aes_encryption_engine_inst.u_mix_columns\/_448_/Y
 user_peripheral.aes_encryption_engine_inst.u_mix_columns\/_449_/Y
 user_peripheral.aes_encryption_engine_inst.u_mix_columns\/_451_/Y
 user_peripheral.aes_encryption_engine_inst.u_mix_columns\/_452_/Y
 user_peripheral.aes_encryption_engine_inst.u_mix_columns\/_453_/Y
 user_peripheral.aes_encryption_engine_inst.u_mix_columns\/_454_/Y
 user_peripheral.aes_encryption_engine_inst.u_mix_columns\/_456_/X
 user_peripheral.aes_encryption_engine_inst.u_mix_columns\/_457_/X
 user_peripheral.aes_encryption_engine_inst.u_mix_columns\/_458_/X
 user_peripheral.aes_encryption_engine_inst.u_mix_columns\/_459_/X
 user_peripheral.aes_encryption_engine_inst.u_mix_columns\/_460_/Y
 user_peripheral.aes_encryption_engine_inst.u_mix_columns\/_462_/X
 user_peripheral.aes_encryption_engine_inst.u_mix_columns\/_463_/X
 user_peripheral.aes_encryption_engine_inst.u_mix_columns\/_464_/X
 user_peripheral.aes_encryption_engine_inst.u_mix_columns\/_465_/Y
 user_peripheral.aes_encryption_engine_inst.u_mix_columns\/_467_/X
 user_peripheral.aes_encryption_engine_inst.u_mix_columns\/_468_/X
 user_peripheral.aes_encryption_engine_inst.u_mix_columns\/_469_/X
 user_peripheral.aes_encryption_engine_inst.u_mix_columns\/_470_/Y
 user_peripheral.aes_encryption_engine_inst.u_mix_columns\/_472_/X
 user_peripheral.aes_encryption_engine_inst.u_mix_columns\/_473_/X
 user_peripheral.aes_encryption_engine_inst.u_mix_columns\/_474_/Y
 user_peripheral.aes_encryption_engine_inst.u_mix_columns\/_475_/Y
 user_peripheral.aes_encryption_engine_inst.u_mix_columns\/_477_/Y
 user_peripheral.aes_encryption_engine_inst.u_mix_columns\/_478_/Y
 user_peripheral.aes_encryption_engine_inst.u_mix_columns\/_479_/Y
 user_peripheral.aes_encryption_engine_inst.u_mix_columns\/_481_/X
 user_peripheral.aes_encryption_engine_inst.u_mix_columns\/_482_/X
 user_peripheral.aes_encryption_engine_inst.u_mix_columns\/_483_/Y
 user_peripheral.aes_encryption_engine_inst.u_mix_columns\/_485_/Y
 user_peripheral.aes_encryption_engine_inst.u_mix_columns\/_486_/Y
 user_peripheral.aes_encryption_engine_inst.u_mix_columns\/_488_/Y
 user_peripheral.aes_encryption_engine_inst.u_mix_columns\/_489_/Y
 user_peripheral.aes_encryption_engine_inst.u_mix_columns\/_491_/Y
 user_peripheral.aes_encryption_engine_inst.u_mix_columns\/_492_/Y
 user_peripheral.aes_encryption_engine_inst.u_mix_columns\/_493_/Y
 user_peripheral.aes_encryption_engine_inst.u_mix_columns\/_494_/Y
 user_peripheral.aes_encryption_engine_inst.u_mix_columns\/_496_/Y
 user_peripheral.aes_encryption_engine_inst.u_mix_columns\/_497_/Y
 user_peripheral.aes_encryption_engine_inst.u_mix_columns\/_499_/X
 user_peripheral.aes_encryption_engine_inst.u_mix_columns\/_500_/X
 user_peripheral.aes_encryption_engine_inst.u_mix_columns\/_501_/Y
 user_peripheral.aes_encryption_engine_inst.u_mix_columns\/_503_/Y
 user_peripheral.aes_encryption_engine_inst.u_mix_columns\/_505_/Y
 user_peripheral.aes_encryption_engine_inst.u_mix_columns\/_506_/Y
 user_peripheral.aes_encryption_engine_inst.u_mix_columns\/_508_/X
 user_peripheral.aes_encryption_engine_inst.u_mix_columns\/_509_/X
 user_peripheral.aes_encryption_engine_inst.u_mix_columns\/_510_/Y
 user_peripheral.aes_encryption_engine_inst.u_mix_columns\/_512_/Y
 user_peripheral.aes_encryption_engine_inst.u_mix_columns\/_513_/Y
 user_peripheral.aes_encryption_engine_inst.u_mix_columns\/_515_/X
 user_peripheral.aes_encryption_engine_inst.u_mix_columns\/_516_/X
 user_peripheral.aes_encryption_engine_inst.u_mix_columns\/_518_/X
 user_peripheral.aes_encryption_engine_inst.u_mix_columns\/_519_/X
 user_peripheral.aes_encryption_engine_inst.u_mix_columns\/_520_/Y
 user_peripheral.aes_encryption_engine_inst.u_mix_columns\/_522_/X
 user_peripheral.aes_encryption_engine_inst.u_mix_columns\/_523_/Y
 user_peripheral.aes_encryption_engine_inst.u_mix_columns\/_524_/Y
 user_peripheral.aes_encryption_engine_inst.u_mix_columns\/_526_/Y
 user_peripheral.aes_encryption_engine_inst.u_mix_columns\/_528_/X
 user_peripheral.aes_encryption_engine_inst.u_mix_columns\/_529_/Y
 user_peripheral.aes_encryption_engine_inst.u_mix_columns\/_531_/X
 user_peripheral.aes_encryption_engine_inst.u_mix_columns\/_532_/Y
 user_peripheral.aes_encryption_engine_inst.u_mix_columns\/_534_/Y
 user_peripheral.aes_encryption_engine_inst.u_mix_columns\/_536_/Y
 user_peripheral.aes_encryption_engine_inst.u_mix_columns\/_537_/Y
 user_peripheral.aes_encryption_engine_inst.u_mix_columns\/_539_/X
 user_peripheral.aes_encryption_engine_inst.u_mix_columns\/_540_/Y
 user_peripheral.aes_encryption_engine_inst.u_mix_columns\/_542_/Y
 user_peripheral.aes_encryption_engine_inst.u_mix_columns\/_543_/Y
 user_peripheral.aes_encryption_engine_inst.u_mix_columns\/_544_/Y
 user_peripheral.aes_encryption_engine_inst.u_mix_columns\/_546_/X
 user_peripheral.aes_encryption_engine_inst.u_mix_columns\/_547_/Y
 user_peripheral.aes_encryption_engine_inst.u_mix_columns\/_549_/X
 user_peripheral.aes_encryption_engine_inst.u_mix_columns\/_550_/Y
 user_peripheral.aes_encryption_engine_inst.u_mix_columns\/_552_/Y
 user_peripheral.aes_encryption_engine_inst.u_mix_columns\/_554_/X
 user_peripheral.aes_encryption_engine_inst.u_mix_columns\/_556_/X
 user_peripheral.aes_encryption_engine_inst.u_mix_columns\/_557_/X
 user_peripheral.aes_encryption_engine_inst.u_mix_columns\/_558_/Y
 user_peripheral.aes_encryption_engine_inst.u_mix_columns\/_560_/Y
 user_peripheral.aes_encryption_engine_inst.u_mix_columns\/_561_/X
 user_peripheral.aes_encryption_engine_inst.u_mix_columns\/_562_/Y
 user_peripheral.aes_encryption_engine_inst.u_mix_columns\/_563_/Y
 user_peripheral.aes_encryption_engine_inst.u_mix_columns\/_565_/Y
 user_peripheral.aes_encryption_engine_inst.u_mix_columns\/_566_/Y
 user_peripheral.aes_encryption_engine_inst.u_mix_columns\/_567_/Y
 user_peripheral.aes_encryption_engine_inst.u_mix_columns\/_568_/Y
 user_peripheral.aes_encryption_engine_inst.u_mix_columns\/_570_/X
 user_peripheral.aes_encryption_engine_inst.u_mix_columns\/_571_/X
 user_peripheral.aes_encryption_engine_inst.u_mix_columns\/_572_/X
 user_peripheral.aes_encryption_engine_inst.u_mix_columns\/_573_/X
 user_peripheral.aes_encryption_engine_inst.u_mix_columns\/_574_/Y
 user_peripheral.aes_encryption_engine_inst.u_mix_columns\/_576_/X
 user_peripheral.aes_encryption_engine_inst.u_mix_columns\/_577_/X
 user_peripheral.aes_encryption_engine_inst.u_mix_columns\/_578_/X
 user_peripheral.aes_encryption_engine_inst.u_mix_columns\/_579_/Y
 user_peripheral.aes_encryption_engine_inst.u_mix_columns\/_581_/X
 user_peripheral.aes_encryption_engine_inst.u_mix_columns\/_582_/X
 user_peripheral.aes_encryption_engine_inst.u_mix_columns\/_583_/X
 user_peripheral.aes_encryption_engine_inst.u_mix_columns\/_584_/Y
 user_peripheral.aes_encryption_engine_inst.u_mix_columns\/_586_/X
 user_peripheral.aes_encryption_engine_inst.u_mix_columns\/_587_/X
 user_peripheral.aes_encryption_engine_inst.u_mix_columns\/_588_/Y
 user_peripheral.aes_encryption_engine_inst.u_mix_columns\/_589_/Y
 user_peripheral.aes_encryption_engine_inst.u_mix_columns\/_591_/Y
 user_peripheral.aes_encryption_engine_inst.u_mix_columns\/_592_/Y
 user_peripheral.aes_encryption_engine_inst.u_mix_columns\/_593_/Y
 user_peripheral.aes_encryption_engine_inst.u_mix_columns\/_595_/X
 user_peripheral.aes_encryption_engine_inst.u_mix_columns\/_596_/X
 user_peripheral.aes_encryption_engine_inst.u_mix_columns\/_597_/Y
 user_peripheral.aes_encryption_engine_inst.u_mix_columns\/_599_/Y
 user_peripheral.aes_encryption_engine_inst.u_mix_columns\/_600_/Y
 user_peripheral.aes_encryption_engine_inst.u_mix_columns\/_602_/Y
 user_peripheral.aes_encryption_engine_inst.u_mix_columns\/_603_/Y
 user_peripheral.aes_encryption_engine_inst.u_mix_columns\/_605_/Y
 user_peripheral.aes_encryption_engine_inst.u_mix_columns\/_606_/Y
 user_peripheral.aes_encryption_engine_inst.u_mix_columns\/_607_/Y
 user_peripheral.aes_encryption_engine_inst.u_mix_columns\/_608_/Y
 user_peripheral.aes_encryption_engine_inst.u_mix_columns\/_610_/Y
 user_peripheral.aes_encryption_engine_inst.u_mix_columns\/_611_/Y
 user_peripheral.aes_encryption_engine_inst.u_mix_columns\/_613_/X
 user_peripheral.aes_encryption_engine_inst.u_mix_columns\/_614_/X
 user_peripheral.aes_encryption_engine_inst.u_mix_columns\/_615_/Y
 user_peripheral.aes_encryption_engine_inst.u_mix_columns\/_617_/Y
 user_peripheral.aes_encryption_engine_inst.u_mix_columns\/_619_/Y
 user_peripheral.aes_encryption_engine_inst.u_mix_columns\/_620_/Y
 user_peripheral.aes_encryption_engine_inst.u_mix_columns\/_622_/X
 user_peripheral.aes_encryption_engine_inst.u_mix_columns\/_623_/X
 user_peripheral.aes_encryption_engine_inst.u_mix_columns\/_624_/Y
 user_peripheral.aes_encryption_engine_inst.u_mix_columns\/_626_/Y
 user_peripheral.aes_encryption_engine_inst.u_mix_columns\/_627_/Y
 user_peripheral.aes_encryption_engine_inst.u_mix_columns\/_629_/X
 user_peripheral.aes_encryption_engine_inst.u_mix_columns\/_630_/X
 user_peripheral.aes_encryption_engine_inst.u_mix_columns\/_632_/X
 user_peripheral.aes_encryption_engine_inst.u_mix_columns\/_633_/X
 user_peripheral.aes_encryption_engine_inst.u_mix_columns\/_634_/Y
 user_peripheral.aes_encryption_engine_inst.u_mix_columns\/_636_/X
 user_peripheral.aes_encryption_engine_inst.u_mix_columns\/_637_/Y
 user_peripheral.aes_encryption_engine_inst.u_mix_columns\/_638_/Y
 user_peripheral.aes_encryption_engine_inst.u_mix_columns\/_640_/Y
 user_peripheral.aes_encryption_engine_inst.u_mix_columns\/_642_/X
 user_peripheral.aes_encryption_engine_inst.u_mix_columns\/_643_/Y
 user_peripheral.aes_encryption_engine_inst.u_mix_columns\/_645_/X
 user_peripheral.aes_encryption_engine_inst.u_mix_columns\/_646_/Y
 user_peripheral.aes_encryption_engine_inst.u_mix_columns\/_648_/Y
 user_peripheral.aes_encryption_engine_inst.u_mix_columns\/_650_/Y
 user_peripheral.aes_encryption_engine_inst.u_mix_columns\/_651_/Y
 user_peripheral.aes_encryption_engine_inst.u_mix_columns\/_653_/X
 user_peripheral.aes_encryption_engine_inst.u_mix_columns\/_654_/Y
 user_peripheral.aes_encryption_engine_inst.u_mix_columns\/_656_/Y
 user_peripheral.aes_encryption_engine_inst.u_mix_columns\/_657_/Y
 user_peripheral.aes_encryption_engine_inst.u_mix_columns\/_658_/Y
 user_peripheral.aes_encryption_engine_inst.u_mix_columns\/_660_/X
 user_peripheral.aes_encryption_engine_inst.u_mix_columns\/_661_/Y
 user_peripheral.aes_encryption_engine_inst.u_mix_columns\/_663_/X
 user_peripheral.aes_encryption_engine_inst.u_mix_columns\/_664_/Y
 user_peripheral.aes_encryption_engine_inst.u_mix_columns\/_666_/Y
 user_peripheral.aes_encryption_engine_inst.u_mix_columns\/_668_/X
 user_peripheral.aes_encryption_engine_inst.u_mix_columns\/_670_/X
 user_peripheral.aes_encryption_engine_inst.u_mix_columns\/_671_/X
 user_peripheral.aes_encryption_engine_inst.u_mix_columns\/_672_/Y
 user_peripheral.aes_encryption_engine_inst.u_mix_columns\/_674_/Y
 user_peripheral.aes_encryption_engine_inst.u_mix_columns\/_675_/X
 user_peripheral.aes_encryption_engine_inst.u_mix_columns\/_676_/Y
 user_peripheral.aes_encryption_engine_inst.u_mix_columns\/_677_/Y
 user_peripheral.aes_encryption_engine_inst.u_mix_columns\/_679_/Y
 user_peripheral.aes_encryption_engine_inst.u_mix_columns\/_680_/Y
 user_peripheral.aes_encryption_engine_inst.u_mix_columns\/_681_/Y
 user_peripheral.aes_encryption_engine_inst.u_mix_columns\/_682_/Y
 user_peripheral.aes_encryption_engine_inst.u_mix_columns\/_684_/X
 user_peripheral.aes_encryption_engine_inst.u_mix_columns\/_685_/X
 user_peripheral.aes_encryption_engine_inst.u_mix_columns\/_686_/X
 user_peripheral.aes_encryption_engine_inst.u_mix_columns\/_687_/X
 user_peripheral.aes_encryption_engine_inst.u_mix_columns\/_688_/Y
 user_peripheral.aes_encryption_engine_inst.u_mix_columns\/_690_/X
 user_peripheral.aes_encryption_engine_inst.u_mix_columns\/_691_/X
 user_peripheral.aes_encryption_engine_inst.u_mix_columns\/_692_/X
 user_peripheral.aes_encryption_engine_inst.u_mix_columns\/_693_/Y
 user_peripheral.aes_encryption_engine_inst.u_mix_columns\/_695_/X
 user_peripheral.aes_encryption_engine_inst.u_mix_columns\/_696_/X
 user_peripheral.aes_encryption_engine_inst.u_mix_columns\/_697_/X
 user_peripheral.aes_encryption_engine_inst.u_mix_columns\/_698_/Y
 user_peripheral.aes_encryption_engine_inst.u_mix_columns\/_700_/X
 user_peripheral.aes_encryption_engine_inst.u_mix_columns\/_701_/X
 user_peripheral.aes_encryption_engine_inst.u_mix_columns\/_702_/Y
 user_peripheral.aes_encryption_engine_inst.u_mix_columns\/_703_/Y
 user_peripheral.aes_encryption_engine_inst.u_mix_columns\/_705_/Y
 user_peripheral.aes_encryption_engine_inst.u_mix_columns\/_706_/Y
 user_peripheral.aes_encryption_engine_inst.u_mix_columns\/_707_/Y
 user_peripheral.aes_encryption_engine_inst.u_mix_columns\/_709_/X
 user_peripheral.aes_encryption_engine_inst.u_mix_columns\/_710_/X
 user_peripheral.aes_encryption_engine_inst.u_mix_columns\/_711_/Y
 user_peripheral.aes_encryption_engine_inst.u_mix_columns\/_713_/Y
 user_peripheral.aes_encryption_engine_inst.u_mix_columns\/_714_/Y
 user_peripheral.aes_encryption_engine_inst.u_mix_columns\/_716_/Y
 user_peripheral.aes_encryption_engine_inst.u_mix_columns\/_717_/Y
 user_peripheral.aes_encryption_engine_inst.u_mix_columns\/_719_/Y
 user_peripheral.aes_encryption_engine_inst.u_mix_columns\/_720_/Y
 user_peripheral.aes_encryption_engine_inst.u_mix_columns\/_721_/Y
 user_peripheral.aes_encryption_engine_inst.u_mix_columns\/_722_/Y
 user_peripheral.aes_encryption_engine_inst.u_mix_columns\/_724_/Y
 user_peripheral.aes_encryption_engine_inst.u_mix_columns\/_725_/Y
 user_peripheral.aes_encryption_engine_inst.u_mix_columns\/_727_/X
 user_peripheral.aes_encryption_engine_inst.u_mix_columns\/_728_/X
 user_peripheral.aes_encryption_engine_inst.u_mix_columns\/_729_/Y
 user_peripheral.aes_encryption_engine_inst.u_mix_columns\/_731_/Y
 user_peripheral.aes_encryption_engine_inst.u_mix_columns\/_733_/Y
 user_peripheral.aes_encryption_engine_inst.u_mix_columns\/_734_/Y
 user_peripheral.aes_encryption_engine_inst.u_mix_columns\/_736_/X
 user_peripheral.aes_encryption_engine_inst.u_mix_columns\/_737_/X
 user_peripheral.aes_encryption_engine_inst.u_mix_columns\/_738_/Y
 user_peripheral.aes_encryption_engine_inst.u_mix_columns\/_740_/Y
 user_peripheral.aes_encryption_engine_inst.u_mix_columns\/_741_/Y
 user_peripheral.aes_encryption_engine_inst.u_mix_columns\/_743_/X
 user_peripheral.aes_encryption_engine_inst.u_mix_columns\/_744_/X
 user_peripheral.aes_encryption_engine_inst.u_mix_columns\/_746_/X
 user_peripheral.aes_encryption_engine_inst.u_mix_columns\/_747_/X
 user_peripheral.aes_encryption_engine_inst.u_mix_columns\/_748_/Y
 user_peripheral.aes_encryption_engine_inst.u_mix_columns\/_750_/X
 user_peripheral.aes_encryption_engine_inst.u_mix_columns\/_751_/Y
 user_peripheral.aes_encryption_engine_inst.u_mix_columns\/_752_/Y
 user_peripheral.aes_encryption_engine_inst.u_mix_columns\/_754_/Y
 user_peripheral.aes_encryption_engine_inst.u_mix_columns\/_756_/X
 user_peripheral.aes_encryption_engine_inst.u_mix_columns\/_757_/Y
 user_peripheral.aes_encryption_engine_inst.u_mix_columns\/_759_/X
 user_peripheral.aes_encryption_engine_inst.u_mix_columns\/_760_/Y
 user_peripheral.aes_encryption_engine_inst.u_mix_columns\/_762_/Y
 user_peripheral.aes_encryption_engine_inst.u_mix_columns\/_764_/Y
 user_peripheral.aes_encryption_engine_inst.u_mix_columns\/_765_/Y
 user_peripheral.aes_encryption_engine_inst.u_mix_columns\/_767_/X
 user_peripheral.aes_encryption_engine_inst.u_mix_columns\/_768_/Y
 user_peripheral.aes_encryption_engine_inst.u_mix_columns\/_770_/Y
 user_peripheral.aes_encryption_engine_inst.u_mix_columns\/_771_/Y
 user_peripheral.aes_encryption_engine_inst.u_mix_columns\/_772_/Y
 user_peripheral.aes_encryption_engine_inst.u_mix_columns\/_774_/X
 user_peripheral.aes_encryption_engine_inst.u_mix_columns\/_775_/Y
 user_peripheral.aes_encryption_engine_inst.u_mix_columns\/_777_/X
 user_peripheral.aes_encryption_engine_inst.u_mix_columns\/_778_/Y
 user_peripheral.aes_encryption_engine_inst.u_mix_columns\/_780_/Y
 user_peripheral.aes_encryption_engine_inst.u_mix_columns\/_782_/X
Found 256 partially unannotated drivers.
 _07967_/X
  user_peripheral.aes_encryption_engine_inst.u_mix_columns\/_672_/A
  user_peripheral.aes_encryption_engine_inst.u_mix_columns\/_710_/A
  user_peripheral.aes_encryption_engine_inst.u_mix_columns\/_737_/A
 _07968_/X
  user_peripheral.aes_encryption_engine_inst.u_mix_columns\/_674_/A
  user_peripheral.aes_encryption_engine_inst.u_mix_columns\/_740_/A
  user_peripheral.aes_encryption_engine_inst.u_mix_columns\/_768_/A
 _07969_/X
  user_peripheral.aes_encryption_engine_inst.u_mix_columns\/_681_/A
  user_peripheral.aes_encryption_engine_inst.u_mix_columns\/_744_/A
  user_peripheral.aes_encryption_engine_inst.u_mix_columns\/_771_/A
 _07970_/X
  user_peripheral.aes_encryption_engine_inst.u_mix_columns\/_687_/A
  user_peripheral.aes_encryption_engine_inst.u_mix_columns\/_719_/A
  user_peripheral.aes_encryption_engine_inst.u_mix_columns\/_746_/A
  user_peripheral.aes_encryption_engine_inst.u_mix_columns\/_750_/A
 _07971_/X
  user_peripheral.aes_encryption_engine_inst.u_mix_columns\/_690_/A
  user_peripheral.aes_encryption_engine_inst.u_mix_columns\/_751_/A
  user_peripheral.aes_encryption_engine_inst.u_mix_columns\/_778_/A
 _07972_/X
  user_peripheral.aes_encryption_engine_inst.u_mix_columns\/_697_/A
  user_peripheral.aes_encryption_engine_inst.u_mix_columns\/_698_/A
  user_peripheral.aes_encryption_engine_inst.u_mix_columns\/_727_/A
  user_peripheral.aes_encryption_engine_inst.u_mix_columns\/_754_/A
 _07973_/X
  user_peripheral.aes_encryption_engine_inst.u_mix_columns\/_701_/A
  user_peripheral.aes_encryption_engine_inst.u_mix_columns\/_757_/A
  user_peripheral.aes_encryption_engine_inst.u_mix_columns\/_782_/A
 _07974_/X
  user_peripheral.aes_encryption_engine_inst.u_mix_columns\/_706_/B
  user_peripheral.aes_encryption_engine_inst.u_mix_columns\/_734_/A
  user_peripheral.aes_encryption_engine_inst.u_mix_columns\/_737_/B
  user_peripheral.aes_encryption_engine_inst.u_mix_columns\/_750_/B
  user_peripheral.aes_encryption_engine_inst.u_mix_columns\/_760_/A
  user_peripheral.aes_encryption_engine_inst.u_mix_columns\/_762_/A
  user_peripheral.aes_encryption_engine_inst.u_mix_columns\/_771_/B
 _07975_/X
  user_peripheral.aes_encryption_engine_inst.u_mix_columns\/_671_/B
  user_peripheral.aes_encryption_engine_inst.u_mix_columns\/_709_/A
 _07976_/X
  user_peripheral.aes_encryption_engine_inst.u_mix_columns\/_674_/B
  user_peripheral.aes_encryption_engine_inst.u_mix_columns\/_716_/A
  user_peripheral.aes_encryption_engine_inst.u_mix_columns\/_764_/A
 _07977_/X
  user_peripheral.aes_encryption_engine_inst.u_mix_columns\/_680_/B
  user_peripheral.aes_encryption_engine_inst.u_mix_columns\/_681_/B
  user_peripheral.aes_encryption_engine_inst.u_mix_columns\/_767_/B
 _07978_/X
  user_peripheral.aes_encryption_engine_inst.u_mix_columns\/_687_/B
  user_peripheral.aes_encryption_engine_inst.u_mix_columns\/_721_/A
  user_peripheral.aes_encryption_engine_inst.u_mix_columns\/_770_/A
 _07979_/X
  user_peripheral.aes_encryption_engine_inst.u_mix_columns\/_690_/B
  user_peripheral.aes_encryption_engine_inst.u_mix_columns\/_728_/B
  user_peripheral.aes_encryption_engine_inst.u_mix_columns\/_774_/A
 _07980_/X
  user_peripheral.aes_encryption_engine_inst.u_mix_columns\/_696_/B
  user_peripheral.aes_encryption_engine_inst.u_mix_columns\/_697_/B
  user_peripheral.aes_encryption_engine_inst.u_mix_columns\/_729_/A
  user_peripheral.aes_encryption_engine_inst.u_mix_columns\/_777_/B
 _07981_/X
  user_peripheral.aes_encryption_engine_inst.u_mix_columns\/_701_/B
  user_peripheral.aes_encryption_engine_inst.u_mix_columns\/_702_/B
  user_peripheral.aes_encryption_engine_inst.u_mix_columns\/_780_/A
 _07982_/X
  user_peripheral.aes_encryption_engine_inst.u_mix_columns\/_705_/B
  user_peripheral.aes_encryption_engine_inst.u_mix_columns\/_709_/B
  user_peripheral.aes_encryption_engine_inst.u_mix_columns\/_721_/B
  user_peripheral.aes_encryption_engine_inst.u_mix_columns\/_734_/B
  user_peripheral.aes_encryption_engine_inst.u_mix_columns\/_739_/A
 _07983_/X
  user_peripheral.aes_encryption_engine_inst.u_mix_columns\/_670_/B
  user_peripheral.aes_encryption_engine_inst.u_mix_columns\/_736_/A
 _07984_/X
  user_peripheral.aes_encryption_engine_inst.u_mix_columns\/_677_/A
  user_peripheral.aes_encryption_engine_inst.u_mix_columns\/_679_/A
  user_peripheral.aes_encryption_engine_inst.u_mix_columns\/_717_/A
 _07985_/X
  user_peripheral.aes_encryption_engine_inst.u_mix_columns\/_680_/A
  user_peripheral.aes_encryption_engine_inst.u_mix_columns\/_683_/A
  user_peripheral.aes_encryption_engine_inst.u_mix_columns\/_685_/A
  user_peripheral.aes_encryption_engine_inst.u_mix_columns\/_743_/A
 _07986_/X
  user_peripheral.aes_encryption_engine_inst.u_mix_columns\/_684_/B
  user_peripheral.aes_encryption_engine_inst.u_mix_columns\/_747_/A
 _07987_/X
  user_peripheral.aes_encryption_engine_inst.u_mix_columns\/_693_/A
  user_peripheral.aes_encryption_engine_inst.u_mix_columns\/_695_/A
  user_peripheral.aes_encryption_engine_inst.u_mix_columns\/_728_/A
 _07988_/X
  user_peripheral.aes_encryption_engine_inst.u_mix_columns\/_696_/A
  user_peripheral.aes_encryption_engine_inst.u_mix_columns\/_700_/A
 _07989_/X
  user_peripheral.aes_encryption_engine_inst.u_mix_columns\/_702_/A
  user_peripheral.aes_encryption_engine_inst.u_mix_columns\/_703_/A
  user_peripheral.aes_encryption_engine_inst.u_mix_columns\/_706_/A
  user_peripheral.aes_encryption_engine_inst.u_mix_columns\/_756_/A
 _07990_/X
  user_peripheral.aes_encryption_engine_inst.u_mix_columns\/_670_/A
  user_peripheral.aes_encryption_engine_inst.u_mix_columns\/_684_/A
  user_peripheral.aes_encryption_engine_inst.u_mix_columns\/_707_/A
  user_peripheral.aes_encryption_engine_inst.u_mix_columns\/_710_/B
  user_peripheral.aes_encryption_engine_inst.u_mix_columns\/_722_/A
  user_peripheral.aes_encryption_engine_inst.u_mix_columns\/_759_/A
 _07991_/X
  user_peripheral.aes_encryption_engine_inst.u_mix_columns\/_675_/B
  user_peripheral.aes_encryption_engine_inst.u_mix_columns\/_711_/A
  user_peripheral.aes_encryption_engine_inst.u_mix_columns\/_736_/B
 _07992_/X
  user_peripheral.aes_encryption_engine_inst.u_mix_columns\/_679_/B
  user_peripheral.aes_encryption_engine_inst.u_mix_columns\/_713_/A
  user_peripheral.aes_encryption_engine_inst.u_mix_columns\/_767_/A
 _07993_/X
  user_peripheral.aes_encryption_engine_inst.u_mix_columns\/_686_/B
  user_peripheral.aes_encryption_engine_inst.u_mix_columns\/_716_/B
  user_peripheral.aes_encryption_engine_inst.u_mix_columns\/_743_/B
 _07994_/X
  user_peripheral.aes_encryption_engine_inst.u_mix_columns\/_691_/B
  user_peripheral.aes_encryption_engine_inst.u_mix_columns\/_719_/B
  user_peripheral.aes_encryption_engine_inst.u_mix_columns\/_747_/B
 _07995_/X
  user_peripheral.aes_encryption_engine_inst.u_mix_columns\/_695_/B
  user_peripheral.aes_encryption_engine_inst.u_mix_columns\/_724_/A
  user_peripheral.aes_encryption_engine_inst.u_mix_columns\/_777_/A
 _07996_/X
  user_peripheral.aes_encryption_engine_inst.u_mix_columns\/_700_/B
  user_peripheral.aes_encryption_engine_inst.u_mix_columns\/_727_/B
 _07997_/X
  user_peripheral.aes_encryption_engine_inst.u_mix_columns\/_705_/A
  user_peripheral.aes_encryption_engine_inst.u_mix_columns\/_731_/A
  user_peripheral.aes_encryption_engine_inst.u_mix_columns\/_756_/B
 _07998_/X
  user_peripheral.aes_encryption_engine_inst.u_mix_columns\/_671_/A
  user_peripheral.aes_encryption_engine_inst.u_mix_columns\/_675_/A
  user_peripheral.aes_encryption_engine_inst.u_mix_columns\/_686_/A
  user_peripheral.aes_encryption_engine_inst.u_mix_columns\/_691_/A
  user_peripheral.aes_encryption_engine_inst.u_mix_columns\/_733_/A
  user_peripheral.aes_encryption_engine_inst.u_mix_columns\/_759_/B
 _07999_/X
  user_peripheral.aes_encryption_engine_inst.u_mix_columns\/_558_/A
  user_peripheral.aes_encryption_engine_inst.u_mix_columns\/_596_/A
  user_peripheral.aes_encryption_engine_inst.u_mix_columns\/_623_/A
 _08000_/X
  user_peripheral.aes_encryption_engine_inst.u_mix_columns\/_560_/A
  user_peripheral.aes_encryption_engine_inst.u_mix_columns\/_626_/A
  user_peripheral.aes_encryption_engine_inst.u_mix_columns\/_654_/A
 _08001_/X
  user_peripheral.aes_encryption_engine_inst.u_mix_columns\/_567_/A
  user_peripheral.aes_encryption_engine_inst.u_mix_columns\/_630_/A
  user_peripheral.aes_encryption_engine_inst.u_mix_columns\/_657_/A
 _08002_/X
  user_peripheral.aes_encryption_engine_inst.u_mix_columns\/_573_/A
  user_peripheral.aes_encryption_engine_inst.u_mix_columns\/_605_/A
  user_peripheral.aes_encryption_engine_inst.u_mix_columns\/_632_/A
  user_peripheral.aes_encryption_engine_inst.u_mix_columns\/_636_/A
 _08003_/X
  user_peripheral.aes_encryption_engine_inst.u_mix_columns\/_576_/A
  user_peripheral.aes_encryption_engine_inst.u_mix_columns\/_637_/A
  user_peripheral.aes_encryption_engine_inst.u_mix_columns\/_664_/A
 _08004_/X
  user_peripheral.aes_encryption_engine_inst.u_mix_columns\/_583_/A
  user_peripheral.aes_encryption_engine_inst.u_mix_columns\/_584_/A
  user_peripheral.aes_encryption_engine_inst.u_mix_columns\/_613_/A
  user_peripheral.aes_encryption_engine_inst.u_mix_columns\/_640_/A
 _08005_/X
  user_peripheral.aes_encryption_engine_inst.u_mix_columns\/_587_/A
  user_peripheral.aes_encryption_engine_inst.u_mix_columns\/_643_/A
  user_peripheral.aes_encryption_engine_inst.u_mix_columns\/_668_/A
 _08006_/X
  user_peripheral.aes_encryption_engine_inst.u_mix_columns\/_592_/B
  user_peripheral.aes_encryption_engine_inst.u_mix_columns\/_620_/A
  user_peripheral.aes_encryption_engine_inst.u_mix_columns\/_623_/B
  user_peripheral.aes_encryption_engine_inst.u_mix_columns\/_636_/B
  user_peripheral.aes_encryption_engine_inst.u_mix_columns\/_646_/A
  user_peripheral.aes_encryption_engine_inst.u_mix_columns\/_648_/A
  user_peripheral.aes_encryption_engine_inst.u_mix_columns\/_657_/B
 _08007_/X
  user_peripheral.aes_encryption_engine_inst.u_mix_columns\/_557_/B
  user_peripheral.aes_encryption_engine_inst.u_mix_columns\/_595_/A
 _08008_/X
  user_peripheral.aes_encryption_engine_inst.u_mix_columns\/_560_/B
  user_peripheral.aes_encryption_engine_inst.u_mix_columns\/_602_/A
  user_peripheral.aes_encryption_engine_inst.u_mix_columns\/_650_/A
 _08009_/X
  user_peripheral.aes_encryption_engine_inst.u_mix_columns\/_566_/B
  user_peripheral.aes_encryption_engine_inst.u_mix_columns\/_567_/B
  user_peripheral.aes_encryption_engine_inst.u_mix_columns\/_653_/B
 _08010_/X
  user_peripheral.aes_encryption_engine_inst.u_mix_columns\/_573_/B
  user_peripheral.aes_encryption_engine_inst.u_mix_columns\/_607_/A
  user_peripheral.aes_encryption_engine_inst.u_mix_columns\/_656_/A
 _08011_/X
  user_peripheral.aes_encryption_engine_inst.u_mix_columns\/_576_/B
  user_peripheral.aes_encryption_engine_inst.u_mix_columns\/_614_/B
  user_peripheral.aes_encryption_engine_inst.u_mix_columns\/_660_/A
 _08012_/X
  user_peripheral.aes_encryption_engine_inst.u_mix_columns\/_582_/B
  user_peripheral.aes_encryption_engine_inst.u_mix_columns\/_583_/B
  user_peripheral.aes_encryption_engine_inst.u_mix_columns\/_615_/A
  user_peripheral.aes_encryption_engine_inst.u_mix_columns\/_663_/B
 _08013_/X
  user_peripheral.aes_encryption_engine_inst.u_mix_columns\/_587_/B
  user_peripheral.aes_encryption_engine_inst.u_mix_columns\/_588_/B
  user_peripheral.aes_encryption_engine_inst.u_mix_columns\/_666_/A
 _08014_/X
  user_peripheral.aes_encryption_engine_inst.u_mix_columns\/_591_/B
  user_peripheral.aes_encryption_engine_inst.u_mix_columns\/_595_/B
  user_peripheral.aes_encryption_engine_inst.u_mix_columns\/_607_/B
  user_peripheral.aes_encryption_engine_inst.u_mix_columns\/_620_/B
  user_peripheral.aes_encryption_engine_inst.u_mix_columns\/_625_/A
 _08015_/X
  user_peripheral.aes_encryption_engine_inst.u_mix_columns\/_556_/B
  user_peripheral.aes_encryption_engine_inst.u_mix_columns\/_622_/A
 _08016_/X
  user_peripheral.aes_encryption_engine_inst.u_mix_columns\/_563_/A
  user_peripheral.aes_encryption_engine_inst.u_mix_columns\/_565_/A
  user_peripheral.aes_encryption_engine_inst.u_mix_columns\/_603_/A
 _08017_/X
  user_peripheral.aes_encryption_engine_inst.u_mix_columns\/_566_/A
  user_peripheral.aes_encryption_engine_inst.u_mix_columns\/_569_/A
  user_peripheral.aes_encryption_engine_inst.u_mix_columns\/_571_/A
  user_peripheral.aes_encryption_engine_inst.u_mix_columns\/_629_/A
 _08018_/X
  user_peripheral.aes_encryption_engine_inst.u_mix_columns\/_570_/B
  user_peripheral.aes_encryption_engine_inst.u_mix_columns\/_633_/A
 _08019_/X
  user_peripheral.aes_encryption_engine_inst.u_mix_columns\/_579_/A
  user_peripheral.aes_encryption_engine_inst.u_mix_columns\/_581_/A
  user_peripheral.aes_encryption_engine_inst.u_mix_columns\/_614_/A
 _08020_/X
  user_peripheral.aes_encryption_engine_inst.u_mix_columns\/_582_/A
  user_peripheral.aes_encryption_engine_inst.u_mix_columns\/_586_/A
 _08021_/X
  user_peripheral.aes_encryption_engine_inst.u_mix_columns\/_588_/A
  user_peripheral.aes_encryption_engine_inst.u_mix_columns\/_589_/A
  user_peripheral.aes_encryption_engine_inst.u_mix_columns\/_592_/A
  user_peripheral.aes_encryption_engine_inst.u_mix_columns\/_642_/A
 _08022_/X
  user_peripheral.aes_encryption_engine_inst.u_mix_columns\/_556_/A
  user_peripheral.aes_encryption_engine_inst.u_mix_columns\/_570_/A
  user_peripheral.aes_encryption_engine_inst.u_mix_columns\/_593_/A
  user_peripheral.aes_encryption_engine_inst.u_mix_columns\/_596_/B
  user_peripheral.aes_encryption_engine_inst.u_mix_columns\/_608_/A
  user_peripheral.aes_encryption_engine_inst.u_mix_columns\/_645_/A
 _08023_/X
  user_peripheral.aes_encryption_engine_inst.u_mix_columns\/_561_/B
  user_peripheral.aes_encryption_engine_inst.u_mix_columns\/_597_/A
  user_peripheral.aes_encryption_engine_inst.u_mix_columns\/_622_/B
 _08024_/X
  user_peripheral.aes_encryption_engine_inst.u_mix_columns\/_565_/B
  user_peripheral.aes_encryption_engine_inst.u_mix_columns\/_599_/A
  user_peripheral.aes_encryption_engine_inst.u_mix_columns\/_653_/A
 _08025_/X
  user_peripheral.aes_encryption_engine_inst.u_mix_columns\/_572_/B
  user_peripheral.aes_encryption_engine_inst.u_mix_columns\/_602_/B
  user_peripheral.aes_encryption_engine_inst.u_mix_columns\/_629_/B
 _08026_/X
  user_peripheral.aes_encryption_engine_inst.u_mix_columns\/_577_/B
  user_peripheral.aes_encryption_engine_inst.u_mix_columns\/_605_/B
  user_peripheral.aes_encryption_engine_inst.u_mix_columns\/_633_/B
 _08027_/X
  user_peripheral.aes_encryption_engine_inst.u_mix_columns\/_581_/B
  user_peripheral.aes_encryption_engine_inst.u_mix_columns\/_610_/A
  user_peripheral.aes_encryption_engine_inst.u_mix_columns\/_663_/A
 _08028_/X
  user_peripheral.aes_encryption_engine_inst.u_mix_columns\/_586_/B
  user_peripheral.aes_encryption_engine_inst.u_mix_columns\/_613_/B
 _08029_/X
  user_peripheral.aes_encryption_engine_inst.u_mix_columns\/_591_/A
  user_peripheral.aes_encryption_engine_inst.u_mix_columns\/_617_/A
  user_peripheral.aes_encryption_engine_inst.u_mix_columns\/_642_/B
 _08030_/X
  user_peripheral.aes_encryption_engine_inst.u_mix_columns\/_557_/A
  user_peripheral.aes_encryption_engine_inst.u_mix_columns\/_561_/A
  user_peripheral.aes_encryption_engine_inst.u_mix_columns\/_572_/A
  user_peripheral.aes_encryption_engine_inst.u_mix_columns\/_577_/A
  user_peripheral.aes_encryption_engine_inst.u_mix_columns\/_619_/A
  user_peripheral.aes_encryption_engine_inst.u_mix_columns\/_645_/B
 _08031_/X
  user_peripheral.aes_encryption_engine_inst.u_mix_columns\/_444_/A
  user_peripheral.aes_encryption_engine_inst.u_mix_columns\/_482_/A
  user_peripheral.aes_encryption_engine_inst.u_mix_columns\/_509_/A
 _08032_/X
  user_peripheral.aes_encryption_engine_inst.u_mix_columns\/_446_/A
  user_peripheral.aes_encryption_engine_inst.u_mix_columns\/_512_/A
  user_peripheral.aes_encryption_engine_inst.u_mix_columns\/_540_/A
 _08033_/X
  user_peripheral.aes_encryption_engine_inst.u_mix_columns\/_453_/A
  user_peripheral.aes_encryption_engine_inst.u_mix_columns\/_516_/A
  user_peripheral.aes_encryption_engine_inst.u_mix_columns\/_543_/A
 _08034_/X
  user_peripheral.aes_encryption_engine_inst.u_mix_columns\/_459_/A
  user_peripheral.aes_encryption_engine_inst.u_mix_columns\/_491_/A
  user_peripheral.aes_encryption_engine_inst.u_mix_columns\/_518_/A
  user_peripheral.aes_encryption_engine_inst.u_mix_columns\/_522_/A
 _08035_/X
  user_peripheral.aes_encryption_engine_inst.u_mix_columns\/_462_/A
  user_peripheral.aes_encryption_engine_inst.u_mix_columns\/_523_/A
  user_peripheral.aes_encryption_engine_inst.u_mix_columns\/_550_/A
 _08036_/X
  user_peripheral.aes_encryption_engine_inst.u_mix_columns\/_469_/A
  user_peripheral.aes_encryption_engine_inst.u_mix_columns\/_470_/A
  user_peripheral.aes_encryption_engine_inst.u_mix_columns\/_499_/A
  user_peripheral.aes_encryption_engine_inst.u_mix_columns\/_526_/A
 _08037_/X
  user_peripheral.aes_encryption_engine_inst.u_mix_columns\/_473_/A
  user_peripheral.aes_encryption_engine_inst.u_mix_columns\/_529_/A
  user_peripheral.aes_encryption_engine_inst.u_mix_columns\/_554_/A
 _08038_/X
  user_peripheral.aes_encryption_engine_inst.u_mix_columns\/_478_/B
  user_peripheral.aes_encryption_engine_inst.u_mix_columns\/_506_/A
  user_peripheral.aes_encryption_engine_inst.u_mix_columns\/_509_/B
  user_peripheral.aes_encryption_engine_inst.u_mix_columns\/_522_/B
  user_peripheral.aes_encryption_engine_inst.u_mix_columns\/_532_/A
  user_peripheral.aes_encryption_engine_inst.u_mix_columns\/_534_/A
  user_peripheral.aes_encryption_engine_inst.u_mix_columns\/_543_/B
 _08039_/X
  user_peripheral.aes_encryption_engine_inst.u_mix_columns\/_443_/B
  user_peripheral.aes_encryption_engine_inst.u_mix_columns\/_481_/A
 _08040_/X
  user_peripheral.aes_encryption_engine_inst.u_mix_columns\/_446_/B
  user_peripheral.aes_encryption_engine_inst.u_mix_columns\/_488_/A
  user_peripheral.aes_encryption_engine_inst.u_mix_columns\/_536_/A
 _08041_/X
  user_peripheral.aes_encryption_engine_inst.u_mix_columns\/_452_/B
  user_peripheral.aes_encryption_engine_inst.u_mix_columns\/_453_/B
  user_peripheral.aes_encryption_engine_inst.u_mix_columns\/_539_/B
 _08042_/X
  user_peripheral.aes_encryption_engine_inst.u_mix_columns\/_459_/B
  user_peripheral.aes_encryption_engine_inst.u_mix_columns\/_493_/A
  user_peripheral.aes_encryption_engine_inst.u_mix_columns\/_542_/A
 _08043_/X
  user_peripheral.aes_encryption_engine_inst.u_mix_columns\/_462_/B
  user_peripheral.aes_encryption_engine_inst.u_mix_columns\/_500_/B
  user_peripheral.aes_encryption_engine_inst.u_mix_columns\/_546_/A
 _08044_/X
  user_peripheral.aes_encryption_engine_inst.u_mix_columns\/_468_/B
  user_peripheral.aes_encryption_engine_inst.u_mix_columns\/_469_/B
  user_peripheral.aes_encryption_engine_inst.u_mix_columns\/_501_/A
  user_peripheral.aes_encryption_engine_inst.u_mix_columns\/_549_/B
 _08045_/X
  user_peripheral.aes_encryption_engine_inst.u_mix_columns\/_473_/B
  user_peripheral.aes_encryption_engine_inst.u_mix_columns\/_474_/B
  user_peripheral.aes_encryption_engine_inst.u_mix_columns\/_552_/A
 _08046_/X
  user_peripheral.aes_encryption_engine_inst.u_mix_columns\/_477_/B
  user_peripheral.aes_encryption_engine_inst.u_mix_columns\/_481_/B
  user_peripheral.aes_encryption_engine_inst.u_mix_columns\/_493_/B
  user_peripheral.aes_encryption_engine_inst.u_mix_columns\/_506_/B
  user_peripheral.aes_encryption_engine_inst.u_mix_columns\/_511_/A
 _08047_/X
  user_peripheral.aes_encryption_engine_inst.u_mix_columns\/_442_/B
  user_peripheral.aes_encryption_engine_inst.u_mix_columns\/_508_/A
 _08048_/X
  user_peripheral.aes_encryption_engine_inst.u_mix_columns\/_449_/A
  user_peripheral.aes_encryption_engine_inst.u_mix_columns\/_451_/A
  user_peripheral.aes_encryption_engine_inst.u_mix_columns\/_489_/A
 _08049_/X
  user_peripheral.aes_encryption_engine_inst.u_mix_columns\/_452_/A
  user_peripheral.aes_encryption_engine_inst.u_mix_columns\/_455_/A
  user_peripheral.aes_encryption_engine_inst.u_mix_columns\/_457_/A
  user_peripheral.aes_encryption_engine_inst.u_mix_columns\/_515_/A
 _08050_/X
  user_peripheral.aes_encryption_engine_inst.u_mix_columns\/_456_/B
  user_peripheral.aes_encryption_engine_inst.u_mix_columns\/_519_/A
 _08051_/X
  user_peripheral.aes_encryption_engine_inst.u_mix_columns\/_465_/A
  user_peripheral.aes_encryption_engine_inst.u_mix_columns\/_467_/A
  user_peripheral.aes_encryption_engine_inst.u_mix_columns\/_500_/A
 _08052_/X
  user_peripheral.aes_encryption_engine_inst.u_mix_columns\/_468_/A
  user_peripheral.aes_encryption_engine_inst.u_mix_columns\/_472_/A
 _08053_/X
  user_peripheral.aes_encryption_engine_inst.u_mix_columns\/_474_/A
  user_peripheral.aes_encryption_engine_inst.u_mix_columns\/_475_/A
  user_peripheral.aes_encryption_engine_inst.u_mix_columns\/_478_/A
  user_peripheral.aes_encryption_engine_inst.u_mix_columns\/_528_/A
 _08054_/X
  user_peripheral.aes_encryption_engine_inst.u_mix_columns\/_442_/A
  user_peripheral.aes_encryption_engine_inst.u_mix_columns\/_456_/A
  user_peripheral.aes_encryption_engine_inst.u_mix_columns\/_479_/A
  user_peripheral.aes_encryption_engine_inst.u_mix_columns\/_482_/B
  user_peripheral.aes_encryption_engine_inst.u_mix_columns\/_494_/A
  user_peripheral.aes_encryption_engine_inst.u_mix_columns\/_531_/A
 _08055_/X
  user_peripheral.aes_encryption_engine_inst.u_mix_columns\/_447_/B
  user_peripheral.aes_encryption_engine_inst.u_mix_columns\/_483_/A
  user_peripheral.aes_encryption_engine_inst.u_mix_columns\/_508_/B
 _08056_/X
  user_peripheral.aes_encryption_engine_inst.u_mix_columns\/_451_/B
  user_peripheral.aes_encryption_engine_inst.u_mix_columns\/_485_/A
  user_peripheral.aes_encryption_engine_inst.u_mix_columns\/_539_/A
 _08057_/X
  user_peripheral.aes_encryption_engine_inst.u_mix_columns\/_458_/B
  user_peripheral.aes_encryption_engine_inst.u_mix_columns\/_488_/B
  user_peripheral.aes_encryption_engine_inst.u_mix_columns\/_515_/B
 _08058_/X
  user_peripheral.aes_encryption_engine_inst.u_mix_columns\/_463_/B
  user_peripheral.aes_encryption_engine_inst.u_mix_columns\/_491_/B
  user_peripheral.aes_encryption_engine_inst.u_mix_columns\/_519_/B
 _08059_/X
  user_peripheral.aes_encryption_engine_inst.u_mix_columns\/_467_/B
  user_peripheral.aes_encryption_engine_inst.u_mix_columns\/_496_/A
  user_peripheral.aes_encryption_engine_inst.u_mix_columns\/_549_/A
 _08060_/X
  user_peripheral.aes_encryption_engine_inst.u_mix_columns\/_472_/B
  user_peripheral.aes_encryption_engine_inst.u_mix_columns\/_499_/B
 _08061_/X
  user_peripheral.aes_encryption_engine_inst.u_mix_columns\/_477_/A
  user_peripheral.aes_encryption_engine_inst.u_mix_columns\/_503_/A
  user_peripheral.aes_encryption_engine_inst.u_mix_columns\/_528_/B
 _08062_/X
  user_peripheral.aes_encryption_engine_inst.u_mix_columns\/_443_/A
  user_peripheral.aes_encryption_engine_inst.u_mix_columns\/_447_/A
  user_peripheral.aes_encryption_engine_inst.u_mix_columns\/_458_/A
  user_peripheral.aes_encryption_engine_inst.u_mix_columns\/_463_/A
  user_peripheral.aes_encryption_engine_inst.u_mix_columns\/_505_/A
  user_peripheral.aes_encryption_engine_inst.u_mix_columns\/_531_/B
 _08063_/X
  user_peripheral.aes_encryption_engine_inst.u_mix_columns\/_330_/A
  user_peripheral.aes_encryption_engine_inst.u_mix_columns\/_368_/A
  user_peripheral.aes_encryption_engine_inst.u_mix_columns\/_395_/A
 _08064_/X
  user_peripheral.aes_encryption_engine_inst.u_mix_columns\/_332_/A
  user_peripheral.aes_encryption_engine_inst.u_mix_columns\/_398_/A
  user_peripheral.aes_encryption_engine_inst.u_mix_columns\/_426_/A
 _08065_/X
  user_peripheral.aes_encryption_engine_inst.u_mix_columns\/_339_/A
  user_peripheral.aes_encryption_engine_inst.u_mix_columns\/_402_/A
  user_peripheral.aes_encryption_engine_inst.u_mix_columns\/_429_/A
 _08066_/X
  user_peripheral.aes_encryption_engine_inst.u_mix_columns\/_345_/A
  user_peripheral.aes_encryption_engine_inst.u_mix_columns\/_377_/A
  user_peripheral.aes_encryption_engine_inst.u_mix_columns\/_404_/A
  user_peripheral.aes_encryption_engine_inst.u_mix_columns\/_408_/A
 _08067_/X
  user_peripheral.aes_encryption_engine_inst.u_mix_columns\/_348_/A
  user_peripheral.aes_encryption_engine_inst.u_mix_columns\/_409_/A
  user_peripheral.aes_encryption_engine_inst.u_mix_columns\/_436_/A
 _08068_/X
  user_peripheral.aes_encryption_engine_inst.u_mix_columns\/_355_/A
  user_peripheral.aes_encryption_engine_inst.u_mix_columns\/_356_/A
  user_peripheral.aes_encryption_engine_inst.u_mix_columns\/_385_/A
  user_peripheral.aes_encryption_engine_inst.u_mix_columns\/_412_/A
 _08069_/X
  user_peripheral.aes_encryption_engine_inst.u_mix_columns\/_359_/A
  user_peripheral.aes_encryption_engine_inst.u_mix_columns\/_415_/A
  user_peripheral.aes_encryption_engine_inst.u_mix_columns\/_440_/A
 _08070_/X
  user_peripheral.aes_encryption_engine_inst.u_mix_columns\/_364_/B
  user_peripheral.aes_encryption_engine_inst.u_mix_columns\/_392_/A
  user_peripheral.aes_encryption_engine_inst.u_mix_columns\/_395_/B
  user_peripheral.aes_encryption_engine_inst.u_mix_columns\/_408_/B
  user_peripheral.aes_encryption_engine_inst.u_mix_columns\/_418_/A
  user_peripheral.aes_encryption_engine_inst.u_mix_columns\/_420_/A
  user_peripheral.aes_encryption_engine_inst.u_mix_columns\/_429_/B
 _08071_/X
  user_peripheral.aes_encryption_engine_inst.u_mix_columns\/_329_/B
  user_peripheral.aes_encryption_engine_inst.u_mix_columns\/_367_/A
 _08072_/X
  user_peripheral.aes_encryption_engine_inst.u_mix_columns\/_332_/B
  user_peripheral.aes_encryption_engine_inst.u_mix_columns\/_374_/A
  user_peripheral.aes_encryption_engine_inst.u_mix_columns\/_422_/A
 _08073_/X
  user_peripheral.aes_encryption_engine_inst.u_mix_columns\/_338_/B
  user_peripheral.aes_encryption_engine_inst.u_mix_columns\/_339_/B
  user_peripheral.aes_encryption_engine_inst.u_mix_columns\/_425_/B
 _08074_/X
  user_peripheral.aes_encryption_engine_inst.u_mix_columns\/_345_/B
  user_peripheral.aes_encryption_engine_inst.u_mix_columns\/_379_/A
  user_peripheral.aes_encryption_engine_inst.u_mix_columns\/_428_/A
 _08075_/X
  user_peripheral.aes_encryption_engine_inst.u_mix_columns\/_348_/B
  user_peripheral.aes_encryption_engine_inst.u_mix_columns\/_386_/B
  user_peripheral.aes_encryption_engine_inst.u_mix_columns\/_432_/A
 _08076_/X
  user_peripheral.aes_encryption_engine_inst.u_mix_columns\/_354_/B
  user_peripheral.aes_encryption_engine_inst.u_mix_columns\/_355_/B
  user_peripheral.aes_encryption_engine_inst.u_mix_columns\/_387_/A
  user_peripheral.aes_encryption_engine_inst.u_mix_columns\/_435_/B
 _08077_/X
  user_peripheral.aes_encryption_engine_inst.u_mix_columns\/_359_/B
  user_peripheral.aes_encryption_engine_inst.u_mix_columns\/_360_/B
  user_peripheral.aes_encryption_engine_inst.u_mix_columns\/_438_/A
 _08078_/X
  user_peripheral.aes_encryption_engine_inst.u_mix_columns\/_363_/B
  user_peripheral.aes_encryption_engine_inst.u_mix_columns\/_367_/B
  user_peripheral.aes_encryption_engine_inst.u_mix_columns\/_379_/B
  user_peripheral.aes_encryption_engine_inst.u_mix_columns\/_392_/B
  user_peripheral.aes_encryption_engine_inst.u_mix_columns\/_397_/A
 _08079_/X
  user_peripheral.aes_encryption_engine_inst.u_mix_columns\/_328_/B
  user_peripheral.aes_encryption_engine_inst.u_mix_columns\/_394_/A
 _08080_/X
  user_peripheral.aes_encryption_engine_inst.u_mix_columns\/_335_/A
  user_peripheral.aes_encryption_engine_inst.u_mix_columns\/_337_/A
  user_peripheral.aes_encryption_engine_inst.u_mix_columns\/_375_/A
 _08081_/X
  user_peripheral.aes_encryption_engine_inst.u_mix_columns\/_338_/A
  user_peripheral.aes_encryption_engine_inst.u_mix_columns\/_341_/A
  user_peripheral.aes_encryption_engine_inst.u_mix_columns\/_343_/A
  user_peripheral.aes_encryption_engine_inst.u_mix_columns\/_401_/A
 _08082_/X
  user_peripheral.aes_encryption_engine_inst.u_mix_columns\/_342_/B
  user_peripheral.aes_encryption_engine_inst.u_mix_columns\/_405_/A
 _08083_/X
  user_peripheral.aes_encryption_engine_inst.u_mix_columns\/_351_/A
  user_peripheral.aes_encryption_engine_inst.u_mix_columns\/_353_/A
  user_peripheral.aes_encryption_engine_inst.u_mix_columns\/_386_/A
 _08084_/X
  user_peripheral.aes_encryption_engine_inst.u_mix_columns\/_354_/A
  user_peripheral.aes_encryption_engine_inst.u_mix_columns\/_358_/A
 _08085_/X
  user_peripheral.aes_encryption_engine_inst.u_mix_columns\/_360_/A
  user_peripheral.aes_encryption_engine_inst.u_mix_columns\/_361_/A
  user_peripheral.aes_encryption_engine_inst.u_mix_columns\/_364_/A
  user_peripheral.aes_encryption_engine_inst.u_mix_columns\/_414_/A
 _08086_/X
  user_peripheral.aes_encryption_engine_inst.u_mix_columns\/_328_/A
  user_peripheral.aes_encryption_engine_inst.u_mix_columns\/_342_/A
  user_peripheral.aes_encryption_engine_inst.u_mix_columns\/_365_/A
  user_peripheral.aes_encryption_engine_inst.u_mix_columns\/_368_/B
  user_peripheral.aes_encryption_engine_inst.u_mix_columns\/_380_/A
  user_peripheral.aes_encryption_engine_inst.u_mix_columns\/_417_/A
 _08087_/X
  user_peripheral.aes_encryption_engine_inst.u_mix_columns\/_333_/B
  user_peripheral.aes_encryption_engine_inst.u_mix_columns\/_369_/A
  user_peripheral.aes_encryption_engine_inst.u_mix_columns\/_394_/B
 _08088_/X
  user_peripheral.aes_encryption_engine_inst.u_mix_columns\/_337_/B
  user_peripheral.aes_encryption_engine_inst.u_mix_columns\/_371_/A
  user_peripheral.aes_encryption_engine_inst.u_mix_columns\/_425_/A
 _08089_/X
  user_peripheral.aes_encryption_engine_inst.u_mix_columns\/_344_/B
  user_peripheral.aes_encryption_engine_inst.u_mix_columns\/_374_/B
  user_peripheral.aes_encryption_engine_inst.u_mix_columns\/_401_/B
 _08090_/X
  user_peripheral.aes_encryption_engine_inst.u_mix_columns\/_349_/B
  user_peripheral.aes_encryption_engine_inst.u_mix_columns\/_377_/B
  user_peripheral.aes_encryption_engine_inst.u_mix_columns\/_405_/B
 _08091_/X
  user_peripheral.aes_encryption_engine_inst.u_mix_columns\/_353_/B
  user_peripheral.aes_encryption_engine_inst.u_mix_columns\/_382_/A
  user_peripheral.aes_encryption_engine_inst.u_mix_columns\/_435_/A
 _08092_/X
  user_peripheral.aes_encryption_engine_inst.u_mix_columns\/_358_/B
  user_peripheral.aes_encryption_engine_inst.u_mix_columns\/_385_/B
 _08093_/X
  user_peripheral.aes_encryption_engine_inst.u_mix_columns\/_363_/A
  user_peripheral.aes_encryption_engine_inst.u_mix_columns\/_389_/A
  user_peripheral.aes_encryption_engine_inst.u_mix_columns\/_414_/B
 _08094_/X
  user_peripheral.aes_encryption_engine_inst.u_mix_columns\/_329_/A
  user_peripheral.aes_encryption_engine_inst.u_mix_columns\/_333_/A
  user_peripheral.aes_encryption_engine_inst.u_mix_columns\/_344_/A
  user_peripheral.aes_encryption_engine_inst.u_mix_columns\/_349_/A
  user_peripheral.aes_encryption_engine_inst.u_mix_columns\/_391_/A
  user_peripheral.aes_encryption_engine_inst.u_mix_columns\/_417_/B
 user_peripheral.aes_encryption_engine_inst.u_mix_columns\/_331_/Y
  _05360_/A1
 user_peripheral.aes_encryption_engine_inst.u_mix_columns\/_336_/Y
  _05350_/A1
 user_peripheral.aes_encryption_engine_inst.u_mix_columns\/_341_/Y
  _05339_/A1
 user_peripheral.aes_encryption_engine_inst.u_mix_columns\/_347_/Y
  _05328_/A1
 user_peripheral.aes_encryption_engine_inst.u_mix_columns\/_352_/Y
  _05317_/A1
 user_peripheral.aes_encryption_engine_inst.u_mix_columns\/_357_/Y
  _05305_/A1
 user_peripheral.aes_encryption_engine_inst.u_mix_columns\/_362_/Y
  _05292_/A1
 user_peripheral.aes_encryption_engine_inst.u_mix_columns\/_366_/Y
  _05279_/A1
 user_peripheral.aes_encryption_engine_inst.u_mix_columns\/_370_/Y
  _05426_/A1
 user_peripheral.aes_encryption_engine_inst.u_mix_columns\/_373_/Y
  _05418_/A1
 user_peripheral.aes_encryption_engine_inst.u_mix_columns\/_376_/Y
  _05409_/A1
 user_peripheral.aes_encryption_engine_inst.u_mix_columns\/_381_/Y
  _05400_/A1
 user_peripheral.aes_encryption_engine_inst.u_mix_columns\/_384_/Y
  _05392_/A1
 user_peripheral.aes_encryption_engine_inst.u_mix_columns\/_388_/Y
  _05384_/A1
 user_peripheral.aes_encryption_engine_inst.u_mix_columns\/_390_/Y
  _05376_/A1
 user_peripheral.aes_encryption_engine_inst.u_mix_columns\/_393_/Y
  _05368_/A1
 user_peripheral.aes_encryption_engine_inst.u_mix_columns\/_397_/Y
  _05643_/A
 user_peripheral.aes_encryption_engine_inst.u_mix_columns\/_400_/Y
  _05635_/A1
 user_peripheral.aes_encryption_engine_inst.u_mix_columns\/_403_/Y
  _05617_/A0
 user_peripheral.aes_encryption_engine_inst.u_mix_columns\/_407_/Y
  _05604_/A0
 user_peripheral.aes_encryption_engine_inst.u_mix_columns\/_411_/Y
  _05592_/A0
 user_peripheral.aes_encryption_engine_inst.u_mix_columns\/_413_/Y
  _05587_/A1
 user_peripheral.aes_encryption_engine_inst.u_mix_columns\/_416_/Y
  _05563_/A
 user_peripheral.aes_encryption_engine_inst.u_mix_columns\/_419_/Y
  _05550_/A0
 user_peripheral.aes_encryption_engine_inst.u_mix_columns\/_421_/Y
  _05879_/A0
 user_peripheral.aes_encryption_engine_inst.u_mix_columns\/_424_/Y
  _05870_/A1
  ANTENNA_user_peripheral.aes_encryption_engine_inst.u_mix_columns\/_424__Y/DIODE
  ANTENNA__05870__A1/DIODE
 user_peripheral.aes_encryption_engine_inst.u_mix_columns\/_427_/Y
  _05852_/A0
  ANTENNA_user_peripheral.aes_encryption_engine_inst.u_mix_columns\/_427__Y/DIODE
  ANTENNA__05852__A0/DIODE
 user_peripheral.aes_encryption_engine_inst.u_mix_columns\/_431_/Y
  _05839_/A0
 user_peripheral.aes_encryption_engine_inst.u_mix_columns\/_434_/Y
  _05830_/A1
  ANTENNA_user_peripheral.aes_encryption_engine_inst.u_mix_columns\/_434__Y/DIODE
  ANTENNA__05830__A1/DIODE
 user_peripheral.aes_encryption_engine_inst.u_mix_columns\/_437_/Y
  _05822_/A1
  ANTENNA_user_peripheral.aes_encryption_engine_inst.u_mix_columns\/_437__Y/DIODE
  ANTENNA__05822__A1/DIODE
 user_peripheral.aes_encryption_engine_inst.u_mix_columns\/_439_/Y
  _05798_/A
 user_peripheral.aes_encryption_engine_inst.u_mix_columns\/_441_/Y
  _05785_/A0
  ANTENNA_user_peripheral.aes_encryption_engine_inst.u_mix_columns\/_441__Y/DIODE
  ANTENNA__05785__A0/DIODE
 user_peripheral.aes_encryption_engine_inst.u_mix_columns\/_445_/Y
  _05938_/A1
 user_peripheral.aes_encryption_engine_inst.u_mix_columns\/_450_/Y
  _05930_/A1
 user_peripheral.aes_encryption_engine_inst.u_mix_columns\/_455_/Y
  _05925_/A1
 user_peripheral.aes_encryption_engine_inst.u_mix_columns\/_461_/Y
  _05914_/A1
 user_peripheral.aes_encryption_engine_inst.u_mix_columns\/_466_/Y
  _05906_/A1
 user_peripheral.aes_encryption_engine_inst.u_mix_columns\/_471_/Y
  _05898_/A1
 user_peripheral.aes_encryption_engine_inst.u_mix_columns\/_476_/Y
  _05893_/A1
 user_peripheral.aes_encryption_engine_inst.u_mix_columns\/_480_/Y
  _05884_/A1
 user_peripheral.aes_encryption_engine_inst.u_mix_columns\/_484_/Y
  _06172_/A0
 user_peripheral.aes_encryption_engine_inst.u_mix_columns\/_487_/Y
  _06160_/A
 user_peripheral.aes_encryption_engine_inst.u_mix_columns\/_490_/Y
  _06149_/A1
 user_peripheral.aes_encryption_engine_inst.u_mix_columns\/_495_/Y
  _06133_/A0
 user_peripheral.aes_encryption_engine_inst.u_mix_columns\/_498_/Y
  _06124_/A1
 user_peripheral.aes_encryption_engine_inst.u_mix_columns\/_502_/Y
  _06112_/A
 user_peripheral.aes_encryption_engine_inst.u_mix_columns\/_504_/Y
  _06096_/A1
 user_peripheral.aes_encryption_engine_inst.u_mix_columns\/_507_/Y
  _06080_/A0
 user_peripheral.aes_encryption_engine_inst.u_mix_columns\/_511_/Y
  _06383_/A
 user_peripheral.aes_encryption_engine_inst.u_mix_columns\/_514_/Y
  _06375_/A1
 user_peripheral.aes_encryption_engine_inst.u_mix_columns\/_517_/Y
  _06361_/A1
 user_peripheral.aes_encryption_engine_inst.u_mix_columns\/_521_/Y
  _06345_/A0
 user_peripheral.aes_encryption_engine_inst.u_mix_columns\/_525_/Y
  _06333_/A0
 user_peripheral.aes_encryption_engine_inst.u_mix_columns\/_527_/Y
  _06328_/A1
 user_peripheral.aes_encryption_engine_inst.u_mix_columns\/_530_/Y
  _06310_/A1
 user_peripheral.aes_encryption_engine_inst.u_mix_columns\/_533_/Y
  _06294_/A0
 user_peripheral.aes_encryption_engine_inst.u_mix_columns\/_535_/Y
  _06446_/A1
 user_peripheral.aes_encryption_engine_inst.u_mix_columns\/_538_/Y
  _06439_/A1
 user_peripheral.aes_encryption_engine_inst.u_mix_columns\/_541_/Y
  _06431_/A1
 user_peripheral.aes_encryption_engine_inst.u_mix_columns\/_545_/Y
  _06420_/A1
 user_peripheral.aes_encryption_engine_inst.u_mix_columns\/_548_/Y
  _06415_/A1
 user_peripheral.aes_encryption_engine_inst.u_mix_columns\/_551_/Y
  _06407_/A1
 user_peripheral.aes_encryption_engine_inst.u_mix_columns\/_553_/Y
  _06399_/A1
 user_peripheral.aes_encryption_engine_inst.u_mix_columns\/_555_/Y
  _06388_/A1
 user_peripheral.aes_encryption_engine_inst.u_mix_columns\/_559_/Y
  _06664_/A
 user_peripheral.aes_encryption_engine_inst.u_mix_columns\/_564_/Y
  _06649_/A
 user_peripheral.aes_encryption_engine_inst.u_mix_columns\/_569_/Y
  _06633_/A0
 user_peripheral.aes_encryption_engine_inst.u_mix_columns\/_575_/Y
  _06623_/A1
 user_peripheral.aes_encryption_engine_inst.u_mix_columns\/_580_/Y
  _06602_/A0
 user_peripheral.aes_encryption_engine_inst.u_mix_columns\/_585_/Y
  _06590_/A
 user_peripheral.aes_encryption_engine_inst.u_mix_columns\/_590_/Y
  _06567_/A
 user_peripheral.aes_encryption_engine_inst.u_mix_columns\/_594_/Y
  _06557_/A1
 user_peripheral.aes_encryption_engine_inst.u_mix_columns\/_598_/Y
  _06907_/A0
 user_peripheral.aes_encryption_engine_inst.u_mix_columns\/_601_/Y
  _06889_/A
 user_peripheral.aes_encryption_engine_inst.u_mix_columns\/_604_/Y
  _06878_/A0
 user_peripheral.aes_encryption_engine_inst.u_mix_columns\/_609_/Y
  _06862_/A1
 user_peripheral.aes_encryption_engine_inst.u_mix_columns\/_612_/Y
  _06847_/A1
 user_peripheral.aes_encryption_engine_inst.u_mix_columns\/_616_/Y
  _06829_/A
 user_peripheral.aes_encryption_engine_inst.u_mix_columns\/_618_/Y
  _06806_/A
 user_peripheral.aes_encryption_engine_inst.u_mix_columns\/_621_/Y
  _06796_/A1
 user_peripheral.aes_encryption_engine_inst.u_mix_columns\/_625_/Y
  _06982_/A1
 user_peripheral.aes_encryption_engine_inst.u_mix_columns\/_628_/Y
  _06977_/A1
 user_peripheral.aes_encryption_engine_inst.u_mix_columns\/_631_/Y
  _06961_/A1
 user_peripheral.aes_encryption_engine_inst.u_mix_columns\/_635_/Y
  _06956_/A1
 user_peripheral.aes_encryption_engine_inst.u_mix_columns\/_639_/Y
  _06942_/A1
 user_peripheral.aes_encryption_engine_inst.u_mix_columns\/_641_/Y
  _06937_/A1
 user_peripheral.aes_encryption_engine_inst.u_mix_columns\/_644_/Y
  _06922_/A1
 user_peripheral.aes_encryption_engine_inst.u_mix_columns\/_647_/Y
  _06917_/A1
 user_peripheral.aes_encryption_engine_inst.u_mix_columns\/_649_/Y
  _07067_/A1
 user_peripheral.aes_encryption_engine_inst.u_mix_columns\/_652_/Y
  _07057_/A1
 user_peripheral.aes_encryption_engine_inst.u_mix_columns\/_655_/Y
  _07040_/A1
 user_peripheral.aes_encryption_engine_inst.u_mix_columns\/_659_/Y
  _07035_/A1
 user_peripheral.aes_encryption_engine_inst.u_mix_columns\/_662_/Y
  _07025_/A1
 user_peripheral.aes_encryption_engine_inst.u_mix_columns\/_665_/Y
  _07015_/A1
 user_peripheral.aes_encryption_engine_inst.u_mix_columns\/_667_/Y
  _07002_/A1
 user_peripheral.aes_encryption_engine_inst.u_mix_columns\/_669_/Y
  _06997_/A1
 user_peripheral.aes_encryption_engine_inst.u_mix_columns\/_673_/Y
  _07278_/A
 user_peripheral.aes_encryption_engine_inst.u_mix_columns\/_678_/Y
  _07267_/A
 user_peripheral.aes_encryption_engine_inst.u_mix_columns\/_683_/Y
  _07256_/A1
 user_peripheral.aes_encryption_engine_inst.u_mix_columns\/_689_/Y
  _07244_/A1
 user_peripheral.aes_encryption_engine_inst.u_mix_columns\/_694_/Y
  _07230_/A0
 user_peripheral.aes_encryption_engine_inst.u_mix_columns\/_699_/Y
  _07222_/A
 user_peripheral.aes_encryption_engine_inst.u_mix_columns\/_704_/Y
  _07206_/A1
  ANTENNA_user_peripheral.aes_encryption_engine_inst.u_mix_columns\/_704__Y/DIODE
  ANTENNA__07206__A1/DIODE
 user_peripheral.aes_encryption_engine_inst.u_mix_columns\/_708_/Y
  _07194_/A1
 user_peripheral.aes_encryption_engine_inst.u_mix_columns\/_712_/Y
  _07338_/A1
 user_peripheral.aes_encryption_engine_inst.u_mix_columns\/_715_/Y
  _07328_/A1
 user_peripheral.aes_encryption_engine_inst.u_mix_columns\/_718_/Y
  _07323_/A1
 user_peripheral.aes_encryption_engine_inst.u_mix_columns\/_723_/Y
  _07315_/A1
 user_peripheral.aes_encryption_engine_inst.u_mix_columns\/_726_/Y
  _07307_/A1
 user_peripheral.aes_encryption_engine_inst.u_mix_columns\/_730_/Y
  _07300_/A1
 user_peripheral.aes_encryption_engine_inst.u_mix_columns\/_732_/Y
  _07292_/A1
 user_peripheral.aes_encryption_engine_inst.u_mix_columns\/_735_/Y
  _07285_/A1
 user_peripheral.aes_encryption_engine_inst.u_mix_columns\/_739_/Y
  _07394_/A1
 user_peripheral.aes_encryption_engine_inst.u_mix_columns\/_742_/Y
  _07389_/A1
 user_peripheral.aes_encryption_engine_inst.u_mix_columns\/_745_/Y
  _07381_/A1
 user_peripheral.aes_encryption_engine_inst.u_mix_columns\/_749_/Y
  _07374_/A1
 user_peripheral.aes_encryption_engine_inst.u_mix_columns\/_753_/Y
  _07364_/A1
 user_peripheral.aes_encryption_engine_inst.u_mix_columns\/_755_/Y
  _07357_/A1
 user_peripheral.aes_encryption_engine_inst.u_mix_columns\/_758_/Y
  _07350_/A1
 user_peripheral.aes_encryption_engine_inst.u_mix_columns\/_761_/Y
  _07343_/A1
 user_peripheral.aes_encryption_engine_inst.u_mix_columns\/_763_/Y
  _07589_/A0
 user_peripheral.aes_encryption_engine_inst.u_mix_columns\/_766_/Y
  _07582_/A1
 user_peripheral.aes_encryption_engine_inst.u_mix_columns\/_769_/Y
  _07569_/A1
 user_peripheral.aes_encryption_engine_inst.u_mix_columns\/_773_/Y
  _07557_/A1
 user_peripheral.aes_encryption_engine_inst.u_mix_columns\/_776_/Y
  _07543_/A1
 user_peripheral.aes_encryption_engine_inst.u_mix_columns\/_779_/Y
  _07536_/A1
 user_peripheral.aes_encryption_engine_inst.u_mix_columns\/_781_/Y
  _07520_/A1
 user_peripheral.aes_encryption_engine_inst.u_mix_columns\/_783_/Y
  _07506_/A1

===========================================================================
max slew violation count 0
max fanout violation count 0
max cap violation count 0
============================================================================

===========================================================================
check_setup -verbose -unconstrained_endpoints -multiple_clock -no_clock -no_input_delay -loops -generated_clocks
===========================================================================
Warning: There is 1 input port missing set_input_delay.
  ena
Warning: There are 22 unconstrained endpoints.
  uio_oe[0]
  uio_oe[1]
  uio_oe[2]
  uio_oe[3]
  uio_oe[4]
  uio_oe[5]
  uio_oe[6]
  uio_oe[7]
  uio_out[1]
  uio_out[2]
  uio_out[4]
  uio_out[5]
  uio_out[6]
  uio_out[7]
  uo_out[0]
  uo_out[1]
  uo_out[2]
  uo_out[3]
  uo_out[4]
  uo_out[5]
  uo_out[6]
  uo_out[7]
