Clock: clk
Sources: clk 
Generated: no
Virtual: yes
Propagated: no
Period: 17.500000

===========================================================================
report_clock_properties
============================================================================
Clock                   Period          Waveform
----------------------------------------------------
clk                  17.500000    0.000000  8.750000

===========================================================================
report_clock_latency
============================================================================
Clock clk
rise -> rise
    min     max
0.000000 0.000000 source latency
0.353914         network latency _09806_/CLK
        0.540167 network latency _10027_/CLK
---------------
0.353914 0.540167 latency
        0.186254 skew

rise -> fall
    min     max
0.000000 0.000000 source latency
0.521662         network latency _09892_/CLK
        0.521662 network latency _09892_/CLK
---------------
0.521662 0.521662 latency
        0.000000 skew

fall -> rise
    min     max
0.000000 0.000000 source latency
0.504623         network latency _09892_/CLK
        0.504623 network latency _09892_/CLK
---------------
0.504623 0.504623 latency
        0.000000 skew

fall -> fall
    min     max
0.000000 0.000000 source latency
0.323464         network latency _09806_/CLK
        0.492585 network latency _10027_/CLK
---------------
0.323464 0.492585 latency
        0.169121 skew



===========================================================================
report_clock_min_period
============================================================================
clk period_min = 5.47 fmax = 182.96
