
===========================================================================
 report_power
============================================================================
======================= max_ss_100C_1v60 Corner ===================================

Group                    Internal    Switching      Leakage        Total
                            Power        Power        Power        Power (Watts)
------------------------------------------------------------------------
Sequential           1.996631e-03 3.864918e-05 1.754848e-05 2.052828e-03  53.6%
Combinational        1.643175e-04 4.104846e-04 3.648666e-05 6.112888e-04  16.0%
Clock                3.777680e-04 7.886777e-04 1.110331e-06 1.167556e-03  30.5%
Macro                0.000000e+00 0.000000e+00 0.000000e+00 0.000000e+00   0.0%
Pad                  0.000000e+00 0.000000e+00 0.000000e+00 0.000000e+00   0.0%
------------------------------------------------------------------------
Total                2.538719e-03 1.237812e-03 5.514379e-05 3.831674e-03 100.0%
                            66.3%        32.3%         1.4%

