
76. Executing CHECK pass (checking for obvious problems).
Checking module tt_um_tqv_peripheral_harness...
Warning: Wire tt_um_tqv_peripheral_harness.\uo_out [7] is used but has no driver.
Warning: Wire tt_um_tqv_peripheral_harness.\uo_out [6] is used but has no driver.
Warning: Wire tt_um_tqv_peripheral_harness.\uo_out [5] is used but has no driver.
Warning: Wire tt_um_tqv_peripheral_harness.\uo_out [4] is used but has no driver.
Warning: Wire tt_um_tqv_peripheral_harness.\uo_out [3] is used but has no driver.
Warning: Wire tt_um_tqv_peripheral_harness.\uo_out [2] is used but has no driver.
Warning: Wire tt_um_tqv_peripheral_harness.\uo_out [1] is used but has no driver.
Warning: Wire tt_um_tqv_peripheral_harness.\uo_out [0] is used but has no driver.
Warning: Wire tt_um_tqv_peripheral_harness.\uio_out [7] is used but has no driver.
Warning: Wire tt_um_tqv_peripheral_harness.\uio_out [6] is used but has no driver.
Warning: Wire tt_um_tqv_peripheral_harness.\uio_out [5] is used but has no driver.
Warning: Wire tt_um_tqv_peripheral_harness.\uio_out [4] is used but has no driver.
Warning: Wire tt_um_tqv_peripheral_harness.\uio_out [3] is used but has no driver.
Warning: Wire tt_um_tqv_peripheral_harness.\uio_out [2] is used but has no driver.
Warning: Wire tt_um_tqv_peripheral_harness.\uio_out [1] is used but has no driver.
Warning: Wire tt_um_tqv_peripheral_harness.\uio_out [0] is used but has no driver.
Warning: Wire tt_um_tqv_peripheral_harness.\uio_oe [7] is used but has no driver.
Warning: Wire tt_um_tqv_peripheral_harness.\uio_oe [6] is used but has no driver.
Warning: Wire tt_um_tqv_peripheral_harness.\uio_oe [5] is used but has no driver.
Warning: Wire tt_um_tqv_peripheral_harness.\uio_oe [4] is used but has no driver.
Warning: Wire tt_um_tqv_peripheral_harness.\uio_oe [3] is used but has no driver.
Warning: Wire tt_um_tqv_peripheral_harness.\uio_oe [2] is used but has no driver.
Warning: Wire tt_um_tqv_peripheral_harness.\uio_oe [1] is used but has no driver.
Warning: Wire tt_um_tqv_peripheral_harness.\uio_oe [0] is used but has no driver.
Found and reported 24 problems.
