
77. Printing statistics.

=== tt_um_tqv_peripheral_harness ===

   Number of wires:               2043
   Number of wire bits:           2078
   Number of public wires:         326
   Number of public wire bits:     361
   Number of memories:               0
   Number of memory bits:            0
   Number of processes:              0
   Number of cells:               2059
     sky130_fd_sc_hd__a211o_2       17
     sky130_fd_sc_hd__a211oi_2       2
     sky130_fd_sc_hd__a21bo_2        5
     sky130_fd_sc_hd__a21o_2        33
     sky130_fd_sc_hd__a21oi_2      164
     sky130_fd_sc_hd__a21oi_4       72
     sky130_fd_sc_hd__a221o_2        2
     sky130_fd_sc_hd__a22o_2        42
     sky130_fd_sc_hd__a22oi_2        2
     sky130_fd_sc_hd__a31o_2         6
     sky130_fd_sc_hd__a32o_2         1
     sky130_fd_sc_hd__a41o_2         9
     sky130_fd_sc_hd__and2_2        38
     sky130_fd_sc_hd__and2b_2        9
     sky130_fd_sc_hd__and3_2        52
     sky130_fd_sc_hd__and3_4         1
     sky130_fd_sc_hd__and3b_2        3
     sky130_fd_sc_hd__and4_2         6
     sky130_fd_sc_hd__and4b_2        1
     sky130_fd_sc_hd__buf_1         39
     sky130_fd_sc_hd__buf_12         3
     sky130_fd_sc_hd__buf_2         35
     sky130_fd_sc_hd__buf_4         14
     sky130_fd_sc_hd__buf_6         11
     sky130_fd_sc_hd__buf_8          1
     sky130_fd_sc_hd__bufinv_8       2
     sky130_fd_sc_hd__conb_1        18
     sky130_fd_sc_hd__dfrtp_2       51
     sky130_fd_sc_hd__dfstp_2        2
     sky130_fd_sc_hd__dfxtp_2      266
     sky130_fd_sc_hd__inv_2        150
     sky130_fd_sc_hd__inv_6          2
     sky130_fd_sc_hd__inv_8          1
     sky130_fd_sc_hd__mux2_2        49
     sky130_fd_sc_hd__nand2_2      509
     sky130_fd_sc_hd__nand2_4       10
     sky130_fd_sc_hd__nand2_8        2
     sky130_fd_sc_hd__nand3_2       84
     sky130_fd_sc_hd__nand3_4        2
     sky130_fd_sc_hd__nand3b_2       6
     sky130_fd_sc_hd__nor2_2       100
     sky130_fd_sc_hd__nor2_4         8
     sky130_fd_sc_hd__nor2_8         5
     sky130_fd_sc_hd__nor3_2         6
     sky130_fd_sc_hd__nor3b_2        1
     sky130_fd_sc_hd__o2111a_2       8
     sky130_fd_sc_hd__o2111ai_2      1
     sky130_fd_sc_hd__o211ai_2      22
     sky130_fd_sc_hd__o211ai_4       1
     sky130_fd_sc_hd__o21a_2        15
     sky130_fd_sc_hd__o21ai_2       87
     sky130_fd_sc_hd__o21ai_4        1
     sky130_fd_sc_hd__o21bai_2       1
     sky130_fd_sc_hd__o221ai_2       4
     sky130_fd_sc_hd__o22a_2         8
     sky130_fd_sc_hd__o22ai_2        1
     sky130_fd_sc_hd__o2bb2a_2       3
     sky130_fd_sc_hd__o31ai_2        1
     sky130_fd_sc_hd__or2_2         34
     sky130_fd_sc_hd__or2_4          3
     sky130_fd_sc_hd__or2b_2         2
     sky130_fd_sc_hd__or3_2          4
     sky130_fd_sc_hd__or3_4          1
     sky130_fd_sc_hd__or3b_2        11
     sky130_fd_sc_hd__or3b_4         1
     sky130_fd_sc_hd__or4_2          2
     sky130_fd_sc_hd__xnor2_2        2
     sky130_fd_sc_hd__xor2_2         4

   Chip area for module '\tt_um_tqv_peripheral_harness': 20784.934400

