
===========================================================================
report_checks -unconstrained
===========================================================================
======================= Typical Corner ===================================

Startpoint: _3440_ (rising edge-triggered flip-flop clocked by clk')
Endpoint: _3468_ (recovery check against rising-edge clock clk)
Path Group: asynchronous
Path Type: max

Fanout     Cap    Slew   Delay    Time   Description
-----------------------------------------------------------------------------
                  0.15    7.00    7.00   clock clk' (rise edge)
                          0.00    7.00   clock network delay (ideal)
                  0.15    0.00    7.00 ^ _3440_/CLK (sky130_fd_sc_hd__dfxtp_2)
                  0.96    1.05    8.05 ^ _3440_/Q (sky130_fd_sc_hd__dfxtp_2)
    54    0.19                           i_spi_reg.falling_edge_detector_sof.rstb (net)
                  0.96    0.00    8.05 ^ _3468_/RESET_B (sky130_fd_sc_hd__dfrtp_2)
                                  8.05   data arrival time

                  0.15   14.00   14.00   clock clk (rise edge)
                          0.00   14.00   clock network delay (ideal)
                         -0.25   13.75   clock uncertainty
                          0.00   13.75   clock reconvergence pessimism
                                 13.75 ^ _3468_/CLK (sky130_fd_sc_hd__dfrtp_2)
                         -0.04   13.71   library recovery time
                                 13.71   data required time
-----------------------------------------------------------------------------
                                 13.71   data required time
                                 -8.05   data arrival time
-----------------------------------------------------------------------------
                                  5.67   slack (MET)


Startpoint: rst_n (input port clocked by clk)
Endpoint: _3440_ (rising edge-triggered flip-flop clocked by clk')
Path Group: clk
Path Type: max

Fanout     Cap    Slew   Delay    Time   Description
-----------------------------------------------------------------------------
                  0.15    0.00    0.00   clock clk (rise edge)
                          0.00    0.00   clock network delay (ideal)
                          2.80    2.80 v input external delay
                  0.01    0.00    2.80 v rst_n (in)
     1    0.00                           rst_n (net)
                  0.01    0.00    2.80 v _3440_/D (sky130_fd_sc_hd__dfxtp_2)
                                  2.80   data arrival time

                  0.15    7.00    7.00   clock clk' (rise edge)
                          0.00    7.00   clock network delay (ideal)
                         -0.25    6.75   clock uncertainty
                          0.00    6.75   clock reconvergence pessimism
                                  6.75 ^ _3440_/CLK (sky130_fd_sc_hd__dfxtp_2)
                         -0.07    6.68   library setup time
                                  6.68   data required time
-----------------------------------------------------------------------------
                                  6.68   data required time
                                 -2.80   data arrival time
-----------------------------------------------------------------------------
                                  3.88   slack (MET)




===========================================================================
report_checks --slack_max -0.01
============================================================================
======================= Typical Corner ===================================

No paths found.


===========================================================================
 report_check_types -max_slew -max_cap -max_fanout -violators
============================================================================
======================= Typical Corner ===================================

max slew

Pin                                    Limit    Slew   Slack
------------------------------------------------------------
_2814_/X                                0.75    1.08   -0.33 (VIOLATED)
_2815_/B1                               0.75    1.08   -0.33 (VIOLATED)
_2820_/B1                               0.75    1.08   -0.33 (VIOLATED)
_2826_/B1                               0.75    1.08   -0.33 (VIOLATED)
_2835_/B1                               0.75    1.08   -0.33 (VIOLATED)
_2840_/B1                               0.75    1.08   -0.33 (VIOLATED)
_2848_/B1                               0.75    1.08   -0.33 (VIOLATED)
_2855_/B1                               0.75    1.08   -0.33 (VIOLATED)
_2860_/B1                               0.75    1.08   -0.33 (VIOLATED)
_2867_/B1                               0.75    1.08   -0.33 (VIOLATED)
_2873_/B1                               0.75    1.08   -0.33 (VIOLATED)
_2878_/B1                               0.75    1.08   -0.33 (VIOLATED)
_2883_/B1                               0.75    1.08   -0.33 (VIOLATED)
_2911_/B1                               0.75    1.08   -0.33 (VIOLATED)
_2918_/B1                               0.75    1.08   -0.33 (VIOLATED)
_2925_/B1                               0.75    1.08   -0.33 (VIOLATED)
_2339_/X                                0.75    1.08   -0.33 (VIOLATED)
_2340_/B1                               0.75    1.08   -0.33 (VIOLATED)
_2348_/B1                               0.75    1.08   -0.33 (VIOLATED)
_2356_/B1                               0.75    1.08   -0.33 (VIOLATED)
_2364_/B1                               0.75    1.08   -0.33 (VIOLATED)
_2371_/B1                               0.75    1.08   -0.33 (VIOLATED)
_2508_/B1                               0.75    1.08   -0.33 (VIOLATED)
_2519_/B1                               0.75    1.08   -0.33 (VIOLATED)
_2530_/B1                               0.75    1.08   -0.33 (VIOLATED)
_2541_/B1                               0.75    1.08   -0.33 (VIOLATED)
_2552_/B1                               0.75    1.08   -0.33 (VIOLATED)
_2563_/B1                               0.75    1.08   -0.33 (VIOLATED)
_2575_/B1                               0.75    1.08   -0.33 (VIOLATED)
_2586_/B1                               0.75    1.08   -0.33 (VIOLATED)
_2598_/B1                               0.75    1.08   -0.33 (VIOLATED)
_2605_/B1                               0.75    1.08   -0.33 (VIOLATED)
_1769_/A                                0.75    0.96   -0.21 (VIOLATED)
_3440_/Q                                0.75    0.96   -0.21 (VIOLATED)
_3468_/RESET_B                          0.75    0.96   -0.21 (VIOLATED)
_3469_/RESET_B                          0.75    0.96   -0.21 (VIOLATED)
_3470_/RESET_B                          0.75    0.96   -0.21 (VIOLATED)
_3707_/RESET_B                          0.75    0.96   -0.21 (VIOLATED)
_3708_/RESET_B                          0.75    0.96   -0.21 (VIOLATED)
_3709_/RESET_B                          0.75    0.96   -0.21 (VIOLATED)
_3710_/RESET_B                          0.75    0.96   -0.21 (VIOLATED)
_3711_/RESET_B                          0.75    0.96   -0.21 (VIOLATED)
_3712_/RESET_B                          0.75    0.96   -0.21 (VIOLATED)
_3713_/RESET_B                          0.75    0.96   -0.21 (VIOLATED)
_3714_/RESET_B                          0.75    0.96   -0.21 (VIOLATED)
_3715_/RESET_B                          0.75    0.96   -0.21 (VIOLATED)
_3716_/RESET_B                          0.75    0.96   -0.21 (VIOLATED)
_3717_/RESET_B                          0.75    0.96   -0.21 (VIOLATED)
_3718_/RESET_B                          0.75    0.96   -0.21 (VIOLATED)
_3719_/RESET_B                          0.75    0.96   -0.21 (VIOLATED)
_3720_/RESET_B                          0.75    0.96   -0.21 (VIOLATED)
_3721_/RESET_B                          0.75    0.96   -0.21 (VIOLATED)
_3722_/RESET_B                          0.75    0.96   -0.21 (VIOLATED)
_3723_/RESET_B                          0.75    0.96   -0.21 (VIOLATED)
_3724_/RESET_B                          0.75    0.96   -0.21 (VIOLATED)
_3725_/RESET_B                          0.75    0.96   -0.21 (VIOLATED)
_3726_/RESET_B                          0.75    0.96   -0.21 (VIOLATED)
_3727_/RESET_B                          0.75    0.96   -0.21 (VIOLATED)
_3728_/RESET_B                          0.75    0.96   -0.21 (VIOLATED)
_3729_/RESET_B                          0.75    0.96   -0.21 (VIOLATED)
_3730_/RESET_B                          0.75    0.96   -0.21 (VIOLATED)
_3731_/RESET_B                          0.75    0.96   -0.21 (VIOLATED)
_3732_/RESET_B                          0.75    0.96   -0.21 (VIOLATED)
_3733_/RESET_B                          0.75    0.96   -0.21 (VIOLATED)
_3734_/RESET_B                          0.75    0.96   -0.21 (VIOLATED)
_3735_/RESET_B                          0.75    0.96   -0.21 (VIOLATED)
_3736_/RESET_B                          0.75    0.96   -0.21 (VIOLATED)
_3737_/RESET_B                          0.75    0.96   -0.21 (VIOLATED)
_3738_/RESET_B                          0.75    0.96   -0.21 (VIOLATED)
_3739_/RESET_B                          0.75    0.96   -0.21 (VIOLATED)
_3740_/RESET_B                          0.75    0.96   -0.21 (VIOLATED)
_3741_/RESET_B                          0.75    0.96   -0.21 (VIOLATED)
_3742_/RESET_B                          0.75    0.96   -0.21 (VIOLATED)
_3743_/RESET_B                          0.75    0.96   -0.21 (VIOLATED)
_3744_/RESET_B                          0.75    0.96   -0.21 (VIOLATED)
_3745_/RESET_B                          0.75    0.96   -0.21 (VIOLATED)
_3746_/RESET_B                          0.75    0.96   -0.21 (VIOLATED)
_3747_/RESET_B                          0.75    0.96   -0.21 (VIOLATED)
_3748_/RESET_B                          0.75    0.96   -0.21 (VIOLATED)
_3749_/RESET_B                          0.75    0.96   -0.21 (VIOLATED)
_3750_/RESET_B                          0.75    0.96   -0.21 (VIOLATED)
_3751_/RESET_B                          0.75    0.96   -0.21 (VIOLATED)
_3752_/RESET_B                          0.75    0.96   -0.21 (VIOLATED)
_3753_/RESET_B                          0.75    0.96   -0.21 (VIOLATED)
_3754_/SET_B                            0.75    0.96   -0.21 (VIOLATED)
_3755_/SET_B                            0.75    0.96   -0.21 (VIOLATED)
_3756_/RESET_B                          0.75    0.96   -0.21 (VIOLATED)
_2612_/X                                0.75    0.93   -0.18 (VIOLATED)
_2613_/B1                               0.75    0.93   -0.18 (VIOLATED)
_2620_/B1                               0.75    0.93   -0.18 (VIOLATED)
_2627_/B1                               0.75    0.93   -0.18 (VIOLATED)
_2634_/B1                               0.75    0.93   -0.18 (VIOLATED)
_2641_/B1                               0.75    0.93   -0.18 (VIOLATED)
_2648_/B1                               0.75    0.93   -0.18 (VIOLATED)
_2687_/B1                               0.75    0.93   -0.18 (VIOLATED)
_2692_/B1                               0.75    0.93   -0.18 (VIOLATED)
_2697_/B1                               0.75    0.93   -0.18 (VIOLATED)
_2702_/B1                               0.75    0.93   -0.18 (VIOLATED)
_2707_/B1                               0.75    0.93   -0.18 (VIOLATED)
_2712_/B1                               0.75    0.93   -0.18 (VIOLATED)
_2717_/B1                               0.75    0.93   -0.18 (VIOLATED)
_2722_/B1                               0.75    0.93   -0.18 (VIOLATED)
_2807_/B1                               0.75    0.93   -0.18 (VIOLATED)
_2933_/X                                0.75    0.88   -0.13 (VIOLATED)
_2934_/B1                               0.75    0.88   -0.13 (VIOLATED)
_2942_/B1                               0.75    0.88   -0.13 (VIOLATED)
_2949_/B1                               0.75    0.88   -0.13 (VIOLATED)
_2955_/B1                               0.75    0.88   -0.13 (VIOLATED)
_2964_/B1                               0.75    0.88   -0.13 (VIOLATED)
_2972_/B1                               0.75    0.88   -0.13 (VIOLATED)
_2979_/B1                               0.75    0.88   -0.13 (VIOLATED)
_2997_/B1                               0.75    0.88   -0.13 (VIOLATED)
_3007_/B1                               0.75    0.88   -0.13 (VIOLATED)
_3023_/B1                               0.75    0.88   -0.13 (VIOLATED)
_3074_/B1                               0.75    0.88   -0.13 (VIOLATED)
_3076_/B1                               0.75    0.88   -0.13 (VIOLATED)
_3078_/B1                               0.75    0.88   -0.13 (VIOLATED)
_3080_/B1                               0.75    0.88   -0.13 (VIOLATED)
_3082_/B1                               0.75    0.88   -0.13 (VIOLATED)
_2494_/X                                0.75    0.86   -0.11 (VIOLATED)
_2495_/A2                               0.75    0.86   -0.11 (VIOLATED)
_2512_/A2                               0.75    0.86   -0.11 (VIOLATED)
_2523_/A2                               0.75    0.86   -0.11 (VIOLATED)
_2534_/A2                               0.75    0.86   -0.11 (VIOLATED)
_2545_/A2                               0.75    0.86   -0.11 (VIOLATED)
_2556_/A2                               0.75    0.86   -0.11 (VIOLATED)
_2568_/A2                               0.75    0.86   -0.11 (VIOLATED)
_2588_/A2                               0.75    0.86   -0.11 (VIOLATED)
_2600_/A2                               0.75    0.86   -0.11 (VIOLATED)
_2607_/A2                               0.75    0.86   -0.11 (VIOLATED)
_2615_/A2                               0.75    0.86   -0.11 (VIOLATED)
_2622_/A2                               0.75    0.86   -0.11 (VIOLATED)
_2629_/A2                               0.75    0.86   -0.11 (VIOLATED)
_2636_/A2                               0.75    0.86   -0.11 (VIOLATED)
_2643_/A2                               0.75    0.86   -0.11 (VIOLATED)
_3087_/X                                0.75    0.82   -0.07 (VIOLATED)
_3088_/B1                               0.75    0.82   -0.07 (VIOLATED)
_3092_/B1                               0.75    0.82   -0.07 (VIOLATED)
_3096_/B1                               0.75    0.82   -0.07 (VIOLATED)
_3098_/B1                               0.75    0.82   -0.07 (VIOLATED)
_3100_/B1                               0.75    0.82   -0.07 (VIOLATED)
_3104_/B1                               0.75    0.82   -0.07 (VIOLATED)
_3108_/B1                               0.75    0.82   -0.07 (VIOLATED)
_3110_/B1                               0.75    0.82   -0.07 (VIOLATED)
_3112_/B1                               0.75    0.82   -0.07 (VIOLATED)
_3114_/B1                               0.75    0.82   -0.07 (VIOLATED)
_3116_/B1                               0.75    0.82   -0.07 (VIOLATED)
_3118_/B1                               0.75    0.82   -0.07 (VIOLATED)
_3120_/B1                               0.75    0.82   -0.07 (VIOLATED)
_3124_/B1                               0.75    0.82   -0.07 (VIOLATED)
_3128_/B1                               0.75    0.82   -0.07 (VIOLATED)
_1923_/X                                0.75    0.82   -0.07 (VIOLATED)
_1924_/B1                               0.75    0.82   -0.07 (VIOLATED)
_1927_/B1                               0.75    0.82   -0.07 (VIOLATED)
_1930_/B1                               0.75    0.82   -0.07 (VIOLATED)
_1933_/B1                               0.75    0.82   -0.07 (VIOLATED)
_1936_/B1                               0.75    0.82   -0.07 (VIOLATED)
_1939_/B1                               0.75    0.82   -0.07 (VIOLATED)
_1942_/B1                               0.75    0.82   -0.07 (VIOLATED)
_1945_/B1                               0.75    0.82   -0.07 (VIOLATED)
_2002_/B1                               0.75    0.82   -0.07 (VIOLATED)
_2005_/B1                               0.75    0.82   -0.07 (VIOLATED)
_2008_/B1                               0.75    0.82   -0.07 (VIOLATED)
_2011_/B1                               0.75    0.82   -0.07 (VIOLATED)
_2014_/B1                               0.75    0.82   -0.07 (VIOLATED)
_2017_/B1                               0.75    0.82   -0.07 (VIOLATED)
_2020_/B1                               0.75    0.82   -0.07 (VIOLATED)
_2023_/X                                0.75    0.82   -0.07 (VIOLATED)
_2024_/B1                               0.75    0.82   -0.07 (VIOLATED)
_2033_/B1                               0.75    0.82   -0.07 (VIOLATED)
_2036_/B1                               0.75    0.82   -0.07 (VIOLATED)
_2039_/B1                               0.75    0.82   -0.07 (VIOLATED)
_2042_/B1                               0.75    0.82   -0.07 (VIOLATED)
_2045_/B1                               0.75    0.82   -0.07 (VIOLATED)
_2048_/B1                               0.75    0.82   -0.07 (VIOLATED)
_2051_/B1                               0.75    0.82   -0.07 (VIOLATED)
_2054_/B1                               0.75    0.82   -0.07 (VIOLATED)
_2057_/B1                               0.75    0.82   -0.07 (VIOLATED)
_2060_/B1                               0.75    0.82   -0.07 (VIOLATED)
_2063_/B1                               0.75    0.82   -0.07 (VIOLATED)
_2066_/B1                               0.75    0.82   -0.07 (VIOLATED)
_2069_/B1                               0.75    0.82   -0.07 (VIOLATED)
_2072_/B1                               0.75    0.82   -0.07 (VIOLATED)
_2075_/X                                0.75    0.82   -0.07 (VIOLATED)
_2076_/B1                               0.75    0.82   -0.07 (VIOLATED)
_2081_/B1                               0.75    0.82   -0.07 (VIOLATED)
_2084_/B1                               0.75    0.82   -0.07 (VIOLATED)
_2087_/B1                               0.75    0.82   -0.07 (VIOLATED)
_2090_/B1                               0.75    0.82   -0.07 (VIOLATED)
_2093_/B1                               0.75    0.82   -0.07 (VIOLATED)
_2096_/B1                               0.75    0.82   -0.07 (VIOLATED)
_2099_/B1                               0.75    0.82   -0.07 (VIOLATED)
_2102_/B1                               0.75    0.82   -0.07 (VIOLATED)
_2105_/B1                               0.75    0.82   -0.07 (VIOLATED)
_2108_/B1                               0.75    0.82   -0.07 (VIOLATED)
_2111_/B1                               0.75    0.82   -0.07 (VIOLATED)
_2114_/B1                               0.75    0.82   -0.07 (VIOLATED)
_2117_/B1                               0.75    0.82   -0.07 (VIOLATED)
_2120_/B1                               0.75    0.82   -0.07 (VIOLATED)
_1957_/X                                0.75    0.80   -0.05 (VIOLATED)
_1958_/C1                               0.75    0.80   -0.05 (VIOLATED)
_3284_/A                                0.75    0.80   -0.05 (VIOLATED)
_3287_/A                                0.75    0.80   -0.05 (VIOLATED)
_3299_/A                                0.75    0.80   -0.05 (VIOLATED)
_3304_/A                                0.75    0.80   -0.05 (VIOLATED)
_3317_/A                                0.75    0.80   -0.05 (VIOLATED)
_3326_/A                                0.75    0.80   -0.05 (VIOLATED)
_3333_/A                                0.75    0.80   -0.05 (VIOLATED)
_3338_/A                                0.75    0.80   -0.05 (VIOLATED)
_3343_/A                                0.75    0.80   -0.05 (VIOLATED)
_3352_/A                                0.75    0.80   -0.05 (VIOLATED)
_3360_/A                                0.75    0.80   -0.05 (VIOLATED)
_3364_/A                                0.75    0.80   -0.05 (VIOLATED)
_3368_/A                                0.75    0.80   -0.05 (VIOLATED)
_3380_/A                                0.75    0.80   -0.05 (VIOLATED)
_2596_/X                                0.75    0.80   -0.05 (VIOLATED)
_2597_/A                                0.75    0.80   -0.05 (VIOLATED)
_2604_/A                                0.75    0.80   -0.05 (VIOLATED)
_2611_/A                                0.75    0.80   -0.05 (VIOLATED)
_2619_/A                                0.75    0.80   -0.05 (VIOLATED)
_2626_/A                                0.75    0.80   -0.05 (VIOLATED)
_2633_/A                                0.75    0.80   -0.05 (VIOLATED)
_2640_/A                                0.75    0.80   -0.05 (VIOLATED)
_2647_/A                                0.75    0.80   -0.05 (VIOLATED)
_2686_/A                                0.75    0.80   -0.05 (VIOLATED)
_2691_/A                                0.75    0.80   -0.05 (VIOLATED)
_2696_/A                                0.75    0.80   -0.05 (VIOLATED)
_2701_/A                                0.75    0.80   -0.05 (VIOLATED)
_2706_/A                                0.75    0.80   -0.05 (VIOLATED)
_2711_/A                                0.75    0.80   -0.05 (VIOLATED)
_2716_/A                                0.75    0.80   -0.05 (VIOLATED)

max fanout

Pin                                   Limit Fanout  Slack
---------------------------------------------------------
_3440_/Q                                 15     54    -39 (VIOLATED)



===========================================================================
report_parasitic_annotation -report_unannotated
============================================================================
Found 2096 unannotated drivers.
 clk
 ena
 rst_n
 ui_in[0]
 ui_in[1]
 ui_in[2]
 ui_in[3]
 ui_in[4]
 ui_in[5]
 ui_in[6]
 ui_in[7]
 uio_in[0]
 uio_in[1]
 uio_in[2]
 uio_in[3]
 uio_in[4]
 uio_in[5]
 uio_in[6]
 uio_in[7]
 _1717_/Y
 _1718_/Y
 _1719_/X
 _1720_/X
 _1721_/Y
 _1722_/Y
 _1723_/Y
 _1724_/X
 _1725_/Y
 _1726_/Y
 _1727_/Y
 _1728_/X
 _1729_/Y
 _1730_/Y
 _1731_/Y
 _1732_/Y
 _1733_/Y
 _1734_/X
 _1735_/Y
 _1736_/X
 _1737_/X
 _1738_/X
 _1739_/X
 _1740_/X
 _1741_/Y
 _1742_/Y
 _1743_/X
 _1744_/Y
 _1745_/Y
 _1746_/Y
 _1747_/Y
 _1748_/Y
 _1749_/Y
 _1750_/Y
 _1751_/Y
 _1752_/Y
 _1753_/Y
 _1754_/Y
 _1755_/Y
 _1756_/Y
 _1757_/Y
 _1758_/Y
 _1759_/Y
 _1760_/Y
 _1761_/Y
 _1762_/X
 _1763_/Y
 _1764_/Y
 _1765_/Y
 _1766_/Y
 _1767_/Y
 _1768_/X
 _1769_/X
 _1770_/Y
 _1771_/Y
 _1772_/Y
 _1773_/Y
 _1774_/Y
 _1775_/Y
 _1776_/Y
 _1777_/X
 _1778_/Y
 _1779_/Y
 _1780_/Y
 _1781_/X
 _1782_/Y
 _1783_/Y
 _1784_/Y
 _1785_/Y
 _1786_/Y
 _1787_/Y
 _1788_/X
 _1789_/Y
 _1790_/Y
 _1791_/Y
 _1792_/Y
 _1793_/Y
 _1794_/Y
 _1795_/X
 _1796_/X
 _1797_/Y
 _1798_/Y
 _1799_/X
 _1800_/X
 _1801_/X
 _1802_/Y
 _1803_/Y
 _1804_/X
 _1805_/X
 _1806_/Y
 _1807_/X
 _1808_/Y
 _1809_/X
 _1810_/Y
 _1811_/Y
 _1812_/Y
 _1813_/X
 _1814_/X
 _1815_/X
 _1816_/Y
 _1817_/Y
 _1818_/Y
 _1819_/X
 _1820_/Y
 _1821_/Y
 _1822_/X
 _1823_/Y
 _1824_/Y
 _1825_/X
 _1826_/Y
 _1827_/Y
 _1828_/X
 _1829_/Y
 _1830_/Y
 _1831_/X
 _1832_/Y
 _1833_/X
 _1834_/Y
 _1835_/Y
 _1836_/Y
 _1837_/X
 _1838_/Y
 _1839_/Y
 _1840_/Y
 _1841_/X
 _1842_/X
 _1843_/X
 _1844_/Y
 _1845_/Y
 _1846_/Y
 _1847_/Y
 _1848_/Y
 _1849_/Y
 _1850_/X
 _1851_/Y
 _1852_/Y
 _1853_/Y
 _1854_/Y
 _1855_/Y
 _1856_/Y
 _1857_/Y
 _1858_/Y
 _1859_/Y
 _1860_/X
 _1861_/Y
 _1862_/Y
 _1863_/Y
 _1864_/Y
 _1865_/Y
 _1866_/Y
 _1867_/Y
 _1868_/Y
 _1869_/Y
 _1870_/Y
 _1871_/Y
 _1872_/Y
 _1873_/Y
 _1874_/Y
 _1875_/Y
 _1876_/Y
 _1877_/X
 _1878_/X
 _1879_/Y
 _1880_/Y
 _1881_/Y
 _1882_/Y
 _1883_/Y
 _1884_/Y
 _1885_/X
 _1886_/Y
 _1887_/Y
 _1888_/Y
 _1889_/Y
 _1890_/Y
 _1891_/Y
 _1892_/Y
 _1893_/Y
 _1894_/Y
 _1895_/X
 _1896_/Y
 _1897_/X
 _1898_/Y
 _1899_/Y
 _1900_/Y
 _1901_/Y
 _1902_/Y
 _1903_/Y
 _1904_/Y
 _1905_/Y
 _1906_/Y
 _1907_/Y
 _1908_/Y
 _1909_/Y
 _1910_/Y
 _1911_/Y
 _1912_/Y
 _1913_/Y
 _1914_/Y
 _1915_/Y
 _1916_/Y
 _1917_/Y
 _1918_/Y
 _1919_/Y
 _1920_/Y
 _1921_/Y
 _1922_/Y
 _1923_/X
 _1924_/Y
 _1925_/Y
 _1926_/Y
 _1927_/Y
 _1928_/Y
 _1929_/Y
 _1930_/Y
 _1931_/Y
 _1932_/Y
 _1933_/Y
 _1934_/Y
 _1935_/Y
 _1936_/Y
 _1937_/Y
 _1938_/Y
 _1939_/Y
 _1940_/Y
 _1941_/Y
 _1942_/Y
 _1943_/Y
 _1944_/Y
 _1945_/Y
 _1946_/Y
 _1947_/Y
 _1948_/Y
 _1949_/Y
 _1950_/Y
 _1951_/Y
 _1952_/Y
 _1953_/X
 _1954_/X
 _1955_/Y
 _1956_/Y
 _1957_/X
 _1958_/Y
 _1959_/Y
 _1960_/Y
 _1961_/Y
 _1962_/X
 _1963_/Y
 _1964_/Y
 _1965_/X
 _1966_/X
 _1967_/Y
 _1968_/Y
 _1969_/X
 _1970_/Y
 _1971_/Y
 _1972_/X
 _1973_/X
 _1974_/Y
 _1975_/X
 _1976_/Y
 _1977_/X
 _1978_/Y
 _1979_/Y
 _1980_/X
 _1981_/Y
 _1982_/Y
 _1983_/X
 _1984_/Y
 _1985_/Y
 _1986_/X
 _1987_/Y
 _1988_/Y
 _1989_/X
 _1990_/Y
 _1991_/Y
 _1992_/X
 _1993_/Y
 _1994_/Y
 _1995_/X
 _1996_/Y
 _1997_/Y
 _1998_/X
 _1999_/Y
 _2000_/Y
 _2001_/Y
 _2002_/Y
 _2003_/Y
 _2004_/Y
 _2005_/Y
 _2006_/Y
 _2007_/Y
 _2008_/Y
 _2009_/Y
 _2010_/Y
 _2011_/Y
 _2012_/Y
 _2013_/Y
 _2014_/Y
 _2015_/Y
 _2016_/Y
 _2017_/Y
 _2018_/Y
 _2019_/Y
 _2020_/Y
 _2021_/Y
 _2022_/Y
 _2023_/X
 _2024_/Y
 _2025_/Y
 _2026_/X
 _2027_/Y
 _2028_/Y
 _2029_/X
 _2030_/Y
 _2031_/X
 _2032_/Y
 _2033_/Y
 _2034_/Y
 _2035_/Y
 _2036_/Y
 _2037_/Y
 _2038_/Y
 _2039_/Y
 _2040_/Y
 _2041_/Y
 _2042_/Y
 _2043_/Y
 _2044_/Y
 _2045_/Y
 _2046_/Y
 _2047_/Y
 _2048_/Y
 _2049_/Y
 _2050_/Y
 _2051_/Y
 _2052_/Y
 _2053_/Y
 _2054_/Y
 _2055_/Y
 _2056_/Y
 _2057_/Y
 _2058_/Y
 _2059_/Y
 _2060_/Y
 _2061_/Y
 _2062_/Y
 _2063_/Y
 _2064_/Y
 _2065_/Y
 _2066_/Y
 _2067_/Y
 _2068_/Y
 _2069_/Y
 _2070_/Y
 _2071_/Y
 _2072_/Y
 _2073_/Y
 _2074_/Y
 _2075_/X
 _2076_/Y
 _2077_/X
 _2078_/Y
 _2079_/X
 _2080_/Y
 _2081_/Y
 _2082_/Y
 _2083_/Y
 _2084_/Y
 _2085_/Y
 _2086_/Y
 _2087_/Y
 _2088_/Y
 _2089_/Y
 _2090_/Y
 _2091_/Y
 _2092_/Y
 _2093_/Y
 _2094_/Y
 _2095_/Y
 _2096_/Y
 _2097_/Y
 _2098_/Y
 _2099_/Y
 _2100_/Y
 _2101_/Y
 _2102_/Y
 _2103_/Y
 _2104_/Y
 _2105_/Y
 _2106_/Y
 _2107_/Y
 _2108_/Y
 _2109_/Y
 _2110_/Y
 _2111_/Y
 _2112_/Y
 _2113_/Y
 _2114_/Y
 _2115_/Y
 _2116_/Y
 _2117_/Y
 _2118_/Y
 _2119_/Y
 _2120_/Y
 _2121_/Y
 _2122_/Y
 _2123_/X
 _2124_/Y
 _2125_/Y
 _2126_/Y
 _2127_/Y
 _2128_/Y
 _2129_/Y
 _2130_/Y
 _2131_/X
 _2132_/Y
 _2133_/Y
 _2134_/X
 _2135_/Y
 _2136_/Y
 _2137_/X
 _2138_/X
 _2139_/Y
 _2140_/Y
 _2141_/X
 _2142_/Y
 _2143_/Y
 _2144_/X
 _2145_/Y
 _2146_/Y
 _2147_/X
 _2148_/Y
 _2149_/X
 _2150_/X
 _2151_/X
 _2152_/Y
 _2153_/Y
 _2154_/X
 _2155_/X
 _2156_/X
 _2157_/Y
 _2158_/Y
 _2159_/Y
 _2160_/X
 _2161_/Y
 _2162_/X
 _2163_/Y
 _2164_/Y
 _2165_/Y
 _2166_/X
 _2167_/Y
 _2168_/X
 _2169_/Y
 _2170_/X
 _2171_/Y
 _2172_/Y
 _2173_/X
 _2174_/Y
 _2175_/X
 _2176_/Y
 _2177_/Y
 _2178_/Y
 _2179_/X
 _2180_/Y
 _2181_/X
 _2182_/Y
 _2183_/Y
 _2184_/Y
 _2185_/X
 _2186_/Y
 _2187_/X
 _2188_/Y
 _2189_/Y
 _2190_/Y
 _2191_/X
 _2192_/Y
 _2193_/X
 _2194_/Y
 _2195_/Y
 _2196_/Y
 _2197_/X
 _2198_/Y
 _2199_/X
 _2200_/Y
 _2201_/Y
 _2202_/Y
 _2203_/X
 _2204_/Y
 _2205_/X
 _2206_/Y
 _2207_/Y
 _2208_/Y
 _2209_/X
 _2210_/Y
 _2211_/X
 _2212_/Y
 _2213_/Y
 _2214_/Y
 _2215_/X
 _2216_/Y
 _2217_/X
 _2218_/Y
 _2219_/Y
 _2220_/Y
 _2221_/X
 _2222_/Y
 _2223_/X
 _2224_/Y
 _2225_/Y
 _2226_/X
 _2227_/Y
 _2228_/X
 _2229_/Y
 _2230_/X
 _2231_/Y
 _2232_/Y
 _2233_/Y
 _2234_/X
 _2235_/Y
 _2236_/X
 _2237_/Y
 _2238_/Y
 _2239_/Y
 _2240_/X
 _2241_/Y
 _2242_/X
 _2243_/Y
 _2244_/Y
 _2245_/Y
 _2246_/Y
 _2247_/Y
 _2248_/Y
 _2249_/X
 _2250_/X
 _2251_/X
 _2252_/X
 _2253_/X
 _2254_/X
 _2255_/Y
 _2256_/Y
 _2257_/Y
 _2258_/X
 _2259_/X
 _2260_/X
 _2261_/Y
 _2262_/Y
 _2263_/Y
 _2264_/X
 _2265_/X
 _2266_/X
 _2267_/Y
 _2268_/Y
 _2269_/Y
 _2270_/X
 _2271_/X
 _2272_/X
 _2273_/Y
 _2274_/Y
 _2275_/Y
 _2276_/X
 _2277_/X
 _2278_/X
 _2279_/Y
 _2280_/Y
 _2281_/Y
 _2282_/X
 _2283_/X
 _2284_/X
 _2285_/Y
 _2286_/Y
 _2287_/Y
 _2288_/X
 _2289_/X
 _2290_/X
 _2291_/Y
 _2292_/Y
 _2293_/Y
 _2294_/X
 _2295_/X
 _2296_/X
 _2297_/Y
 _2298_/Y
 _2299_/Y
 _2300_/Y
 _2301_/X
 _2302_/X
 _2303_/Y
 _2304_/X
 _2305_/Y
 _2306_/X
 _2307_/Y
 _2308_/Y
 _2309_/Y
 _2310_/Y
 _2311_/Y
 _2312_/X
 _2313_/X
 _2314_/X
 _2315_/Y
 _2316_/X
 _2317_/Y
 _2318_/Y
 _2319_/Y
 _2320_/Y
 _2321_/Y
 _2322_/X
 _2323_/X
 _2324_/X
 _2325_/Y
 _2326_/X
 _2327_/Y
 _2328_/Y
 _2329_/Y
 _2330_/X
 _2331_/Y
 _2332_/X
 _2333_/Y
 _2334_/Y
 _2335_/Y
 _2336_/X
 _2337_/Y
 _2338_/Y
 _2339_/X
 _2340_/Y
 _2341_/Y
 _2342_/Y
 _2343_/Y
 _2344_/Y
 _2345_/X
 _2346_/X
 _2347_/Y
 _2348_/Y
 _2349_/Y
 _2350_/Y
 _2351_/Y
 _2352_/Y
 _2353_/X
 _2354_/X
 _2355_/Y
 _2356_/Y
 _2357_/Y
 _2358_/Y
 _2359_/Y
 _2360_/Y
 _2361_/X
 _2362_/X
 _2363_/Y
 _2364_/Y
 _2365_/Y
 _2366_/Y
 _2367_/Y
 _2368_/X
 _2369_/X
 _2370_/Y
 _2371_/Y
 _2372_/X
 _2373_/Y
 _2374_/X
 _2375_/X
 _2376_/Y
 _2377_/Y
 _2378_/X
 _2379_/Y
 _2380_/Y
 _2381_/Y
 _2382_/X
 _2383_/Y
 _2384_/Y
 _2385_/Y
 _2386_/Y
 _2387_/Y
 _2388_/Y
 _2389_/Y
 _2390_/Y
 _2391_/Y
 _2392_/Y
 _2393_/Y
 _2394_/Y
 _2395_/Y
 _2396_/Y
 _2397_/Y
 _2398_/Y
 _2399_/Y
 _2400_/Y
 _2401_/Y
 _2402_/Y
 _2403_/Y
 _2404_/Y
 _2405_/Y
 _2406_/Y
 _2407_/Y
 _2408_/Y
 _2409_/Y
 _2410_/Y
 _2411_/Y
 _2412_/Y
 _2413_/Y
 _2414_/Y
 _2415_/Y
 _2416_/Y
 _2417_/Y
 _2418_/Y
 _2419_/Y
 _2420_/X
 _2421_/Y
 _2422_/Y
 _2423_/Y
 _2424_/Y
 _2425_/Y
 _2426_/Y
 _2427_/X
 _2428_/Y
 _2429_/X
 _2430_/Y
 _2431_/X
 _2432_/Y
 _2433_/Y
 _2434_/Y
 _2435_/Y
 _2436_/Y
 _2437_/Y
 _2438_/Y
 _2439_/Y
 _2440_/Y
 _2441_/Y
 _2442_/Y
 _2443_/Y
 _2444_/Y
 _2445_/Y
 _2446_/Y
 _2447_/Y
 _2448_/Y
 _2449_/Y
 _2450_/Y
 _2451_/Y
 _2452_/Y
 _2453_/Y
 _2454_/Y
 _2455_/Y
 _2456_/Y
 _2457_/Y
 _2458_/Y
 _2459_/Y
 _2460_/Y
 _2461_/Y
 _2462_/Y
 _2463_/Y
 _2464_/Y
 _2465_/Y
 _2466_/Y
 _2467_/Y
 _2468_/Y
 _2469_/Y
 _2470_/Y
 _2471_/Y
 _2472_/Y
 _2473_/Y
 _2474_/Y
 _2475_/Y
 _2476_/Y
 _2477_/Y
 _2478_/Y
 _2479_/Y
 _2480_/Y
 _2481_/Y
 _2482_/Y
 _2483_/Y
 _2484_/Y
 _2485_/Y
 _2486_/X
 _2487_/X
 _2488_/X
 _2489_/X
 _2490_/X
 _2491_/X
 _2492_/Y
 _2493_/Y
 _2494_/X
 _2495_/Y
 _2496_/Y
 _2497_/Y
 _2498_/X
 _2499_/Y
 _2500_/X
 _2501_/X
 _2502_/X
 _2503_/Y
 _2504_/X
 _2505_/X
 _2506_/X
 _2507_/Y
 _2508_/Y
 _2509_/Y
 _2510_/Y
 _2511_/Y
 _2512_/Y
 _2513_/Y
 _2514_/Y
 _2515_/Y
 _2516_/X
 _2517_/X
 _2518_/Y
 _2519_/Y
 _2520_/Y
 _2521_/Y
 _2522_/Y
 _2523_/Y
 _2524_/Y
 _2525_/Y
 _2526_/Y
 _2527_/X
 _2528_/X
 _2529_/Y
 _2530_/Y
 _2531_/Y
 _2532_/Y
 _2533_/Y
 _2534_/Y
 _2535_/Y
 _2536_/Y
 _2537_/Y
 _2538_/X
 _2539_/X
 _2540_/Y
 _2541_/Y
 _2542_/Y
 _2543_/Y
 _2544_/Y
 _2545_/Y
 _2546_/Y
 _2547_/Y
 _2548_/Y
 _2549_/X
 _2550_/X
 _2551_/Y
 _2552_/Y
 _2553_/Y
 _2554_/Y
 _2555_/Y
 _2556_/Y
 _2557_/Y
 _2558_/Y
 _2559_/Y
 _2560_/X
 _2561_/X
 _2562_/Y
 _2563_/Y
 _2564_/Y
 _2565_/Y
 _2566_/Y
 _2567_/X
 _2568_/Y
 _2569_/Y
 _2570_/Y
 _2571_/Y
 _2572_/X
 _2573_/X
 _2574_/Y
 _2575_/Y
 _2576_/Y
 _2577_/Y
 _2578_/Y
 _2579_/Y
 _2580_/Y
 _2581_/Y
 _2582_/Y
 _2583_/X
 _2584_/X
 _2585_/Y
 _2586_/Y
 _2587_/X
 _2588_/Y
 _2589_/X
 _2590_/Y
 _2591_/X
 _2592_/X
 _2593_/Y
 _2594_/Y
 _2595_/Y
 _2596_/X
 _2597_/Y
 _2598_/Y
 _2599_/X
 _2600_/Y
 _2601_/X
 _2602_/Y
 _2603_/Y
 _2604_/Y
 _2605_/Y
 _2606_/X
 _2607_/Y
 _2608_/X
 _2609_/Y
 _2610_/Y
 _2611_/Y
 _2612_/X
 _2613_/Y
 _2614_/X
 _2615_/Y
 _2616_/X
 _2617_/Y
 _2618_/Y
 _2619_/Y
 _2620_/Y
 _2621_/X
 _2622_/Y
 _2623_/X
 _2624_/Y
 _2625_/Y
 _2626_/Y
 _2627_/Y
 _2628_/X
 _2629_/Y
 _2630_/X
 _2631_/Y
 _2632_/Y
 _2633_/Y
 _2634_/Y
 _2635_/X
 _2636_/Y
 _2637_/X
 _2638_/Y
 _2639_/Y
 _2640_/Y
 _2641_/Y
 _2642_/X
 _2643_/Y
 _2644_/X
 _2645_/Y
 _2646_/Y
 _2647_/Y
 _2648_/Y
 _2649_/X
 _2650_/X
 _2651_/X
 _2652_/X
 _2653_/X
 _2654_/X
 _2655_/X
 _2656_/X
 _2657_/X
 _2658_/X
 _2659_/X
 _2660_/X
 _2661_/X
 _2662_/X
 _2663_/X
 _2664_/X
 _2665_/X
 _2666_/X
 _2667_/X
 _2668_/X
 _2669_/X
 _2670_/X
 _2671_/X
 _2672_/X
 _2673_/X
 _2674_/X
 _2675_/X
 _2676_/X
 _2677_/X
 _2678_/X
 _2679_/X
 _2680_/X
 _2681_/X
 _2682_/X
 _2683_/Y
 _2684_/X
 _2685_/Y
 _2686_/Y
 _2687_/Y
 _2688_/Y
 _2689_/X
 _2690_/Y
 _2691_/Y
 _2692_/Y
 _2693_/Y
 _2694_/X
 _2695_/Y
 _2696_/Y
 _2697_/Y
 _2698_/Y
 _2699_/X
 _2700_/Y
 _2701_/Y
 _2702_/Y
 _2703_/Y
 _2704_/X
 _2705_/Y
 _2706_/Y
 _2707_/Y
 _2708_/Y
 _2709_/X
 _2710_/Y
 _2711_/Y
 _2712_/Y
 _2713_/Y
 _2714_/X
 _2715_/Y
 _2716_/Y
 _2717_/Y
 _2718_/Y
 _2719_/X
 _2720_/Y
 _2721_/Y
 _2722_/Y
 _2723_/X
 _2724_/Y
 _2725_/X
 _2726_/X
 _2727_/X
 _2728_/Y
 _2729_/X
 _2730_/Y
 _2731_/Y
 _2732_/Y
 _2733_/Y
 _2734_/Y
 _2735_/Y
 _2736_/Y
 _2737_/Y
 _2738_/Y
 _2739_/Y
 _2740_/Y
 _2741_/Y
 _2742_/Y
 _2743_/Y
 _2744_/X
 _2745_/Y
 _2746_/Y
 _2747_/X
 _2748_/Y
 _2749_/Y
 _2750_/Y
 _2751_/Y
 _2752_/Y
 _2753_/Y
 _2754_/Y
 _2755_/Y
 _2756_/Y
 _2757_/Y
 _2758_/Y
 _2759_/Y
 _2760_/Y
 _2761_/Y
 _2762_/Y
 _2763_/Y
 _2764_/Y
 _2765_/Y
 _2766_/X
 _2767_/Y
 _2768_/Y
 _2769_/Y
 _2770_/Y
 _2771_/Y
 _2772_/Y
 _2773_/Y
 _2774_/Y
 _2775_/Y
 _2776_/Y
 _2777_/Y
 _2778_/Y
 _2779_/Y
 _2780_/Y
 _2781_/X
 _2782_/X
 _2783_/Y
 _2784_/Y
 _2785_/X
 _2786_/X
 _2787_/X
 _2788_/X
 _2789_/X
 _2790_/X
 _2791_/X
 _2792_/X
 _2793_/X
 _2794_/X
 _2795_/X
 _2796_/X
 _2797_/X
 _2798_/X
 _2799_/X
 _2800_/Y
 _2801_/X
 _2802_/Y
 _2803_/Y
 _2804_/Y
 _2805_/Y
 _2806_/Y
 _2807_/Y
 _2808_/Y
 _2809_/Y
 _2810_/Y
 _2811_/X
 _2812_/Y
 _2813_/Y
 _2814_/X
 _2815_/Y
 _2816_/X
 _2817_/X
 _2818_/Y
 _2819_/Y
 _2820_/Y
 _2821_/Y
 _2822_/Y
 _2823_/X
 _2824_/Y
 _2825_/Y
 _2826_/Y
 _2827_/Y
 _2828_/X
 _2829_/Y
 _2830_/Y
 _2831_/Y
 _2832_/X
 _2833_/Y
 _2834_/Y
 _2835_/Y
 _2836_/X
 _2837_/Y
 _2838_/Y
 _2839_/Y
 _2840_/Y
 _2841_/X
 _2842_/X
 _2843_/Y
 _2844_/Y
 _2845_/Y
 _2846_/Y
 _2847_/Y
 _2848_/Y
 _2849_/Y
 _2850_/Y
 _2851_/Y
 _2852_/X
 _2853_/Y
 _2854_/Y
 _2855_/Y
 _2856_/X
 _2857_/X
 _2858_/Y
 _2859_/Y
 _2860_/Y
 _2861_/Y
 _2862_/Y
 _2863_/Y
 _2864_/X
 _2865_/Y
 _2866_/Y
 _2867_/Y
 _2868_/Y
 _2869_/Y
 _2870_/X
 _2871_/Y
 _2872_/Y
 _2873_/Y
 _2874_/Y
 _2875_/X
 _2876_/X
 _2877_/Y
 _2878_/Y
 _2879_/Y
 _2880_/Y
 _2881_/X
 _2882_/X
 _2883_/Y
 _2884_/X
 _2885_/Y
 _2886_/Y
 _2887_/Y
 _2888_/X
 _2889_/Y
 _2890_/Y
 _2891_/Y
 _2892_/Y
 _2893_/Y
 _2894_/Y
 _2895_/X
 _2896_/Y
 _2897_/Y
 _2898_/Y
 _2899_/Y
 _2900_/Y
 _2901_/Y
 _2902_/Y
 _2903_/Y
 _2904_/Y
 _2905_/X
 _2906_/X
 _2907_/Y
 _2908_/Y
 _2909_/X
 _2910_/X
 _2911_/Y
 _2912_/Y
 _2913_/Y
 _2914_/Y
 _2915_/X
 _2916_/Y
 _2917_/X
 _2918_/Y
 _2919_/Y
 _2920_/Y
 _2921_/Y
 _2922_/X
 _2923_/Y
 _2924_/Y
 _2925_/Y
 _2926_/Y
 _2927_/Y
 _2928_/Y
 _2929_/Y
 _2930_/Y
 _2931_/Y
 _2932_/Y
 _2933_/X
 _2934_/Y
 _2935_/Y
 _2936_/Y
 _2937_/Y
 _2938_/Y
 _2939_/Y
 _2940_/Y
 _2941_/Y
 _2942_/Y
 _2943_/Y
 _2944_/Y
 _2945_/Y
 _2946_/Y
 _2947_/X
 _2948_/X
 _2949_/Y
 _2950_/Y
 _2951_/Y
 _2952_/X
 _2953_/Y
 _2954_/Y
 _2955_/Y
 _2956_/Y
 _2957_/Y
 _2958_/Y
 _2959_/Y
 _2960_/Y
 _2961_/Y
 _2962_/Y
 _2963_/Y
 _2964_/Y
 _2965_/Y
 _2966_/Y
 _2967_/Y
 _2968_/Y
 _2969_/Y
 _2970_/Y
 _2971_/Y
 _2972_/Y
 _2973_/Y
 _2974_/Y
 _2975_/X
 _2976_/Y
 _2977_/Y
 _2978_/Y
 _2979_/Y
 _2980_/Y
 _2981_/Y
 _2982_/Y
 _2983_/Y
 _2984_/Y
 _2985_/Y
 _2986_/Y
 _2987_/Y
 _2988_/Y
 _2989_/Y
 _2990_/Y
 _2991_/Y
 _2992_/Y
 _2993_/Y
 _2994_/Y
 _2995_/Y
 _2996_/Y
 _2997_/Y
 _2998_/Y
 _2999_/Y
 _3000_/Y
 _3001_/Y
 _3002_/Y
 _3003_/X
 _3004_/Y
 _3005_/Y
 _3006_/Y
 _3007_/Y
 _3008_/Y
 _3009_/Y
 _3010_/Y
 _3011_/Y
 _3012_/Y
 _3013_/Y
 _3014_/Y
 _3015_/Y
 _3016_/Y
 _3017_/Y
 _3018_/Y
 _3019_/Y
 _3020_/Y
 _3021_/Y
 _3022_/Y
 _3023_/Y
 _3024_/Y
 _3025_/Y
 _3026_/Y
 _3027_/X
 _3028_/X
 _3029_/Y
 _3030_/X
 _3031_/Y
 _3032_/Y
 _3033_/X
 _3034_/Y
 _3035_/Y
 _3036_/Y
 _3037_/Y
 _3038_/Y
 _3039_/Y
 _3040_/X
 _3041_/Y
 _3042_/X
 _3043_/Y
 _3044_/Y
 _3045_/Y
 _3046_/Y
 _3047_/Y
 _3048_/Y
 _3049_/Y
 _3050_/Y
 _3051_/Y
 _3052_/Y
 _3053_/X
 _3054_/Y
 _3055_/Y
 _3056_/X
 _3057_/Y
 _3058_/X
 _3059_/Y
 _3060_/Y
 _3061_/X
 _3062_/X
 _3063_/Y
 _3064_/Y
 _3065_/X
 _3066_/X
 _3067_/Y
 _3068_/Y
 _3069_/Y
 _3070_/X
 _3071_/Y
 _3072_/X
 _3073_/Y
 _3074_/Y
 _3075_/Y
 _3076_/Y
 _3077_/Y
 _3078_/Y
 _3079_/Y
 _3080_/Y
 _3081_/Y
 _3082_/Y
 _3083_/Y
 _3084_/Y
 _3085_/X
 _3086_/Y
 _3087_/X
 _3088_/Y
 _3089_/Y
 _3090_/Y
 _3091_/Y
 _3092_/Y
 _3093_/Y
 _3094_/Y
 _3095_/Y
 _3096_/Y
 _3097_/Y
 _3098_/Y
 _3099_/Y
 _3100_/Y
 _3101_/Y
 _3102_/Y
 _3103_/Y
 _3104_/Y
 _3105_/Y
 _3106_/Y
 _3107_/Y
 _3108_/Y
 _3109_/Y
 _3110_/Y
 _3111_/Y
 _3112_/Y
 _3113_/Y
 _3114_/Y
 _3115_/Y
 _3116_/Y
 _3117_/Y
 _3118_/Y
 _3119_/Y
 _3120_/Y
 _3121_/Y
 _3122_/Y
 _3123_/Y
 _3124_/Y
 _3125_/Y
 _3126_/Y
 _3127_/Y
 _3128_/Y
 _3129_/Y
 _3130_/Y
 _3131_/Y
 _3132_/Y
 _3133_/Y
 _3134_/Y
 _3135_/Y
 _3136_/Y
 _3137_/Y
 _3138_/Y
 _3139_/Y
 _3140_/X
 _3141_/Y
 _3142_/Y
 _3143_/Y
 _3144_/Y
 _3145_/Y
 _3146_/X
 _3147_/Y
 _3148_/Y
 _3149_/Y
 _3150_/Y
 _3151_/Y
 _3152_/Y
 _3153_/X
 _3154_/X
 _3155_/Y
 _3156_/X
 _3157_/X
 _3158_/Y
 _3159_/X
 _3160_/Y
 _3161_/X
 _3162_/Y
 _3163_/Y
 _3164_/X
 _3165_/X
 _3166_/X
 _3167_/Y
 _3168_/X
 _3169_/Y
 _3170_/Y
 _3171_/Y
 _3172_/Y
 _3173_/X
 _3174_/Y
 _3175_/Y
 _3176_/Y
 _3177_/Y
 _3178_/X
 _3179_/X
 _3180_/Y
 _3181_/Y
 _3182_/Y
 _3183_/X
 _3184_/Y
 _3185_/X
 _3186_/Y
 _3187_/Y
 _3188_/Y
 _3189_/X
 _3190_/Y
 _3191_/Y
 _3192_/X
 _3193_/X
 _3194_/Y
 _3195_/Y
 _3196_/Y
 _3197_/X
 _3198_/Y
 _3199_/X
 _3200_/X
 _3201_/X
 _3202_/Y
 _3203_/Y
 _3204_/Y
 _3205_/Y
 _3206_/X
 _3207_/Y
 _3208_/Y
 _3209_/Y
 _3210_/Y
 _3211_/Y
 _3212_/Y
 _3213_/Y
 _3214_/Y
 _3215_/Y
 _3216_/Y
 _3217_/Y
 _3218_/X
 _3219_/X
 _3220_/Y
 _3221_/Y
 _3222_/X
 _3223_/X
 _3224_/Y
 _3225_/X
 _3226_/X
 _3227_/Y
 _3228_/Y
 _3229_/Y
 _3230_/Y
 _3231_/Y
 _3232_/Y
 _3233_/Y
 _3234_/Y
 _3235_/Y
 _3236_/Y
 _3237_/Y
 _3238_/Y
 _3239_/X
 _3240_/Y
 _3241_/X
 _3242_/X
 _3243_/X
 _3244_/Y
 _3245_/X
 _3246_/Y
 _3247_/Y
 _3248_/Y
 _3249_/Y
 _3250_/Y
 _3251_/X
 _3252_/Y
 _3253_/X
 _3254_/X
 _3255_/Y
 _3256_/Y
 _3257_/Y
 _3258_/Y
 _3259_/Y
 _3260_/Y
 _3261_/X
 _3262_/Y
 _3263_/X
 _3264_/X
 _3265_/Y
 _3266_/Y
 _3267_/Y
 _3268_/X
 _3269_/Y
 _3270_/X
 _3271_/Y
 _3272_/Y
 _3273_/Y
 _3274_/Y
 _3275_/Y
 _3276_/X
 _3277_/Y
 _3278_/Y
 _3279_/Y
 _3280_/Y
 _3281_/X
 _3282_/X
 _3283_/Y
 _3284_/Y
 _3285_/X
 _3286_/Y
 _3287_/Y
 _3288_/X
 _3289_/Y
 _3290_/X
 _3291_/Y
 _3292_/X
 _3293_/X
 _3294_/X
 _3295_/Y
 _3296_/Y
 _3297_/X
 _3298_/Y
 _3299_/Y
 _3300_/X
 _3301_/Y
 _3302_/X
 _3303_/Y
 _3304_/Y
 _3305_/X
 _3306_/Y
 _3307_/X
 _3308_/X
 _3309_/Y
 _3310_/Y
 _3311_/X
 _3312_/X
 _3313_/Y
 _3314_/Y
 _3315_/X
 _3316_/Y
 _3317_/Y
 _3318_/X
 _3319_/Y
 _3320_/X
 _3321_/X
 _3322_/Y
 _3323_/Y
 _3324_/X
 _3325_/Y
 _3326_/Y
 _3327_/X
 _3328_/Y
 _3329_/Y
 _3330_/X
 _3331_/Y
 _3332_/Y
 _3333_/Y
 _3334_/Y
 _3335_/X
 _3336_/Y
 _3337_/X
 _3338_/Y
 _3339_/X
 _3340_/Y
 _3341_/X
 _3342_/Y
 _3343_/Y
 _3344_/X
 _3345_/X
 _3346_/Y
 _3347_/Y
 _3348_/X
 _3349_/X
 _3350_/X
 _3351_/Y
 _3352_/Y
 _3353_/X
 _3354_/X
 _3355_/Y
 _3356_/Y
 _3357_/X
 _3358_/X
 _3359_/X
 _3360_/Y
 _3361_/X
 _3362_/Y
 _3363_/X
 _3364_/Y
 _3365_/X
 _3366_/X
 _3367_/Y
 _3368_/Y
 _3369_/X
 _3370_/X
 _3371_/Y
 _3372_/Y
 _3373_/X
 _3374_/Y
 _3375_/Y
 _3376_/Y
 _3377_/X
 _3378_/X
 _3379_/X
 _3380_/Y
 _3381_/X
 _3382_/X
 _3383_/Y
 _3384_/Y
 _3385_/X
 _3386_/Y
 _3387_/Y
 _3388_/Y
 _3389_/X
 _3390_/Y
 _3391_/Y
 _3392_/Y
 _3393_/X
 _3394_/Y
 _3395_/Y
 _3396_/Y
 _3397_/Y
 _3398_/Y
 _3399_/X
 _3400_/X
 _3401_/Y
 _3402_/Y
 _3403_/X
 _3404_/X
 _3405_/X
 _3406_/X
 _3407_/Y
 _3408_/Y
 _3409_/X
 _3410_/Y
 _3411_/X
 _3412_/X
 _3413_/Y
 _3414_/Y
 _3415_/X
 _3416_/Y
 _3417_/X
 _3418_/X
 _3419_/Y
 _3420_/X
 _3421_/X
 _3422_/X
 _3423_/X
 _3424_/X
 _3425_/X
 _3426_/X
 _3427_/X
 _3428_/X
 _3429_/X
 _3430_/X
 _3431_/X
 _3432_/X
 _3433_/X
 _3434_/X
 _3435_/X
 _3436_/X
 _3437_/X
 _3438_/Q
 _3439_/Q
 _3440_/Q
 _3441_/Q
 _3442_/Q
 _3443_/Q
 _3444_/Q
 _3445_/Q
 _3446_/Q
 _3447_/Q
 _3448_/Q
 _3449_/Q
 _3450_/Q
 _3451_/Q
 _3452_/Q
 _3453_/Q
 _3454_/Q
 _3455_/Q
 _3456_/Q
 _3457_/Q
 _3458_/Q
 _3459_/Q
 _3460_/Q
 _3461_/Q
 _3462_/Q
 _3463_/Q
 _3464_/Q
 _3465_/Q
 _3466_/Q
 _3467_/Q
 _3468_/Q
 _3469_/Q
 _3470_/Q
 _3471_/Q
 _3472_/Q
 _3473_/Q
 _3474_/Q
 _3475_/Q
 _3476_/Q
 _3477_/Q
 _3478_/Q
 _3479_/Q
 _3480_/Q
 _3481_/Q
 _3482_/Q
 _3483_/Q
 _3484_/Q
 _3485_/Q
 _3486_/Q
 _3487_/Q
 _3488_/Q
 _3489_/Q
 _3490_/Q
 _3491_/Q
 _3492_/Q
 _3493_/Q
 _3494_/Q
 _3495_/Q
 _3496_/Q
 _3497_/Q
 _3498_/Q
 _3499_/Q
 _3500_/Q
 _3501_/Q
 _3502_/Q
 _3503_/Q
 _3504_/Q
 _3505_/Q
 _3506_/Q
 _3507_/Q
 _3508_/Q
 _3509_/Q
 _3510_/Q
 _3511_/Q
 _3512_/Q
 _3513_/Q
 _3514_/Q
 _3515_/Q
 _3516_/Q
 _3517_/Q
 _3518_/Q
 _3519_/Q
 _3520_/Q
 _3521_/Q
 _3522_/Q
 _3523_/Q
 _3524_/Q
 _3525_/Q
 _3526_/Q
 _3527_/Q
 _3528_/Q
 _3529_/Q
 _3530_/Q
 _3531_/Q
 _3532_/Q
 _3533_/Q
 _3534_/Q
 _3535_/Q
 _3536_/Q
 _3537_/Q
 _3538_/Q
 _3539_/Q
 _3540_/Q
 _3541_/Q
 _3542_/Q
 _3543_/Q
 _3544_/Q
 _3545_/Q
 _3546_/Q
 _3547_/Q
 _3548_/Q
 _3549_/Q
 _3550_/Q
 _3551_/Q
 _3552_/Q
 _3553_/Q
 _3554_/Q
 _3555_/Q
 _3556_/Q
 _3557_/Q
 _3558_/Q
 _3559_/Q
 _3560_/Q
 _3561_/Q
 _3562_/Q
 _3563_/Q
 _3564_/Q
 _3565_/Q
 _3566_/Q
 _3567_/Q
 _3568_/Q
 _3569_/Q
 _3570_/Q
 _3571_/Q
 _3572_/Q
 _3573_/Q
 _3574_/Q
 _3575_/Q
 _3576_/Q
 _3577_/Q
 _3578_/Q
 _3579_/Q
 _3580_/Q
 _3581_/Q
 _3582_/Q
 _3583_/Q
 _3584_/Q
 _3585_/Q
 _3586_/Q
 _3587_/Q
 _3588_/Q
 _3589_/Q
 _3590_/Q
 _3591_/Q
 _3592_/Q
 _3593_/Q
 _3594_/Q
 _3595_/Q
 _3596_/Q
 _3597_/Q
 _3598_/Q
 _3599_/Q
 _3600_/Q
 _3601_/Q
 _3602_/Q
 _3603_/Q
 _3604_/Q
 _3605_/Q
 _3606_/Q
 _3607_/Q
 _3608_/Q
 _3609_/Q
 _3610_/Q
 _3611_/Q
 _3612_/Q
 _3613_/Q
 _3614_/Q
 _3615_/Q
 _3616_/Q
 _3617_/Q
 _3618_/Q
 _3619_/Q
 _3620_/Q
 _3621_/Q
 _3622_/Q
 _3623_/Q
 _3624_/Q
 _3625_/Q
 _3626_/Q
 _3627_/Q
 _3628_/Q
 _3629_/Q
 _3630_/Q
 _3631_/Q
 _3632_/Q
 _3633_/Q
 _3634_/Q
 _3635_/Q
 _3636_/Q
 _3637_/Q
 _3638_/Q
 _3639_/Q
 _3640_/Q
 _3641_/Q
 _3642_/Q
 _3643_/Q
 _3644_/Q
 _3645_/Q
 _3646_/Q
 _3647_/Q
 _3648_/Q
 _3649_/Q
 _3650_/Q
 _3651_/Q
 _3652_/Q
 _3653_/Q
 _3654_/Q
 _3655_/Q
 _3656_/Q
 _3657_/Q
 _3658_/Q
 _3659_/Q
 _3660_/Q
 _3661_/Q
 _3662_/Q
 _3663_/Q
 _3664_/Q
 _3665_/Q
 _3666_/Q
 _3667_/Q
 _3668_/Q
 _3669_/Q
 _3670_/Q
 _3671_/Q
 _3672_/Q
 _3673_/Q
 _3674_/Q
 _3675_/Q
 _3676_/Q
 _3677_/Q
 _3678_/Q
 _3679_/Q
 _3680_/Q
 _3681_/Q
 _3682_/Q
 _3683_/Q
 _3684_/Q
 _3685_/Q
 _3686_/Q
 _3687_/Q
 _3688_/Q
 _3689_/Q
 _3690_/Q
 _3691_/Q
 _3692_/Q
 _3693_/Q
 _3694_/Q
 _3695_/Q
 _3696_/Q
 _3697_/Q
 _3698_/Q
 _3699_/Q
 _3700_/Q
 _3701_/Q
 _3702_/Q
 _3703_/Q
 _3704_/Q
 _3705_/Q
 _3706_/Q
 _3707_/Q
 _3708_/Q
 _3709_/Q
 _3710_/Q
 _3711_/Q
 _3712_/Q
 _3713_/Q
 _3714_/Q
 _3715_/Q
 _3716_/Q
 _3717_/Q
 _3718_/Q
 _3719_/Q
 _3720_/Q
 _3721_/Q
 _3722_/Q
 _3723_/Q
 _3724_/Q
 _3725_/Q
 _3726_/Q
 _3727_/Q
 _3728_/Q
 _3729_/Q
 _3730_/Q
 _3731_/Q
 _3732_/Q
 _3733_/Q
 _3734_/Q
 _3735_/Q
 _3736_/Q
 _3737_/Q
 _3738_/Q
 _3739_/Q
 _3740_/Q
 _3741_/Q
 _3742_/Q
 _3743_/Q
 _3744_/Q
 _3745_/Q
 _3746_/Q
 _3747_/Q
 _3748_/Q
 _3749_/Q
 _3750_/Q
 _3751_/Q
 _3752_/Q
 _3753_/Q
 _3754_/Q
 _3755_/Q
 _3756_/Q
 _3757_/HI
 _3757_/LO
 _3758_/HI
 _3758_/LO
 _3759_/HI
 _3759_/LO
 _3760_/HI
 _3760_/LO
 _3761_/HI
 _3761_/LO
 _3762_/HI
 _3762_/LO
 _3763_/HI
 _3763_/LO
 _3764_/HI
 _3764_/LO
 _3765_/HI
 _3765_/LO
 _3766_/HI
 _3766_/LO
 _3767_/HI
 _3767_/LO
 _3768_/HI
 _3768_/LO
 _3769_/HI
 _3769_/LO
 _3770_/HI
 _3770_/LO
 _3771_/HI
 _3771_/LO
 _3772_/HI
 _3772_/LO
 _3773_/HI
 _3773_/LO
 _3774_/HI
 _3774_/LO
 _3775_/X
Found 0 partially unannotated drivers.

===========================================================================
max slew violation count 231
max fanout violation count 1
max cap violation count 0
============================================================================

===========================================================================
check_setup -verbose -unconstrained_endpoints -multiple_clock -no_clock -no_input_delay -loops -generated_clocks
===========================================================================
Warning: There are 18 unconstrained endpoints.
  uio_oe[0]
  uio_oe[1]
  uio_oe[2]
  uio_oe[3]
  uio_oe[4]
  uio_oe[5]
  uio_oe[6]
  uio_oe[7]
  uio_out[1]
  uio_out[2]
  uio_out[4]
  uio_out[5]
  uio_out[6]
  uio_out[7]
  uo_out[4]
  uo_out[5]
  uo_out[6]
  uo_out[7]
