
69. Printing statistics.

=== tt_um_tqv_peripheral_harness ===

   Number of wires:               1918
   Number of wire bits:           1953
   Number of public wires:         331
   Number of public wire bits:     366
   Number of memories:               0
   Number of memory bits:            0
   Number of processes:              0
   Number of cells:               1934
     sky130_fd_sc_hd__a211o_2       32
     sky130_fd_sc_hd__a21o_2       106
     sky130_fd_sc_hd__a21oi_2       36
     sky130_fd_sc_hd__a221o_2       14
     sky130_fd_sc_hd__a22o_2        85
     sky130_fd_sc_hd__a22oi_2        3
     sky130_fd_sc_hd__a2bb2o_2       3
     sky130_fd_sc_hd__a31o_2        44
     sky130_fd_sc_hd__a32o_2        17
     sky130_fd_sc_hd__and2_2        25
     sky130_fd_sc_hd__and2b_2        3
     sky130_fd_sc_hd__and3_2        27
     sky130_fd_sc_hd__and3b_2        2
     sky130_fd_sc_hd__and4_2         5
     sky130_fd_sc_hd__and4b_2        8
     sky130_fd_sc_hd__and4bb_2       5
     sky130_fd_sc_hd__buf_1        246
     sky130_fd_sc_hd__buf_2          6
     sky130_fd_sc_hd__conb_1        18
     sky130_fd_sc_hd__dfrtp_2       51
     sky130_fd_sc_hd__dfstp_2        2
     sky130_fd_sc_hd__dfxtp_2      266
     sky130_fd_sc_hd__inv_2         30
     sky130_fd_sc_hd__mux2_2       138
     sky130_fd_sc_hd__mux4_2        47
     sky130_fd_sc_hd__nand2_2       42
     sky130_fd_sc_hd__nand3_2        3
     sky130_fd_sc_hd__nand3b_2       1
     sky130_fd_sc_hd__nand4_2        2
     sky130_fd_sc_hd__nand4b_2       1
     sky130_fd_sc_hd__nor2_2        60
     sky130_fd_sc_hd__nor2b_2        1
     sky130_fd_sc_hd__nor3_2         3
     sky130_fd_sc_hd__nor3b_2        2
     sky130_fd_sc_hd__nor4b_2        1
     sky130_fd_sc_hd__o2111a_2       1
     sky130_fd_sc_hd__o211a_2      196
     sky130_fd_sc_hd__o21a_2        73
     sky130_fd_sc_hd__o21ai_2       24
     sky130_fd_sc_hd__o21ba_2        8
     sky130_fd_sc_hd__o21bai_2       1
     sky130_fd_sc_hd__o221a_2       19
     sky130_fd_sc_hd__o22a_2        35
     sky130_fd_sc_hd__o22ai_2        1
     sky130_fd_sc_hd__o31a_2         5
     sky130_fd_sc_hd__o31ai_2        1
     sky130_fd_sc_hd__o32a_2        11
     sky130_fd_sc_hd__or2_2        173
     sky130_fd_sc_hd__or2b_2         4
     sky130_fd_sc_hd__or3_2         15
     sky130_fd_sc_hd__or3b_2         7
     sky130_fd_sc_hd__or4_2         10
     sky130_fd_sc_hd__or4b_2         5
     sky130_fd_sc_hd__or4bb_2        1
     sky130_fd_sc_hd__xnor2_2        7
     sky130_fd_sc_hd__xor2_2         2

   Chip area for module '\tt_um_tqv_peripheral_harness': 20721.123200

