
===========================================================================
report_checks -unconstrained
===========================================================================
======================= Typical Corner ===================================

Startpoint: _3178_ (rising edge-triggered flip-flop clocked by clk')
Endpoint: _3410_ (recovery check against rising-edge clock clk)
Path Group: asynchronous
Path Type: max

Fanout     Cap    Slew   Delay    Time   Description
-----------------------------------------------------------------------------
                  0.15    7.00    7.00   clock clk' (rise edge)
                          0.00    7.00   clock network delay (ideal)
                  0.15    0.00    7.00 ^ _3178_/CLK (sky130_fd_sc_hd__dfxtp_2)
    58    0.20    1.01    1.09    8.09 ^ _3178_/Q (sky130_fd_sc_hd__dfxtp_2)
                                         i_spi_reg.falling_edge_detector_sof.rstb (net)
                  1.01    0.00    8.09 ^ _3410_/RESET_B (sky130_fd_sc_hd__dfrtp_2)
                                  8.09   data arrival time

                  0.15   14.00   14.00   clock clk (rise edge)
                          0.00   14.00   clock network delay (ideal)
                         -0.25   13.75   clock uncertainty
                          0.00   13.75   clock reconvergence pessimism
                                 13.75 ^ _3410_/CLK (sky130_fd_sc_hd__dfrtp_2)
                         -0.06   13.69   library recovery time
                                 13.69   data required time
-----------------------------------------------------------------------------
                                 13.69   data required time
                                 -8.09   data arrival time
-----------------------------------------------------------------------------
                                  5.61   slack (MET)


Startpoint: _3178_ (rising edge-triggered flip-flop clocked by clk')
Endpoint: _3221_ (rising edge-triggered flip-flop clocked by clk)
Path Group: clk
Path Type: max

Fanout     Cap    Slew   Delay    Time   Description
-----------------------------------------------------------------------------
                  0.15    7.00    7.00   clock clk' (rise edge)
                          0.00    7.00   clock network delay (ideal)
                  0.15    0.00    7.00 ^ _3178_/CLK (sky130_fd_sc_hd__dfxtp_2)
    58    0.20    1.01    1.09    8.09 ^ _3178_/Q (sky130_fd_sc_hd__dfxtp_2)
                                         i_spi_reg.falling_edge_detector_sof.rstb (net)
                  1.01    0.00    8.09 ^ _1632_/A (sky130_fd_sc_hd__inv_2)
     9    0.03    0.22    0.22    8.30 v _1632_/Y (sky130_fd_sc_hd__inv_2)
                                         _1326_ (net)
                  0.22    0.00    8.30 v _1700_/A (sky130_fd_sc_hd__or2_2)
     1    0.00    0.05    0.36    8.66 v _1700_/X (sky130_fd_sc_hd__or2_2)
                                         _1363_ (net)
                  0.05    0.00    8.66 v _1701_/A (sky130_fd_sc_hd__buf_1)
    10    0.02    0.13    0.18    8.85 v _1701_/X (sky130_fd_sc_hd__buf_1)
                                         _1364_ (net)
                  0.13    0.00    8.85 v _1730_/A (sky130_fd_sc_hd__or2_2)
     2    0.00    0.06    0.34    9.19 v _1730_/X (sky130_fd_sc_hd__or2_2)
                                         _1392_ (net)
                  0.06    0.00    9.19 v _1731_/A (sky130_fd_sc_hd__buf_1)
    10    0.04    0.21    0.25    9.44 v _1731_/X (sky130_fd_sc_hd__buf_1)
                                         _1393_ (net)
                  0.21    0.00    9.44 v _1799_/B1_N (sky130_fd_sc_hd__o21ba_2)
     1    0.00    0.03    0.31    9.75 ^ _1799_/X (sky130_fd_sc_hd__o21ba_2)
                                         _1454_ (net)
                  0.03    0.00    9.75 ^ _1800_/B1 (sky130_fd_sc_hd__a21o_2)
     1    0.00    0.03    0.08    9.82 ^ _1800_/X (sky130_fd_sc_hd__a21o_2)
                                         _1455_ (net)
                  0.03    0.00    9.82 ^ _1801_/B1 (sky130_fd_sc_hd__a21o_2)
     1    0.00    0.03    0.07    9.90 ^ _1801_/X (sky130_fd_sc_hd__a21o_2)
                                         _0042_ (net)
                  0.03    0.00    9.90 ^ _3221_/D (sky130_fd_sc_hd__dfxtp_2)
                                  9.90   data arrival time

                  0.15   14.00   14.00   clock clk (rise edge)
                          0.00   14.00   clock network delay (ideal)
                         -0.25   13.75   clock uncertainty
                          0.00   13.75   clock reconvergence pessimism
                                 13.75 ^ _3221_/CLK (sky130_fd_sc_hd__dfxtp_2)
                         -0.04   13.71   library setup time
                                 13.71   data required time
-----------------------------------------------------------------------------
                                 13.71   data required time
                                 -9.90   data arrival time
-----------------------------------------------------------------------------
                                  3.81   slack (MET)




===========================================================================
report_checks --slack_max -0.01
============================================================================
======================= Typical Corner ===================================

No paths found.


===========================================================================
 report_check_types -max_slew -max_cap -max_fanout -violators
============================================================================
======================= Typical Corner ===================================

max slew

Pin                                    Limit    Slew   Slack
------------------------------------------------------------
_1604_/A                                0.75    1.01   -0.26 (VIOLATED)
_1632_/A                                0.75    1.01   -0.26 (VIOLATED)
_1642_/A                                0.75    1.01   -0.26 (VIOLATED)
_1736_/A                                0.75    1.01   -0.26 (VIOLATED)
_1846_/A                                0.75    1.01   -0.26 (VIOLATED)
_3178_/Q                                0.75    1.01   -0.26 (VIOLATED)
_3410_/RESET_B                          0.75    1.01   -0.26 (VIOLATED)
_3411_/RESET_B                          0.75    1.01   -0.26 (VIOLATED)
_3412_/RESET_B                          0.75    1.01   -0.26 (VIOLATED)
_3447_/RESET_B                          0.75    1.01   -0.26 (VIOLATED)
_3448_/RESET_B                          0.75    1.01   -0.26 (VIOLATED)
_3449_/RESET_B                          0.75    1.01   -0.26 (VIOLATED)
_3450_/RESET_B                          0.75    1.01   -0.26 (VIOLATED)
_3451_/SET_B                            0.75    1.01   -0.26 (VIOLATED)
_3452_/SET_B                            0.75    1.01   -0.26 (VIOLATED)
_3453_/RESET_B                          0.75    1.01   -0.26 (VIOLATED)
_3454_/RESET_B                          0.75    1.01   -0.26 (VIOLATED)
_3455_/RESET_B                          0.75    1.01   -0.26 (VIOLATED)
_3456_/RESET_B                          0.75    1.01   -0.26 (VIOLATED)
_3457_/RESET_B                          0.75    1.01   -0.26 (VIOLATED)
_3458_/RESET_B                          0.75    1.01   -0.26 (VIOLATED)
_3459_/RESET_B                          0.75    1.01   -0.26 (VIOLATED)
_3460_/RESET_B                          0.75    1.01   -0.26 (VIOLATED)
_3461_/RESET_B                          0.75    1.01   -0.26 (VIOLATED)
_3462_/RESET_B                          0.75    1.01   -0.26 (VIOLATED)
_3463_/RESET_B                          0.75    1.01   -0.26 (VIOLATED)
_3464_/RESET_B                          0.75    1.01   -0.26 (VIOLATED)
_3465_/RESET_B                          0.75    1.01   -0.26 (VIOLATED)
_3466_/RESET_B                          0.75    1.01   -0.26 (VIOLATED)
_3467_/RESET_B                          0.75    1.01   -0.26 (VIOLATED)
_3468_/RESET_B                          0.75    1.01   -0.26 (VIOLATED)
_3469_/RESET_B                          0.75    1.01   -0.26 (VIOLATED)
_3470_/RESET_B                          0.75    1.01   -0.26 (VIOLATED)
_3471_/RESET_B                          0.75    1.01   -0.26 (VIOLATED)
_3472_/RESET_B                          0.75    1.01   -0.26 (VIOLATED)
_3473_/RESET_B                          0.75    1.01   -0.26 (VIOLATED)
_3474_/RESET_B                          0.75    1.01   -0.26 (VIOLATED)
_3475_/RESET_B                          0.75    1.01   -0.26 (VIOLATED)
_3476_/RESET_B                          0.75    1.01   -0.26 (VIOLATED)
_3477_/RESET_B                          0.75    1.01   -0.26 (VIOLATED)
_3478_/RESET_B                          0.75    1.01   -0.26 (VIOLATED)
_3479_/RESET_B                          0.75    1.01   -0.26 (VIOLATED)
_3480_/RESET_B                          0.75    1.01   -0.26 (VIOLATED)
_3481_/RESET_B                          0.75    1.01   -0.26 (VIOLATED)
_3482_/RESET_B                          0.75    1.01   -0.26 (VIOLATED)
_3483_/RESET_B                          0.75    1.01   -0.26 (VIOLATED)
_3484_/RESET_B                          0.75    1.01   -0.26 (VIOLATED)
_3485_/RESET_B                          0.75    1.01   -0.26 (VIOLATED)
_3486_/RESET_B                          0.75    1.01   -0.26 (VIOLATED)
_3487_/RESET_B                          0.75    1.01   -0.26 (VIOLATED)
_3488_/RESET_B                          0.75    1.01   -0.26 (VIOLATED)
_3489_/RESET_B                          0.75    1.01   -0.26 (VIOLATED)
_3490_/RESET_B                          0.75    1.01   -0.26 (VIOLATED)
_3491_/RESET_B                          0.75    1.01   -0.26 (VIOLATED)
_3492_/RESET_B                          0.75    1.01   -0.26 (VIOLATED)
_3493_/RESET_B                          0.75    1.01   -0.26 (VIOLATED)
_3494_/RESET_B                          0.75    1.01   -0.26 (VIOLATED)
_3495_/RESET_B                          0.75    1.01   -0.26 (VIOLATED)
_3496_/RESET_B                          0.75    1.01   -0.26 (VIOLATED)

max fanout

Pin                                   Limit Fanout  Slack
---------------------------------------------------------
_3178_/Q                                 10     58    -48 (VIOLATED)


max slew violations count Typical: 59
max fanout violations count Typical: 1
max cap violations count Typical: 0

===========================================================================
report_parasitic_annotation -report_unannotated
============================================================================
Found 1971 unannotated drivers.
 clk
 ena
 rst_n
 ui_in[0]
 ui_in[1]
 ui_in[2]
 ui_in[3]
 ui_in[4]
 ui_in[5]
 ui_in[6]
 ui_in[7]
 uio_in[0]
 uio_in[1]
 uio_in[2]
 uio_in[3]
 uio_in[4]
 uio_in[5]
 uio_in[6]
 uio_in[7]
 _1587_/X
 _1588_/X
 _1589_/Y
 _1590_/X
 _1591_/X
 _1592_/X
 _1593_/Y
 _1594_/X
 _1595_/X
 _1596_/Y
 _1597_/X
 _1598_/X
 _1599_/X
 _1600_/X
 _1601_/X
 _1602_/X
 _1603_/Y
 _1604_/X
 _1605_/Y
 _1606_/Y
 _1607_/X
 _1608_/X
 _1609_/X
 _1610_/X
 _1611_/X
 _1612_/X
 _1613_/X
 _1614_/X
 _1615_/X
 _1616_/X
 _1617_/X
 _1618_/X
 _1619_/X
 _1620_/X
 _1621_/X
 _1622_/X
 _1623_/X
 _1624_/X
 _1625_/X
 _1626_/Y
 _1627_/Y
 _1628_/Y
 _1629_/X
 _1630_/X
 _1631_/X
 _1632_/Y
 _1633_/Y
 _1634_/X
 _1635_/X
 _1636_/X
 _1637_/X
 _1638_/X
 _1639_/X
 _1640_/X
 _1641_/X
 _1642_/X
 _1643_/X
 _1644_/X
 _1645_/X
 _1646_/X
 _1647_/X
 _1648_/X
 _1649_/X
 _1650_/Y
 _1651_/Y
 _1652_/X
 _1653_/X
 _1654_/Y
 _1655_/Y
 _1656_/Y
 _1657_/Y
 _1658_/Y
 _1659_/Y
 _1660_/X
 _1661_/X
 _1662_/Y
 _1663_/Y
 _1664_/X
 _1665_/X
 _1666_/Y
 _1667_/Y
 _1668_/Y
 _1669_/Y
 _1670_/Y
 _1671_/Y
 _1672_/Y
 _1673_/Y
 _1674_/X
 _1675_/Y
 _1676_/Y
 _1677_/Y
 _1678_/Y
 _1679_/Y
 _1680_/Y
 _1681_/X
 _1682_/X
 _1683_/Y
 _1684_/Y
 _1685_/X
 _1686_/X
 _1687_/Y
 _1688_/Y
 _1689_/X
 _1690_/X
 _1691_/X
 _1692_/X
 _1693_/Y
 _1694_/Y
 _1695_/Y
 _1696_/Y
 _1697_/X
 _1698_/X
 _1699_/Y
 _1700_/X
 _1701_/X
 _1702_/X
 _1703_/X
 _1704_/X
 _1705_/X
 _1706_/Y
 _1707_/X
 _1708_/X
 _1709_/X
 _1710_/X
 _1711_/X
 _1712_/X
 _1713_/X
 _1714_/X
 _1715_/Y
 _1716_/X
 _1717_/Y
 _1718_/Y
 _1719_/X
 _1720_/X
 _1721_/Y
 _1722_/Y
 _1723_/Y
 _1724_/X
 _1725_/X
 _1726_/X
 _1727_/X
 _1728_/X
 _1729_/Y
 _1730_/X
 _1731_/X
 _1732_/X
 _1733_/Y
 _1734_/Y
 _1735_/X
 _1736_/X
 _1737_/X
 _1738_/Y
 _1739_/Y
 _1740_/Y
 _1741_/Y
 _1742_/X
 _1743_/X
 _1744_/X
 _1745_/X
 _1746_/X
 _1747_/X
 _1748_/X
 _1749_/X
 _1750_/Y
 _1751_/X
 _1752_/X
 _1753_/X
 _1754_/X
 _1755_/X
 _1756_/Y
 _1757_/X
 _1758_/Y
 _1759_/Y
 _1760_/X
 _1761_/Y
 _1762_/Y
 _1763_/X
 _1764_/X
 _1765_/X
 _1766_/X
 _1767_/X
 _1768_/Y
 _1769_/Y
 _1770_/X
 _1771_/X
 _1772_/X
 _1773_/X
 _1774_/Y
 _1775_/Y
 _1776_/X
 _1777_/X
 _1778_/X
 _1779_/X
 _1780_/Y
 _1781_/X
 _1782_/X
 _1783_/X
 _1784_/X
 _1785_/X
 _1786_/X
 _1787_/Y
 _1788_/X
 _1789_/X
 _1790_/X
 _1791_/X
 _1792_/Y
 _1793_/Y
 _1794_/X
 _1795_/X
 _1796_/X
 _1797_/Y
 _1798_/X
 _1799_/X
 _1800_/X
 _1801_/X
 _1802_/Y
 _1803_/X
 _1804_/Y
 _1805_/Y
 _1806_/X
 _1807_/X
 _1808_/X
 _1809_/X
 _1810_/X
 _1811_/X
 _1812_/X
 _1813_/Y
 _1814_/X
 _1815_/X
 _1816_/X
 _1817_/X
 _1818_/X
 _1819_/Y
 _1820_/Y
 _1821_/X
 _1822_/X
 _1823_/X
 _1824_/Y
 _1825_/Y
 _1826_/X
 _1827_/X
 _1828_/X
 _1829_/X
 _1830_/Y
 _1831_/Y
 _1832_/X
 _1833_/X
 _1834_/X
 _1835_/X
 _1836_/X
 _1837_/X
 _1838_/X
 _1839_/X
 _1840_/X
 _1841_/X
 _1842_/X
 _1843_/X
 _1844_/Y
 _1845_/Y
 _1846_/X
 _1847_/X
 _1848_/X
 _1849_/X
 _1850_/X
 _1851_/X
 _1852_/X
 _1853_/X
 _1854_/X
 _1855_/Y
 _1856_/Y
 _1857_/X
 _1858_/X
 _1859_/X
 _1860_/X
 _1861_/X
 _1862_/X
 _1863_/X
 _1864_/X
 _1865_/X
 _1866_/Y
 _1867_/X
 _1868_/X
 _1869_/X
 _1870_/X
 _1871_/Y
 _1872_/Y
 _1873_/X
 _1874_/Y
 _1875_/X
 _1876_/X
 _1877_/X
 _1878_/Y
 _1879_/X
 _1880_/X
 _1881_/X
 _1882_/X
 _1883_/X
 _1884_/Y
 _1885_/Y
 _1886_/X
 _1887_/Y
 _1888_/X
 _1889_/Y
 _1890_/X
 _1891_/X
 _1892_/Y
 _1893_/X
 _1894_/X
 _1895_/Y
 _1896_/X
 _1897_/X
 _1898_/Y
 _1899_/X
 _1900_/X
 _1901_/X
 _1902_/X
 _1903_/X
 _1904_/X
 _1905_/X
 _1906_/X
 _1907_/Y
 _1908_/Y
 _1909_/X
 _1910_/X
 _1911_/X
 _1912_/X
 _1913_/X
 _1914_/Y
 _1915_/Y
 _1916_/X
 _1917_/X
 _1918_/X
 _1919_/X
 _1920_/Y
 _1921_/Y
 _1922_/X
 _1923_/X
 _1924_/X
 _1925_/Y
 _1926_/X
 _1927_/Y
 _1928_/X
 _1929_/Y
 _1930_/X
 _1931_/Y
 _1932_/X
 _1933_/X
 _1934_/X
 _1935_/X
 _1936_/X
 _1937_/X
 _1938_/Y
 _1939_/X
 _1940_/X
 _1941_/X
 _1942_/X
 _1943_/Y
 _1944_/X
 _1945_/X
 _1946_/Y
 _1947_/X
 _1948_/X
 _1949_/Y
 _1950_/X
 _1951_/Y
 _1952_/X
 _1953_/X
 _1954_/X
 _1955_/X
 _1956_/X
 _1957_/X
 _1958_/X
 _1959_/X
 _1960_/X
 _1961_/X
 _1962_/Y
 _1963_/Y
 _1964_/X
 _1965_/X
 _1966_/X
 _1967_/X
 _1968_/X
 _1969_/X
 _1970_/X
 _1971_/X
 _1972_/Y
 _1973_/X
 _1974_/X
 _1975_/X
 _1976_/X
 _1977_/Y
 _1978_/X
 _1979_/Y
 _1980_/X
 _1981_/Y
 _1982_/X
 _1983_/X
 _1984_/X
 _1985_/X
 _1986_/X
 _1987_/X
 _1988_/X
 _1989_/X
 _1990_/X
 _1991_/X
 _1992_/Y
 _1993_/Y
 _1994_/X
 _1995_/X
 _1996_/X
 _1997_/X
 _1998_/X
 _1999_/X
 _2000_/X
 _2001_/X
 _2002_/X
 _2003_/X
 _2004_/X
 _2005_/X
 _2006_/X
 _2007_/X
 _2008_/Y
 _2009_/Y
 _2010_/X
 _2011_/X
 _2012_/X
 _2013_/X
 _2014_/X
 _2015_/X
 _2016_/X
 _2017_/Y
 _2018_/X
 _2019_/Y
 _2020_/X
 _2021_/X
 _2022_/Y
 _2023_/X
 _2024_/Y
 _2025_/X
 _2026_/X
 _2027_/X
 _2028_/X
 _2029_/Y
 _2030_/X
 _2031_/X
 _2032_/X
 _2033_/X
 _2034_/X
 _2035_/X
 _2036_/X
 _2037_/X
 _2038_/X
 _2039_/X
 _2040_/X
 _2041_/Y
 _2042_/Y
 _2043_/X
 _2044_/X
 _2045_/X
 _2046_/X
 _2047_/X
 _2048_/X
 _2049_/Y
 _2050_/Y
 _2051_/X
 _2052_/X
 _2053_/X
 _2054_/X
 _2055_/Y
 _2056_/Y
 _2057_/X
 _2058_/X
 _2059_/X
 _2060_/X
 _2061_/X
 _2062_/Y
 _2063_/Y
 _2064_/X
 _2065_/X
 _2066_/X
 _2067_/X
 _2068_/Y
 _2069_/Y
 _2070_/X
 _2071_/X
 _2072_/X
 _2073_/X
 _2074_/Y
 _2075_/Y
 _2076_/X
 _2077_/X
 _2078_/X
 _2079_/X
 _2080_/Y
 _2081_/Y
 _2082_/X
 _2083_/X
 _2084_/X
 _2085_/X
 _2086_/Y
 _2087_/Y
 _2088_/X
 _2089_/X
 _2090_/X
 _2091_/X
 _2092_/X
 _2093_/X
 _2094_/X
 _2095_/X
 _2096_/X
 _2097_/X
 _2098_/X
 _2099_/X
 _2100_/X
 _2101_/X
 _2102_/X
 _2103_/X
 _2104_/X
 _2105_/X
 _2106_/X
 _2107_/X
 _2108_/X
 _2109_/X
 _2110_/X
 _2111_/X
 _2112_/X
 _2113_/X
 _2114_/X
 _2115_/X
 _2116_/X
 _2117_/X
 _2118_/X
 _2119_/X
 _2120_/X
 _2121_/X
 _2122_/X
 _2123_/X
 _2124_/X
 _2125_/X
 _2126_/X
 _2127_/Y
 _2128_/X
 _2129_/X
 _2130_/X
 _2131_/X
 _2132_/X
 _2133_/X
 _2134_/X
 _2135_/X
 _2136_/X
 _2137_/X
 _2138_/X
 _2139_/X
 _2140_/X
 _2141_/X
 _2142_/X
 _2143_/X
 _2144_/X
 _2145_/X
 _2146_/X
 _2147_/X
 _2148_/X
 _2149_/X
 _2150_/X
 _2151_/X
 _2152_/X
 _2153_/X
 _2154_/X
 _2155_/X
 _2156_/X
 _2157_/X
 _2158_/X
 _2159_/X
 _2160_/X
 _2161_/X
 _2162_/X
 _2163_/X
 _2164_/X
 _2165_/X
 _2166_/X
 _2167_/X
 _2168_/X
 _2169_/X
 _2170_/X
 _2171_/X
 _2172_/X
 _2173_/X
 _2174_/X
 _2175_/X
 _2176_/X
 _2177_/X
 _2178_/X
 _2179_/X
 _2180_/X
 _2181_/X
 _2182_/X
 _2183_/X
 _2184_/Y
 _2185_/X
 _2186_/X
 _2187_/X
 _2188_/X
 _2189_/X
 _2190_/X
 _2191_/X
 _2192_/X
 _2193_/X
 _2194_/X
 _2195_/X
 _2196_/X
 _2197_/X
 _2198_/X
 _2199_/X
 _2200_/X
 _2201_/X
 _2202_/X
 _2203_/X
 _2204_/X
 _2205_/X
 _2206_/X
 _2207_/X
 _2208_/X
 _2209_/X
 _2210_/X
 _2211_/X
 _2212_/X
 _2213_/X
 _2214_/X
 _2215_/X
 _2216_/X
 _2217_/X
 _2218_/X
 _2219_/X
 _2220_/X
 _2221_/X
 _2222_/X
 _2223_/X
 _2224_/X
 _2225_/X
 _2226_/X
 _2227_/X
 _2228_/X
 _2229_/X
 _2230_/X
 _2231_/X
 _2232_/X
 _2233_/X
 _2234_/X
 _2235_/X
 _2236_/X
 _2237_/X
 _2238_/X
 _2239_/X
 _2240_/X
 _2241_/X
 _2242_/X
 _2243_/X
 _2244_/X
 _2245_/X
 _2246_/X
 _2247_/X
 _2248_/X
 _2249_/X
 _2250_/X
 _2251_/X
 _2252_/X
 _2253_/X
 _2254_/X
 _2255_/X
 _2256_/X
 _2257_/X
 _2258_/X
 _2259_/X
 _2260_/X
 _2261_/X
 _2262_/X
 _2263_/X
 _2264_/X
 _2265_/X
 _2266_/X
 _2267_/X
 _2268_/X
 _2269_/X
 _2270_/X
 _2271_/X
 _2272_/X
 _2273_/X
 _2274_/X
 _2275_/Y
 _2276_/Y
 _2277_/X
 _2278_/X
 _2279_/X
 _2280_/Y
 _2281_/X
 _2282_/X
 _2283_/X
 _2284_/X
 _2285_/X
 _2286_/X
 _2287_/X
 _2288_/X
 _2289_/X
 _2290_/X
 _2291_/X
 _2292_/X
 _2293_/X
 _2294_/X
 _2295_/X
 _2296_/X
 _2297_/X
 _2298_/X
 _2299_/Y
 _2300_/Y
 _2301_/X
 _2302_/X
 _2303_/X
 _2304_/X
 _2305_/Y
 _2306_/X
 _2307_/X
 _2308_/Y
 _2309_/X
 _2310_/X
 _2311_/X
 _2312_/Y
 _2313_/Y
 _2314_/X
 _2315_/X
 _2316_/X
 _2317_/X
 _2318_/Y
 _2319_/Y
 _2320_/X
 _2321_/X
 _2322_/X
 _2323_/X
 _2324_/X
 _2325_/X
 _2326_/X
 _2327_/X
 _2328_/X
 _2329_/X
 _2330_/X
 _2331_/X
 _2332_/Y
 _2333_/Y
 _2334_/X
 _2335_/X
 _2336_/X
 _2337_/X
 _2338_/X
 _2339_/X
 _2340_/X
 _2341_/X
 _2342_/X
 _2343_/X
 _2344_/X
 _2345_/X
 _2346_/Y
 _2347_/X
 _2348_/X
 _2349_/X
 _2350_/X
 _2351_/X
 _2352_/X
 _2353_/X
 _2354_/X
 _2355_/X
 _2356_/X
 _2357_/X
 _2358_/X
 _2359_/X
 _2360_/X
 _2361_/X
 _2362_/X
 _2363_/X
 _2364_/X
 _2365_/X
 _2366_/X
 _2367_/X
 _2368_/X
 _2369_/X
 _2370_/X
 _2371_/X
 _2372_/X
 _2373_/X
 _2374_/X
 _2375_/X
 _2376_/X
 _2377_/X
 _2378_/X
 _2379_/X
 _2380_/X
 _2381_/X
 _2382_/X
 _2383_/X
 _2384_/X
 _2385_/X
 _2386_/X
 _2387_/X
 _2388_/X
 _2389_/X
 _2390_/X
 _2391_/X
 _2392_/X
 _2393_/X
 _2394_/X
 _2395_/Y
 _2396_/Y
 _2397_/X
 _2398_/X
 _2399_/X
 _2400_/X
 _2401_/X
 _2402_/X
 _2403_/X
 _2404_/X
 _2405_/X
 _2406_/X
 _2407_/X
 _2408_/X
 _2409_/Y
 _2410_/Y
 _2411_/X
 _2412_/X
 _2413_/X
 _2414_/X
 _2415_/X
 _2416_/X
 _2417_/X
 _2418_/X
 _2419_/X
 _2420_/X
 _2421_/X
 _2422_/Y
 _2423_/Y
 _2424_/X
 _2425_/X
 _2426_/X
 _2427_/X
 _2428_/X
 _2429_/X
 _2430_/X
 _2431_/X
 _2432_/X
 _2433_/X
 _2434_/X
 _2435_/X
 _2436_/Y
 _2437_/Y
 _2438_/X
 _2439_/X
 _2440_/X
 _2441_/X
 _2442_/X
 _2443_/X
 _2444_/X
 _2445_/X
 _2446_/X
 _2447_/X
 _2448_/X
 _2449_/X
 _2450_/X
 _2451_/X
 _2452_/X
 _2453_/X
 _2454_/X
 _2455_/X
 _2456_/X
 _2457_/X
 _2458_/X
 _2459_/X
 _2460_/X
 _2461_/X
 _2462_/X
 _2463_/X
 _2464_/X
 _2465_/Y
 _2466_/Y
 _2467_/X
 _2468_/X
 _2469_/X
 _2470_/X
 _2471_/X
 _2472_/X
 _2473_/X
 _2474_/X
 _2475_/X
 _2476_/X
 _2477_/Y
 _2478_/Y
 _2479_/X
 _2480_/X
 _2481_/X
 _2482_/X
 _2483_/X
 _2484_/X
 _2485_/X
 _2486_/X
 _2487_/X
 _2488_/X
 _2489_/X
 _2490_/Y
 _2491_/Y
 _2492_/X
 _2493_/X
 _2494_/X
 _2495_/X
 _2496_/X
 _2497_/X
 _2498_/X
 _2499_/X
 _2500_/X
 _2501_/X
 _2502_/X
 _2503_/X
 _2504_/Y
 _2505_/Y
 _2506_/X
 _2507_/X
 _2508_/X
 _2509_/X
 _2510_/X
 _2511_/X
 _2512_/X
 _2513_/X
 _2514_/X
 _2515_/X
 _2516_/X
 _2517_/X
 _2518_/X
 _2519_/X
 _2520_/X
 _2521_/X
 _2522_/X
 _2523_/X
 _2524_/X
 _2525_/X
 _2526_/X
 _2527_/X
 _2528_/X
 _2529_/X
 _2530_/X
 _2531_/X
 _2532_/X
 _2533_/X
 _2534_/X
 _2535_/X
 _2536_/X
 _2537_/X
 _2538_/X
 _2539_/X
 _2540_/X
 _2541_/X
 _2542_/X
 _2543_/X
 _2544_/X
 _2545_/X
 _2546_/X
 _2547_/X
 _2548_/Y
 _2549_/X
 _2550_/X
 _2551_/X
 _2552_/X
 _2553_/X
 _2554_/X
 _2555_/X
 _2556_/X
 _2557_/X
 _2558_/X
 _2559_/X
 _2560_/X
 _2561_/X
 _2562_/X
 _2563_/X
 _2564_/X
 _2565_/X
 _2566_/X
 _2567_/X
 _2568_/X
 _2569_/X
 _2570_/X
 _2571_/X
 _2572_/X
 _2573_/X
 _2574_/X
 _2575_/X
 _2576_/X
 _2577_/X
 _2578_/X
 _2579_/X
 _2580_/X
 _2581_/X
 _2582_/X
 _2583_/X
 _2584_/X
 _2585_/X
 _2586_/X
 _2587_/X
 _2588_/X
 _2589_/X
 _2590_/X
 _2591_/X
 _2592_/X
 _2593_/X
 _2594_/X
 _2595_/X
 _2596_/X
 _2597_/X
 _2598_/X
 _2599_/X
 _2600_/X
 _2601_/X
 _2602_/X
 _2603_/X
 _2604_/X
 _2605_/X
 _2606_/X
 _2607_/X
 _2608_/X
 _2609_/X
 _2610_/X
 _2611_/X
 _2612_/X
 _2613_/X
 _2614_/X
 _2615_/X
 _2616_/X
 _2617_/X
 _2618_/X
 _2619_/X
 _2620_/X
 _2621_/X
 _2622_/X
 _2623_/X
 _2624_/X
 _2625_/X
 _2626_/X
 _2627_/X
 _2628_/X
 _2629_/X
 _2630_/Y
 _2631_/X
 _2632_/X
 _2633_/X
 _2634_/X
 _2635_/X
 _2636_/X
 _2637_/X
 _2638_/X
 _2639_/X
 _2640_/X
 _2641_/X
 _2642_/X
 _2643_/X
 _2644_/X
 _2645_/X
 _2646_/X
 _2647_/X
 _2648_/X
 _2649_/X
 _2650_/X
 _2651_/X
 _2652_/X
 _2653_/X
 _2654_/X
 _2655_/X
 _2656_/X
 _2657_/X
 _2658_/X
 _2659_/X
 _2660_/X
 _2661_/X
 _2662_/Y
 _2663_/X
 _2664_/X
 _2665_/X
 _2666_/X
 _2667_/X
 _2668_/X
 _2669_/X
 _2670_/X
 _2671_/X
 _2672_/X
 _2673_/X
 _2674_/X
 _2675_/X
 _2676_/X
 _2677_/X
 _2678_/X
 _2679_/X
 _2680_/X
 _2681_/Y
 _2682_/X
 _2683_/X
 _2684_/X
 _2685_/X
 _2686_/X
 _2687_/X
 _2688_/X
 _2689_/X
 _2690_/X
 _2691_/X
 _2692_/X
 _2693_/X
 _2694_/X
 _2695_/X
 _2696_/X
 _2697_/X
 _2698_/X
 _2699_/X
 _2700_/X
 _2701_/X
 _2702_/X
 _2703_/X
 _2704_/X
 _2705_/X
 _2706_/X
 _2707_/X
 _2708_/Y
 _2709_/Y
 _2710_/Y
 _2711_/Y
 _2712_/X
 _2713_/X
 _2714_/X
 _2715_/X
 _2716_/Y
 _2717_/Y
 _2718_/X
 _2719_/X
 _2720_/X
 _2721_/X
 _2722_/X
 _2723_/X
 _2724_/X
 _2725_/X
 _2726_/Y
 _2727_/X
 _2728_/X
 _2729_/Y
 _2730_/Y
 _2731_/X
 _2732_/X
 _2733_/X
 _2734_/X
 _2735_/X
 _2736_/X
 _2737_/X
 _2738_/X
 _2739_/X
 _2740_/X
 _2741_/X
 _2742_/X
 _2743_/X
 _2744_/X
 _2745_/X
 _2746_/X
 _2747_/X
 _2748_/X
 _2749_/X
 _2750_/X
 _2751_/X
 _2752_/X
 _2753_/X
 _2754_/X
 _2755_/X
 _2756_/X
 _2757_/X
 _2758_/X
 _2759_/X
 _2760_/X
 _2761_/X
 _2762_/X
 _2763_/X
 _2764_/X
 _2765_/X
 _2766_/X
 _2767_/X
 _2768_/X
 _2769_/X
 _2770_/X
 _2771_/Y
 _2772_/X
 _2773_/X
 _2774_/X
 _2775_/X
 _2776_/X
 _2777_/X
 _2778_/X
 _2779_/X
 _2780_/X
 _2781_/X
 _2782_/X
 _2783_/X
 _2784_/X
 _2785_/X
 _2786_/X
 _2787_/X
 _2788_/X
 _2789_/X
 _2790_/X
 _2791_/X
 _2792_/X
 _2793_/X
 _2794_/X
 _2795_/X
 _2796_/X
 _2797_/X
 _2798_/X
 _2799_/X
 _2800_/X
 _2801_/X
 _2802_/X
 _2803_/X
 _2804_/X
 _2805_/X
 _2806_/X
 _2807_/X
 _2808_/X
 _2809_/X
 _2810_/X
 _2811_/X
 _2812_/X
 _2813_/X
 _2814_/X
 _2815_/X
 _2816_/X
 _2817_/X
 _2818_/X
 _2819_/X
 _2820_/X
 _2821_/X
 _2822_/X
 _2823_/X
 _2824_/X
 _2825_/X
 _2826_/X
 _2827_/X
 _2828_/X
 _2829_/X
 _2830_/X
 _2831_/X
 _2832_/X
 _2833_/X
 _2834_/X
 _2835_/X
 _2836_/X
 _2837_/X
 _2838_/X
 _2839_/X
 _2840_/X
 _2841_/X
 _2842_/X
 _2843_/X
 _2844_/X
 _2845_/Y
 _2846_/X
 _2847_/X
 _2848_/X
 _2849_/X
 _2850_/X
 _2851_/X
 _2852_/X
 _2853_/X
 _2854_/X
 _2855_/X
 _2856_/X
 _2857_/X
 _2858_/X
 _2859_/X
 _2860_/X
 _2861_/X
 _2862_/X
 _2863_/X
 _2864_/X
 _2865_/X
 _2866_/X
 _2867_/X
 _2868_/X
 _2869_/X
 _2870_/X
 _2871_/X
 _2872_/X
 _2873_/X
 _2874_/X
 _2875_/X
 _2876_/X
 _2877_/X
 _2878_/X
 _2879_/X
 _2880_/X
 _2881_/X
 _2882_/X
 _2883_/X
 _2884_/X
 _2885_/X
 _2886_/X
 _2887_/X
 _2888_/X
 _2889_/X
 _2890_/Y
 _2891_/X
 _2892_/Y
 _2893_/Y
 _2894_/X
 _2895_/X
 _2896_/X
 _2897_/X
 _2898_/X
 _2899_/X
 _2900_/X
 _2901_/X
 _2902_/X
 _2903_/Y
 _2904_/Y
 _2905_/X
 _2906_/Y
 _2907_/X
 _2908_/X
 _2909_/X
 _2910_/X
 _2911_/X
 _2912_/X
 _2913_/X
 _2914_/X
 _2915_/X
 _2916_/X
 _2917_/X
 _2918_/X
 _2919_/X
 _2920_/X
 _2921_/X
 _2922_/X
 _2923_/X
 _2924_/X
 _2925_/X
 _2926_/X
 _2927_/X
 _2928_/X
 _2929_/X
 _2930_/X
 _2931_/X
 _2932_/X
 _2933_/X
 _2934_/X
 _2935_/X
 _2936_/X
 _2937_/X
 _2938_/X
 _2939_/X
 _2940_/X
 _2941_/X
 _2942_/X
 _2943_/X
 _2944_/X
 _2945_/X
 _2946_/X
 _2947_/Y
 _2948_/X
 _2949_/X
 _2950_/X
 _2951_/Y
 _2952_/X
 _2953_/X
 _2954_/X
 _2955_/X
 _2956_/X
 _2957_/X
 _2958_/X
 _2959_/X
 _2960_/X
 _2961_/X
 _2962_/Y
 _2963_/Y
 _2964_/X
 _2965_/Y
 _2966_/X
 _2967_/X
 _2968_/X
 _2969_/Y
 _2970_/X
 _2971_/X
 _2972_/X
 _2973_/X
 _2974_/X
 _2975_/X
 _2976_/X
 _2977_/Y
 _2978_/X
 _2979_/Y
 _2980_/X
 _2981_/X
 _2982_/X
 _2983_/X
 _2984_/X
 _2985_/X
 _2986_/X
 _2987_/X
 _2988_/X
 _2989_/X
 _2990_/X
 _2991_/X
 _2992_/X
 _2993_/X
 _2994_/X
 _2995_/X
 _2996_/X
 _2997_/X
 _2998_/X
 _2999_/X
 _3000_/X
 _3001_/X
 _3002_/X
 _3003_/X
 _3004_/X
 _3005_/X
 _3006_/X
 _3007_/X
 _3008_/X
 _3009_/X
 _3010_/X
 _3011_/X
 _3012_/X
 _3013_/X
 _3014_/X
 _3015_/X
 _3016_/Y
 _3017_/X
 _3018_/Y
 _3019_/X
 _3020_/X
 _3021_/Y
 _3022_/X
 _3023_/Y
 _3024_/Y
 _3025_/Y
 _3026_/X
 _3027_/X
 _3028_/X
 _3029_/Y
 _3030_/X
 _3031_/X
 _3032_/Y
 _3033_/X
 _3034_/X
 _3035_/Y
 _3036_/Y
 _3037_/X
 _3038_/X
 _3039_/X
 _3040_/X
 _3041_/X
 _3042_/Y
 _3043_/Y
 _3044_/X
 _3045_/X
 _3046_/X
 _3047_/X
 _3048_/Y
 _3049_/X
 _3050_/X
 _3051_/X
 _3052_/X
 _3053_/X
 _3054_/X
 _3055_/X
 _3056_/X
 _3057_/X
 _3058_/X
 _3059_/X
 _3060_/X
 _3061_/X
 _3062_/X
 _3063_/X
 _3064_/X
 _3065_/X
 _3066_/X
 _3067_/X
 _3068_/X
 _3069_/X
 _3070_/X
 _3071_/X
 _3072_/X
 _3073_/X
 _3074_/X
 _3075_/X
 _3076_/X
 _3077_/X
 _3078_/X
 _3079_/X
 _3080_/X
 _3081_/X
 _3082_/X
 _3083_/X
 _3084_/X
 _3085_/X
 _3086_/X
 _3087_/X
 _3088_/X
 _3089_/X
 _3090_/X
 _3091_/X
 _3092_/X
 _3093_/X
 _3094_/X
 _3095_/X
 _3096_/X
 _3097_/X
 _3098_/X
 _3099_/X
 _3100_/X
 _3101_/X
 _3102_/X
 _3103_/X
 _3104_/X
 _3105_/X
 _3106_/X
 _3107_/X
 _3108_/X
 _3109_/X
 _3110_/X
 _3111_/X
 _3112_/X
 _3113_/X
 _3114_/X
 _3115_/X
 _3116_/X
 _3117_/X
 _3118_/X
 _3119_/X
 _3120_/X
 _3121_/X
 _3122_/X
 _3123_/X
 _3124_/X
 _3125_/X
 _3126_/X
 _3127_/X
 _3128_/X
 _3129_/X
 _3130_/X
 _3131_/X
 _3132_/X
 _3133_/X
 _3134_/X
 _3135_/X
 _3136_/X
 _3137_/X
 _3138_/X
 _3139_/X
 _3140_/X
 _3141_/X
 _3142_/X
 _3143_/X
 _3144_/X
 _3145_/X
 _3146_/X
 _3147_/X
 _3148_/X
 _3149_/X
 _3150_/X
 _3151_/X
 _3152_/X
 _3153_/X
 _3154_/X
 _3155_/X
 _3156_/X
 _3157_/X
 _3158_/X
 _3159_/X
 _3160_/X
 _3161_/X
 _3162_/X
 _3163_/X
 _3164_/X
 _3165_/X
 _3166_/X
 _3167_/X
 _3168_/X
 _3169_/X
 _3170_/X
 _3171_/X
 _3172_/X
 _3173_/X
 _3174_/X
 _3175_/X
 _3176_/X
 _3177_/X
 _3178_/Q
 _3179_/Q
 _3180_/Q
 _3181_/Q
 _3182_/Q
 _3183_/Q
 _3184_/Q
 _3185_/Q
 _3186_/Q
 _3187_/Q
 _3188_/Q
 _3189_/Q
 _3190_/Q
 _3191_/Q
 _3192_/Q
 _3193_/Q
 _3194_/Q
 _3195_/Q
 _3196_/Q
 _3197_/Q
 _3198_/Q
 _3199_/Q
 _3200_/Q
 _3201_/Q
 _3202_/Q
 _3203_/Q
 _3204_/Q
 _3205_/Q
 _3206_/Q
 _3207_/Q
 _3208_/Q
 _3209_/Q
 _3210_/Q
 _3211_/Q
 _3212_/Q
 _3213_/Q
 _3214_/Q
 _3215_/Q
 _3216_/Q
 _3217_/Q
 _3218_/Q
 _3219_/Q
 _3220_/Q
 _3221_/Q
 _3222_/Q
 _3223_/Q
 _3224_/Q
 _3225_/Q
 _3226_/Q
 _3227_/Q
 _3228_/Q
 _3229_/Q
 _3230_/Q
 _3231_/Q
 _3232_/Q
 _3233_/Q
 _3234_/Q
 _3235_/Q
 _3236_/Q
 _3237_/Q
 _3238_/Q
 _3239_/Q
 _3240_/Q
 _3241_/Q
 _3242_/Q
 _3243_/Q
 _3244_/Q
 _3245_/Q
 _3246_/Q
 _3247_/Q
 _3248_/Q
 _3249_/Q
 _3250_/Q
 _3251_/Q
 _3252_/Q
 _3253_/Q
 _3254_/Q
 _3255_/Q
 _3256_/Q
 _3257_/Q
 _3258_/Q
 _3259_/Q
 _3260_/Q
 _3261_/Q
 _3262_/Q
 _3263_/Q
 _3264_/Q
 _3265_/Q
 _3266_/Q
 _3267_/Q
 _3268_/Q
 _3269_/Q
 _3270_/Q
 _3271_/Q
 _3272_/Q
 _3273_/Q
 _3274_/Q
 _3275_/Q
 _3276_/Q
 _3277_/Q
 _3278_/Q
 _3279_/Q
 _3280_/Q
 _3281_/Q
 _3282_/Q
 _3283_/Q
 _3284_/Q
 _3285_/Q
 _3286_/Q
 _3287_/Q
 _3288_/Q
 _3289_/Q
 _3290_/Q
 _3291_/Q
 _3292_/Q
 _3293_/Q
 _3294_/Q
 _3295_/Q
 _3296_/Q
 _3297_/Q
 _3298_/Q
 _3299_/Q
 _3300_/Q
 _3301_/Q
 _3302_/Q
 _3303_/Q
 _3304_/Q
 _3305_/Q
 _3306_/Q
 _3307_/Q
 _3308_/Q
 _3309_/Q
 _3310_/Q
 _3311_/Q
 _3312_/Q
 _3313_/Q
 _3314_/Q
 _3315_/Q
 _3316_/Q
 _3317_/Q
 _3318_/Q
 _3319_/Q
 _3320_/Q
 _3321_/Q
 _3322_/Q
 _3323_/Q
 _3324_/Q
 _3325_/Q
 _3326_/Q
 _3327_/Q
 _3328_/Q
 _3329_/Q
 _3330_/Q
 _3331_/Q
 _3332_/Q
 _3333_/Q
 _3334_/Q
 _3335_/Q
 _3336_/Q
 _3337_/Q
 _3338_/Q
 _3339_/Q
 _3340_/Q
 _3341_/Q
 _3342_/Q
 _3343_/Q
 _3344_/Q
 _3345_/Q
 _3346_/Q
 _3347_/Q
 _3348_/Q
 _3349_/Q
 _3350_/Q
 _3351_/Q
 _3352_/Q
 _3353_/Q
 _3354_/Q
 _3355_/Q
 _3356_/Q
 _3357_/Q
 _3358_/Q
 _3359_/Q
 _3360_/Q
 _3361_/Q
 _3362_/Q
 _3363_/Q
 _3364_/Q
 _3365_/Q
 _3366_/Q
 _3367_/Q
 _3368_/Q
 _3369_/Q
 _3370_/Q
 _3371_/Q
 _3372_/Q
 _3373_/Q
 _3374_/Q
 _3375_/Q
 _3376_/Q
 _3377_/Q
 _3378_/Q
 _3379_/Q
 _3380_/Q
 _3381_/Q
 _3382_/Q
 _3383_/Q
 _3384_/Q
 _3385_/Q
 _3386_/Q
 _3387_/Q
 _3388_/Q
 _3389_/Q
 _3390_/Q
 _3391_/Q
 _3392_/Q
 _3393_/Q
 _3394_/Q
 _3395_/Q
 _3396_/Q
 _3397_/Q
 _3398_/Q
 _3399_/Q
 _3400_/Q
 _3401_/Q
 _3402_/Q
 _3403_/Q
 _3404_/Q
 _3405_/Q
 _3406_/Q
 _3407_/Q
 _3408_/Q
 _3409_/Q
 _3410_/Q
 _3411_/Q
 _3412_/Q
 _3413_/Q
 _3414_/Q
 _3415_/Q
 _3416_/Q
 _3417_/Q
 _3418_/Q
 _3419_/Q
 _3420_/Q
 _3421_/Q
 _3422_/Q
 _3423_/Q
 _3424_/Q
 _3425_/Q
 _3426_/Q
 _3427_/Q
 _3428_/Q
 _3429_/Q
 _3430_/Q
 _3431_/Q
 _3432_/Q
 _3433_/Q
 _3434_/Q
 _3435_/Q
 _3436_/Q
 _3437_/Q
 _3438_/Q
 _3439_/Q
 _3440_/Q
 _3441_/Q
 _3442_/Q
 _3443_/Q
 _3444_/Q
 _3445_/Q
 _3446_/Q
 _3447_/Q
 _3448_/Q
 _3449_/Q
 _3450_/Q
 _3451_/Q
 _3452_/Q
 _3453_/Q
 _3454_/Q
 _3455_/Q
 _3456_/Q
 _3457_/Q
 _3458_/Q
 _3459_/Q
 _3460_/Q
 _3461_/Q
 _3462_/Q
 _3463_/Q
 _3464_/Q
 _3465_/Q
 _3466_/Q
 _3467_/Q
 _3468_/Q
 _3469_/Q
 _3470_/Q
 _3471_/Q
 _3472_/Q
 _3473_/Q
 _3474_/Q
 _3475_/Q
 _3476_/Q
 _3477_/Q
 _3478_/Q
 _3479_/Q
 _3480_/Q
 _3481_/Q
 _3482_/Q
 _3483_/Q
 _3484_/Q
 _3485_/Q
 _3486_/Q
 _3487_/Q
 _3488_/Q
 _3489_/Q
 _3490_/Q
 _3491_/Q
 _3492_/Q
 _3493_/Q
 _3494_/Q
 _3495_/Q
 _3496_/Q
 _3497_/HI
 _3497_/LO
 _3498_/HI
 _3498_/LO
 _3499_/HI
 _3499_/LO
 _3500_/HI
 _3500_/LO
 _3501_/HI
 _3501_/LO
 _3502_/HI
 _3502_/LO
 _3503_/HI
 _3503_/LO
 _3504_/HI
 _3504_/LO
 _3505_/HI
 _3505_/LO
 _3506_/HI
 _3506_/LO
 _3507_/HI
 _3507_/LO
 _3508_/HI
 _3508_/LO
 _3509_/HI
 _3509_/LO
 _3510_/HI
 _3510_/LO
 _3511_/HI
 _3511_/LO
 _3512_/HI
 _3512_/LO
 _3513_/HI
 _3513_/LO
 _3514_/HI
 _3514_/LO
 _3515_/X
 _3516_/X
 _3517_/X
 _3518_/X
 _3519_/X
 _3520_/X
Found 0 partially unannotated drivers.

===========================================================================
max slew violation count 59
max fanout violation count 1
max cap violation count 0
============================================================================

===========================================================================
check_setup -verbose -unconstrained_endpoints -multiple_clock -no_clock -no_input_delay -loops -generated_clocks
===========================================================================
Warning: There are 18 unconstrained endpoints.
  uio_oe[0]
  uio_oe[1]
  uio_oe[2]
  uio_oe[3]
  uio_oe[4]
  uio_oe[5]
  uio_oe[6]
  uio_oe[7]
  uio_out[1]
  uio_out[2]
  uio_out[4]
  uio_out[5]
  uio_out[6]
  uio_out[7]
  uo_out[4]
  uo_out[5]
  uo_out[6]
  uo_out[7]
