Clock: clk
Sources: clk 
Generated: no
Virtual: yes
Propagated: no
Period: 17.500000

===========================================================================
report_clock_properties
============================================================================
Clock                   Period          Waveform
----------------------------------------------------
clk                  17.500000    0.000000  8.750000

===========================================================================
report_clock_latency
============================================================================
Clock clk
rise -> rise
    min     max
0.000000 0.000000 source latency
0.493270         network latency _09806_/CLK
        0.767980 network latency _10027_/CLK
---------------
0.493270 0.767980 latency
        0.274710 skew

rise -> fall
    min     max
0.000000 0.000000 source latency
0.763098         network latency _09892_/CLK
        0.763098 network latency _09892_/CLK
---------------
0.763098 0.763098 latency
        0.000000 skew

fall -> rise
    min     max
0.000000 0.000000 source latency
0.719120         network latency _09892_/CLK
        0.719120 network latency _09892_/CLK
---------------
0.719120 0.719120 latency
        0.000000 skew

fall -> fall
    min     max
0.000000 0.000000 source latency
0.455079         network latency _09806_/CLK
        0.698256 network latency _10027_/CLK
---------------
0.455079 0.698256 latency
        0.243177 skew



===========================================================================
report_clock_min_period
============================================================================
clk period_min = 8.68 fmax = 115.20
