
===========================================================================
 report_power
============================================================================
======================= min_tt_025C_1v80 Corner ===================================

Group                    Internal    Switching      Leakage        Total
                            Power        Power        Power        Power (Watts)
------------------------------------------------------------------------
Sequential           2.601918e-03 4.326273e-05 1.194739e-08 2.645192e-03  56.4%
Combinational        2.027263e-04 4.529987e-04 2.914741e-08 6.557542e-04  14.0%
Clock                4.655629e-04 9.232133e-04 9.968977e-09 1.388786e-03  29.6%
Macro                0.000000e+00 0.000000e+00 0.000000e+00 0.000000e+00   0.0%
Pad                  0.000000e+00 0.000000e+00 0.000000e+00 0.000000e+00   0.0%
------------------------------------------------------------------------
Total                3.270208e-03 1.419474e-03 5.106399e-08 4.689734e-03 100.0%
                            69.7%        30.3%         0.0%

