Clock: clk
Sources: clk 
Generated: no
Virtual: yes
Propagated: no
Period: 17.500000

===========================================================================
report_clock_properties
============================================================================
Clock                   Period          Waveform
----------------------------------------------------
clk                  17.500000    0.000000  8.750000

===========================================================================
report_clock_latency
============================================================================
Clock clk
rise -> rise
    min     max
0.000000 0.000000 source latency
0.822730         network latency _09806_/CLK
        1.297047 network latency _10027_/CLK
---------------
0.822730 1.297047 latency
        0.474317 skew

rise -> fall
    min     max
0.000000 0.000000 source latency
1.326814         network latency _09892_/CLK
        1.326814 network latency _09892_/CLK
---------------
1.326814 1.326814 latency
        0.000000 skew

fall -> rise
    min     max
0.000000 0.000000 source latency
1.238464         network latency _09892_/CLK
        1.238464 network latency _09892_/CLK
---------------
1.238464 1.238464 latency
        0.000000 skew

fall -> fall
    min     max
0.000000 0.000000 source latency
0.777526         network latency _09806_/CLK
        1.195698 network latency _10027_/CLK
---------------
0.777526 1.195698 latency
        0.418172 skew



===========================================================================
report_clock_min_period
============================================================================
clk period_min = 16.70 fmax = 59.86
