Clock: clk
Sources: clk 
Generated: no
Virtual: yes
Propagated: no
Period: 17.500000

===========================================================================
report_clock_properties
============================================================================
Clock                   Period          Waveform
----------------------------------------------------
clk                  17.500000    0.000000  8.750000

===========================================================================
report_clock_latency
============================================================================
Clock clk
rise -> rise
    min     max
0.000000 0.000000 source latency
0.408137         network latency _09806_/CLK
        0.615655 network latency _10682_/CLK
---------------
0.408137 0.615655 latency
        0.207518 skew

rise -> fall
    min     max
0.000000 0.000000 source latency
0.578019         network latency _09892_/CLK
        0.578019 network latency _09892_/CLK
---------------
0.578019 0.578019 latency
        0.000000 skew

fall -> rise
    min     max
0.000000 0.000000 source latency
0.555588         network latency _09892_/CLK
        0.555588 network latency _09892_/CLK
---------------
0.555588 0.555588 latency
        0.000000 skew

fall -> fall
    min     max
0.000000 0.000000 source latency
0.367472         network latency _09806_/CLK
        0.559158 network latency _10682_/CLK
---------------
0.367472 0.559158 latency
        0.191686 skew



===========================================================================
report_clock_min_period
============================================================================
clk period_min = 5.66 fmax = 176.58
