
===========================================================================
 report_power
============================================================================
======================= max_tt_025C_1v80 Corner ===================================

Group                    Internal    Switching      Leakage        Total
                            Power        Power        Power        Power (Watts)
------------------------------------------------------------------------
Sequential           2.602830e-03 4.932842e-05 1.194739e-08 2.652170e-03  54.5%
Combinational        2.027927e-04 5.199109e-04 2.914741e-08 7.227327e-04  14.9%
Clock                4.643376e-04 1.024166e-03 9.968977e-09 1.488513e-03  30.6%
Macro                0.000000e+00 0.000000e+00 0.000000e+00 0.000000e+00   0.0%
Pad                  0.000000e+00 0.000000e+00 0.000000e+00 0.000000e+00   0.0%
------------------------------------------------------------------------
Total                3.269960e-03 1.593405e-03 5.106399e-08 4.863416e-03 100.0%
                            67.2%        32.8%         0.0%

